Microchip MPLAB XC8 Compiler V1.45 ()

Linker command line:

-W-3 --edf=C:\Program Files (x86)\Microchip\xc8\v1.45\dat\en_msgs.txt -cs \
  -h+dist/default/debug\YALA_8bit_API.X.debug.sym \
  --cmf=dist/default/debug\YALA_8bit_API.X.debug.cmf -z -Q16F887 \
  -oC:\Users\CEDRIC\AppData\Local\Temp\su84.2 \
  -Mdist/default/debug/YALA_8bit_API.X.debug.map -E1 -ver=XC8 \
  -ASTACK=0110h-016fh -pstack=STACK -ACODE=00h-07FFhx3,01800h-01EFFh \
  -ASTRCODE=00h-01EFFh -ASTRING=00h-0FFhx31 -ACONST=00h-0FFhx31 \
  -AENTRY=00h-0FFhx31 -ACOMMON=071h-07Fh -ABANK0=020h-06Fh \
  -ABANK1=0A0h-0EFh -ABANK2=0110h-016Fh -ABANK3=0190h-01E4h \
  -ARAM=020h-06Fh,0A0h-0EFh,0110h-016Fh,0190h-01E4h \
  -AABS1=020h-07Fh,0A0h-0EFh,0110h-016Fh,0190h-01EFh -ASFR0=00h-01Fh \
  -ASFR1=080h-09Fh -ASFR2=0100h-010Fh -ASFR3=0180h-018Fh \
  -preset_vec=00h,intentry=04h,init,end_init -ppowerup=CODE -pcinit=CODE \
  -pfunctab=ENTRY -ACONFIG=02007h-02008h -pconfig=CONFIG -DCONFIG=2 \
  -AIDLOC=02000h-02003h -pidloc=IDLOC -DIDLOC=2 -AEEDATA=00h-0FFh/02100h \
  -peeprom_data=EEDATA -DEEDATA=2 -DCODE=2 -DSTRCODE=2 -DSTRING=2 -DCONST=2 \
  -DENTRY=2 -k C:\Users\CEDRIC\AppData\Local\Temp\su84.obj \
  dist/default/debug\YALA_8bit_API.X.debug.obj 

Object code version is 3.11

Machine type is 16F887



                Name                               Link     Load   Length Selector   Space Scale
C:\Users\CEDRIC\AppData\Local\Temp\su84.obj
                end_init                             12       12        3        8       0
                reset_vec                             0        0        4        0       0
                config                             2007     2007        2     400E       0
dist/default/debug\YALA_8bit_API.X.debug.obj
                cinit                               7D0      7D0       30      FA0       0
                intentry                              4        4        E        8       0
                text24                              1C9      1C9       20      392       0
                text23                              11D      11D        A      23A       0
                text22                              1E9      1E9       25      3D2       0
                text21                              4FB      4FB       6E      9F6       0
                text20                              6FD      6FD       D3      DFA       0
                text19                              5D8      5D8       8E      BB0       0
                text18                              1AB      1AB       1E      356       0
                text17                              302      302       45      604       0
                text16                              666      666       97      CCC       0
                text15                              176      176       19      2EC       0
                text14                              114      114        3      228       0
                text13                              15E      15E       18      2BC       0
                text12                              18F      18F       1C      31E       0
                text11                              3DB      3DB       60      7B6       0
                text10                              117      117        6      22E       0
                text9                               43B      43B       60      876       0
                text8                               23C      23C       41      478       0
                text7                               569      569       6F      AD2       0
                text6                               347      347       45      68E       0
                text5                               132      132        C      264       0
                text4                               13E      13E        F      27C       0
                text3                               27D      27D       42      4FA       0
                text2                               20E      20E       2E      41C       0
                text1                               38C      38C       4F      718       0
                maintext                            49B      49B       60      936       0
                cstackBANK0                          20       20       34       20       1
                cstackCOMMON                         77       77        6       71       1
                inittext                            14D      14D       11      29A       0
                dataBANK1                            A0       A0       43       A0       1
                dataBANK0                            61       61        B       20       1
                bssBANK0                             54       54        D       20       1
                bssCOMMON                            71       71        6       71       1
                strings                              15       15       9C       2A       0
                idataBANK1                          2BF      2BF       43      57E       0
                idataBANK0                          127      127        B      24E       0

TOTAL           Name                               Link     Load   Length     Space
        CLASS   STACK          

        CLASS   CODE           
                end_init                             12       12        3         0
                cinit                               7D0      7D0       30         0
                intentry                              4        4        E         0
                reset_vec                             0        0        4         0
                text24                              1C9      1C9       20         0
                text23                              11D      11D        A         0
                text22                              1E9      1E9       25         0
                text21                              4FB      4FB       6E         0
                text20                              6FD      6FD       D3         0
                text19                              5D8      5D8       8E         0
                text18                              1AB      1AB       1E         0
                text17                              302      302       45         0
                text16                              666      666       97         0
                text15                              176      176       19         0
                text14                              114      114        3         0
                text13                              15E      15E       18         0
                text12                              18F      18F       1C         0
                text11                              3DB      3DB       60         0
                text10                              117      117        6         0
                text9                               43B      43B       60         0
                text8                               23C      23C       41         0
                text7                               569      569       6F         0
                text6                               347      347       45         0
                text5                               132      132        C         0
                text4                               13E      13E        F         0
                text3                               27D      27D       42         0
                text2                               20E      20E       2E         0
                text1                               38C      38C       4F         0
                maintext                            49B      49B       60         0
                inittext                            14D      14D       11         0
                idataBANK1                          2BF      2BF       43         0
                idataBANK0                          127      127        B         0

        CLASS   STRCODE        

        CLASS   STRING         
                strings                              15       15       9C         0

        CLASS   CONST          

        CLASS   ENTRY          

        CLASS   COMMON         
                cstackCOMMON                         77       77        6         1
                bssCOMMON                            71       71        6         1

        CLASS   BANK0          
                cstackBANK0                          20       20       34         1
                dataBANK0                            61       61        B         1
                bssBANK0                             54       54        D         1

        CLASS   BANK1          
                dataBANK1                            A0       A0       43         1

        CLASS   BANK2          

        CLASS   BANK3          

        CLASS   RAM            

        CLASS   ABS1           
                abs_s1                               7E       7E        2         1

        CLASS   SFR0           

        CLASS   SFR1           

        CLASS   SFR2           

        CLASS   SFR3           

        CLASS   CONFIG         
                config                             2007     2007        2         0

        CLASS   IDLOC          

        CLASS   EEDATA         



SEGMENTS        Name                           Load    Length   Top    Selector   Space  Class     Delta

                reset_vec                      000000  000004  000004         0       0  CODE        2
                intentry                       000004  000011  000015         8       0  CODE        2
                cstackBANK0                    000020  00004C  00006C        20       1  BANK0       1
                strings                        000015  00009C  0000B1        2A       0  STRING      2
                bssCOMMON                      000071  00000C  00007D        71       1  COMMON      1
                dataBANK1                      0000A0  000043  0000E3        A0       1  BANK1       1
                text14                         000114  000003  000117       228       0  CODE        2
                text10                         000117  000006  00011D       22E       0  CODE        2
                text23                         00011D  00000A  000127       23A       0  CODE        2
                idataBANK0                     000127  00000B  000132       24E       0  CODE        2
                text5                          000132  00000C  00013E       264       0  CODE        2
                text4                          00013E  00000F  00014D       27C       0  CODE        2
                inittext                       00014D  000011  00015E       29A       0  CODE        2
                text13                         00015E  000018  000176       2BC       0  CODE        2
                text15                         000176  000019  00018F       2EC       0  CODE        2
                text12                         00018F  00001C  0001AB       31E       0  CODE        2
                text18                         0001AB  00001E  0001C9       356       0  CODE        2
                text24                         0001C9  000020  0001E9       392       0  CODE        2
                text22                         0001E9  000025  00020E       3D2       0  CODE        2
                text2                          00020E  00002E  00023C       41C       0  CODE        2
                text8                          00023C  000041  00027D       478       0  CODE        2
                text3                          00027D  000042  0002BF       4FA       0  CODE        2
                idataBANK1                     0002BF  000043  000302       57E       0  CODE        2
                text17                         000302  000045  000347       604       0  CODE        2
                text6                          000347  000045  00038C       68E       0  CODE        2
                text1                          00038C  00004F  0003DB       718       0  CODE        2
                text11                         0003DB  000060  00043B       7B6       0  CODE        2
                text9                          00043B  000060  00049B       876       0  CODE        2
                maintext                       00049B  000060  0004FB       936       0  CODE        2
                text21                         0004FB  00006E  000569       9F6       0  CODE        2
                text7                          000569  00006F  0005D8       AD2       0  CODE        2
                text19                         0005D8  00008E  000666       BB0       0  CODE        2
                text16                         000666  000097  0006FD       CCC       0  CODE        2
                text20                         0006FD  0000D3  0007D0       DFA       0  CODE        2
                cinit                          0007D0  000030  000800       FA0       0  CODE        2
                config                         002007  000002  002009      400E       0  CONFIG      2


UNUSED ADDRESS RANGES

        Name                Unused          Largest block    Delta
        BANK0            006C-006F              4           1
        BANK1            00E3-00EF              D           1
        BANK2            0110-016F             60           1
        BANK3            0190-01E4             55           1
        CODE             00B1-0113             63           2
                         0800-1EFF            800
        COMMON           007D-007D              1           1
        CONST            00B1-0113             4F           2
                         0800-1EFF            100
        EEDATA           2100-21FF            100           2
        ENTRY            00B1-0113             4F           2
                         0800-1EFF            100
        IDLOC            2000-2003              4           2
        RAM              006C-006F              4           1
                         00E3-00EF              D
                         0110-016F             60
                         0190-01E4             55
        SFR0             0000-001F             20           1
        SFR1             0080-009F             20           1
        SFR2             0100-010F             10           1
        SFR3             0180-018F             10           1
        STACK            0110-016F             60           1
        STRCODE          00B1-0113             63           2
                         0800-1EFF           1700
        STRING           00B1-0113             4F           2
                         0800-1EFF            100

                                  Symbol Table

?___ftmul                    cstackBANK0  0030
?___ftpack                   cstackBANK0  0020
?___fttol                    cstackBANK0  0040
?___lbtoft                   cstackBANK0  0028
?___lldiv                    cstackBANK0  002D
?___lmul                     cstackBANK0  0020
Lcd_Cmd@a                    cstackBANK0  0023
Lcd_Port@a                   cstackBANK0  0020
PWM_DutyCycle@iDutyCycle     cstackBANK0  003B
PWM_Init@iFrequency          cstackBANK0  003B
SPI_MasterTransmit@iData     cstackBANK0  0020
UART_Init@baudRate           cstackBANK0  003B
_ADCON0bits                  (abs)        001F
_ADCON1bits                  (abs)        009F
_ADC_Init                    text15       0176
_ADRESH                      (abs)        001E
_ADRESL                      (abs)        009E
_ANSELH                      (abs)        0189
_ANSELbits                   (abs)        0188
_BAUDCTLbits                 (abs)        0187
_CCP1CONbits                 (abs)        0017
_CCPR1L                      (abs)        0015
_CM2CON0bits                 (abs)        0108
_EEADR                       (abs)        010D
_EECON1bits                  (abs)        018C
_EECON2                      (abs)        018D
_EEDATA                      (abs)        010C
_GO_DONE                     (abs)        00F9
_INTCONbits                  (abs)        000B
_ISR                         text24       01C9
_Interrupt_Init              text14       0114
_Lcd_Cmd                     text12       018F
_Lcd_Init                    text11       03DB
_Lcd_Port                    text13       015E
_OPTION_REGbits              (abs)        0081
_OSCCON                      (abs)        008F
_OSCTUNE                     (abs)        0090
_Oscillator_Init             text10       0117
_PIR1bits                    (abs)        000C
_PORTA                       (abs)        0005
_PORTAbits                   (abs)        0005
_PORTB                       (abs)        0006
_PORTBbits                   (abs)        0006
_PORTC                       (abs)        0007
_PORTD                       (abs)        0008
_PORTE                       (abs)        0009
_PR2                         (abs)        0092
_PWM_DutyCycle               text7        0569
_PWM_Init                    text6        0347
_RCREG                       (abs)        001A
_RCSTAbits                   (abs)        0018
_SPBRG                       (abs)        0099
_SPI_Init                    text5        0132
_SPI_MasterTransmit          text23       011D
_SSPBUF                      (abs)        0013
_SSPCONbits                  (abs)        0014
_SSPSTATbits                 (abs)        0094
_T2CONbits                   (abs)        0012
_TMR0                        (abs)        0001
_TMR0_Init                   text4        013E
_TRISAbits                   (abs)        0085
_TRISB                       (abs)        0086
_TRISBbits                   (abs)        0086
_TRISCbits                   (abs)        0087
_TRISD                       (abs)        0088
_TXREG                       (abs)        0019
_TXSTAbits                   (abs)        0098
_UART_Init                   text3        027D
__CFG_BOR4V$BOR40V           (abs)        0000
__CFG_BOREN$OFF              (abs)        0000
__CFG_CP$OFF                 (abs)        0000
__CFG_CPD$OFF                (abs)        0000
__CFG_FCMEN$OFF              (abs)        0000
__CFG_FOSC$HS                (abs)        0000
__CFG_IESO$OFF               (abs)        0000
__CFG_LVP$OFF                (abs)        0000
__CFG_MCLRE$ON               (abs)        0000
__CFG_PWRTE$OFF              (abs)        0000
__CFG_WDTE$OFF               (abs)        0000
__CFG_WRT$OFF                (abs)        0000
__Habs1                      abs1         0000
__Hbank0                     bank0        0000
__Hbank1                     bank1        0000
__Hbank2                     bank2        0000
__Hbank3                     bank3        0000
__HbssBANK0                  bssBANK0     0000
__HbssCOMMON                 bssCOMMON    0000
__Hcinit                     cinit        0800
__Hclrtext                   clrtext      0000
__Hcode                      code         0000
__Hcommon                    common       0000
__Hconfig                    config       2009
__HcstackBANK0               cstackBANK0  0000
__HcstackCOMMON              cstackCOMMON 0000
__HdataBANK0                 dataBANK0    0000
__HdataBANK1                 dataBANK1    0000
__Heeprom_data               eeprom_data  0000
__Hend_init                  end_init     0015
__Hfunctab                   functab      0000
__HidataBANK0                idataBANK0   0000
__HidataBANK1                idataBANK1   0000
__Hidloc                     idloc        0000
__Hinit                      init         0012
__Hinittext                  inittext     0000
__Hintentry                  intentry     0012
__Hmaintext                  maintext     0000
__Hpowerup                   powerup      0000
__Hram                       ram          0000
__Hreset_vec                 reset_vec    0004
__Hsfr0                      sfr0         0000
__Hsfr1                      sfr1         0000
__Hsfr2                      sfr2         0000
__Hsfr3                      sfr3         0000
__Hspace_0                   (abs)        2009
__Hspace_1                   (abs)        00E3
__Hspace_2                   (abs)        0000
__Hspace_3                   (abs)        0000
__Hstack                     stack        0000
__Hstrings                   strings      0000
__Htext                      text         0000
__Labs1                      abs1         0000
__Lbank0                     bank0        0000
__Lbank1                     bank1        0000
__Lbank2                     bank2        0000
__Lbank3                     bank3        0000
__LbssBANK0                  bssBANK0     0000
__LbssCOMMON                 bssCOMMON    0000
__Lcinit                     cinit        07D0
__Lclrtext                   clrtext      0000
__Lcode                      code         0000
__Lcommon                    common       0000
__Lconfig                    config       2007
__LcstackBANK0               cstackBANK0  0000
__LcstackCOMMON              cstackCOMMON 0000
__LdataBANK0                 dataBANK0    0000
__LdataBANK1                 dataBANK1    0000
__Leeprom_data               eeprom_data  0000
__Lend_init                  end_init     0012
__Lfunctab                   functab      0000
__LidataBANK0                idataBANK0   0000
__LidataBANK1                idataBANK1   0000
__Lidloc                     idloc        0000
__Linit                      init         0012
__Linittext                  inittext     0000
__Lintentry                  intentry     0004
__Lmaintext                  maintext     0000
__Lpowerup                   powerup      0000
__Lram                       ram          0000
__Lreset_vec                 reset_vec    0000
__Lsfr0                      sfr0         0000
__Lsfr1                      sfr1         0000
__Lsfr2                      sfr2         0000
__Lsfr3                      sfr3         0000
__Lspace_0                   (abs)        0000
__Lspace_1                   (abs)        0000
__Lspace_2                   (abs)        0000
__Lspace_3                   (abs)        0000
__Lstack                     stack        0000
__Lstrings                   strings      0000
__Ltext                      text         0000
__S0                         (abs)        2009
__S1                         (abs)        00E3
__S2                         (abs)        0000
__S3                         (abs)        0000
___ftmul                     text20       06FD
___ftmul@cntr                cstackBANK0  003E
___ftmul@exp                 cstackBANK0  003A
___ftmul@f1                  cstackBANK0  0030
___ftmul@f2                  cstackBANK0  0033
___ftmul@f3_as_product       cstackBANK0  003B
___ftmul@sign                cstackBANK0  003F
___ftpack                    text21       04FB
___ftpack@arg                cstackBANK0  0020
___ftpack@exp                cstackBANK0  0023
___ftpack@sign               cstackBANK0  0024
___fttol                     text19       05D8
___fttol@exp1                cstackBANK0  004D
___fttol@f1                  cstackBANK0  0040
___fttol@lval                cstackBANK0  0049
___fttol@sign1               cstackBANK0  0048
___int_sp                    stack        0000
___latbits                   (abs)        0002
___lbtoft                    text18       01AB
___lbtoft@c                  cstackBANK0  002F
___lldiv                     text9        043B
___lldiv@counter             cstackBANK0  003A
___lldiv@dividend            cstackBANK0  0031
___lldiv@divisor             cstackBANK0  002D
___lldiv@quotient            cstackBANK0  0036
___lmul                      text8        023C
___lmul@multiplicand         cstackBANK0  0024
___lmul@multiplier           cstackBANK0  0020
___lmul@product              cstackBANK0  0029
___sp                        stack        0000
__end_of_ADC_Init            text15       018F
__end_of_ISR                 text24       01E9
__end_of_Interrupt_Init      text14       0117
__end_of_Lcd_Cmd             text12       01AB
__end_of_Lcd_Init            text11       043B
__end_of_Lcd_Port            text13       0176
__end_of_Oscillator_Init     text10       011D
__end_of_PWM_DutyCycle       text7        05D8
__end_of_PWM_Init            text6        038C
__end_of_SPI_Init            text5        013E
__end_of_SPI_MasterTransmit  text23       0127
__end_of_TMR0_Init           text4        014D
__end_of_UART_Init           text3        02BF
__end_of___ftmul             text20       07D0
__end_of___ftpack            text21       0569
__end_of___fttol             text19       0666
__end_of___lbtoft            text18       01C9
__end_of___lldiv             text9        049B
__end_of___lmul              text8        027D
__end_of__initialization     cinit        07FC
__end_of__npowers_           strings      009B
__end_of__powers_            strings      0074
__end_of__stringtab          strings      0025
__end_of_dpowers             strings      004D
__end_of_eeprom_Read         text22       020E
__end_of_eeprom_Write        text17       0347
__end_of_led_Demo            text16       06FD
__end_of_main                maintext     04FB
__end_of_pinManager          text2        023C
__end_of_system_Initialize   text1        03DB
__initialization             cinit        07D0
__npowers_                   strings      0074
__pbssBANK0                  bssBANK0     0054
__pbssCOMMON                 bssCOMMON    0071
__pcstackBANK0               cstackBANK0  0020
__pcstackCOMMON              cstackCOMMON 0077
__pdataBANK0                 dataBANK0    0061
__pdataBANK1                 dataBANK1    00A0
__pidataBANK0                idataBANK0   0127
__pidataBANK1                idataBANK1   02BF
__pintentry                  intentry     0004
__pmaintext                  maintext     049B
__powers_                    strings      004D
__pstrings                   strings      0015
__ptext1                     text1        038C
__ptext10                    text10       0117
__ptext11                    text11       03DB
__ptext12                    text12       018F
__ptext13                    text13       015E
__ptext14                    text14       0114
__ptext15                    text15       0176
__ptext16                    text16       0666
__ptext17                    text17       0302
__ptext18                    text18       01AB
__ptext19                    text19       05D8
__ptext2                     text2        020E
__ptext20                    text20       06FD
__ptext21                    text21       04FB
__ptext22                    text22       01E9
__ptext23                    text23       011D
__ptext24                    text24       01C9
__ptext3                     text3        027D
__ptext4                     text4        013E
__ptext5                     text5        0132
__ptext6                     text6        0347
__ptext7                     text7        0569
__ptext8                     text8        023C
__ptext9                     text9        043B
__size_of_ADC_Init           (abs)        0000
__size_of_ISR                (abs)        0000
__size_of_Interrupt_Init     (abs)        0000
__size_of_Lcd_Cmd            (abs)        0000
__size_of_Lcd_Init           (abs)        0000
__size_of_Lcd_Port           (abs)        0000
__size_of_Oscillator_Init    (abs)        0000
__size_of_PWM_DutyCycle      (abs)        0000
__size_of_PWM_Init           (abs)        0000
__size_of_SPI_Init           (abs)        0000
__size_of_SPI_MasterTransmit (abs)        0000
__size_of_TMR0_Init          (abs)        0000
__size_of_UART_Init          (abs)        0000
__size_of___ftmul            (abs)        0000
__size_of___ftpack           (abs)        0000
__size_of___fttol            (abs)        0000
__size_of___lbtoft           (abs)        0000
__size_of___lldiv            (abs)        0000
__size_of___lmul             (abs)        0000
__size_of_eeprom_Read        (abs)        0000
__size_of_eeprom_Write       (abs)        0000
__size_of_led_Demo           (abs)        0000
__size_of_main               (abs)        0000
__size_of_pinManager         (abs)        0000
__size_of_system_Initialize  (abs)        0000
__stringbase                 strings      0024
__stringtab                  strings      0015
_adc                         bssBANK0     0057
_dataBuffer                  bssCOMMON    0076
_data_TransferComplete       bssCOMMON    0075
_dpowers                     strings      0025
_eeprom_Read                 text22       01E9
_eeprom_Write                text17       0302
_g_state                     bssBANK0     0059
_increaseTime_Enabled        bssBANK0     005A
_led_Demo                    text16       0666
_main                        maintext     049B
_pinManager                  text2        020E
_sTemperature                bssBANK0     005C
_shift                       dataBANK0    006B
_shitf_Speed                 bssBANK0     005B
_system_Initialize           text1        038C
_temperature                 bssBANK0     0054
btemp                        (abs)        007E
eeprom_Read@dataRead         cstackBANK0  0023
eeprom_Read@iAddress         cstackBANK0  0022
eeprom_Write@iAddress        cstackBANK0  0021
eeprom_Write@iData           cstackBANK0  0024
end_of_initialization        cinit        07FC
init_fetch0                  inittext     014D
init_ram0                    inittext     0151
interrupt_function           intentry     0004
intlevel0                    functab      0000
intlevel1                    functab      0000
intlevel2                    functab      0000
intlevel3                    functab      0000
intlevel4                    functab      0000
intlevel5                    functab      0000
led_Demo@speed               cstackBANK0  0052
reset_vec                    reset_vec    0000
saved_w                      (abs)        007E
stackhi                      (abs)        0000
stacklo                      (abs)        0000
start                        init         0012
start_initialization         cinit        07D0
wtemp0                       (abs)        007E


FUNCTION INFORMATION:

 *************** function _main *****************
 Defined at:
		line 14 in file "main.c"
 Parameters:    Size  Location     Type
		None
 Auto vars:     Size  Location     Type
		None
 Return value:  Size  Location     Type
                  2  116[None  ] int 
 Registers used:
		wreg, fsr0l, fsr0h, status,2, status,0, pclath, cstack
 Tracked objects:
		On entry : 
		On exit  : 
		Unchanged: 
 Data sizes:     COMMON   BANK0   BANK1   BANK3   BANK2
      Params:         0       0       0       0       0
      Locals:         0       0       0       0       0
      Temps:          0       1       0       0       0
      Totals:         0       1       0       0       0
Total ram usage:        1 bytes
 Hardware stack levels required when called:    5
 This function calls:
		_eeprom_Read
		_eeprom_Write
		_led_Demo
		_system_Initialize
 This function is called by:
		Startup code after reset
 This function uses a non-reentrant model


 *************** function _system_Initialize *****************
 Defined at:
		line 10 in file "SYST_Init.c"
 Parameters:    Size  Location     Type
		None
 Auto vars:     Size  Location     Type
		None
 Return value:  Size  Location     Type
                  1    wreg      void 
 Registers used:
		wreg, status,2, status,0, pclath, cstack
 Tracked objects:
		On entry : 
		On exit  : 
		Unchanged: 
 Data sizes:     COMMON   BANK0   BANK1   BANK3   BANK2
      Params:         0       0       0       0       0
      Locals:         0       0       0       0       0
      Temps:          0       0       0       0       0
      Totals:         0       0       0       0       0
Total ram usage:        0 bytes
 Hardware stack levels used:    1
 Hardware stack levels required when called:    4
 This function calls:
		_ADC_Init
		_Interrupt_Init
		_Lcd_Init
		_Oscillator_Init
		_PWM_DutyCycle
		_PWM_Init
		_SPI_Init
		_TMR0_Init
		_UART_Init
		_pinManager
 This function is called by:
		_main
 This function uses a non-reentrant model


 *************** function _pinManager *****************
 Defined at:
		line 19 in file "pin_Manager.c"
 Parameters:    Size  Location     Type
		None
 Auto vars:     Size  Location     Type
		None
 Return value:  Size  Location     Type
                  1    wreg      void 
 Registers used:
		status,2
 Tracked objects:
		On entry : 
		On exit  : 
		Unchanged: 
 Data sizes:     COMMON   BANK0   BANK1   BANK3   BANK2
      Params:         0       0       0       0       0
      Locals:         0       0       0       0       0
      Temps:          0       0       0       0       0
      Totals:         0       0       0       0       0
Total ram usage:        0 bytes
 Hardware stack levels used:    1
 Hardware stack levels required when called:    1
 This function calls:
		Nothing
 This function is called by:
		_system_Initialize
 This function uses a non-reentrant model


 *************** function _UART_Init *****************
 Defined at:
		line 10 in file "uart_Init.c"
 Parameters:    Size  Location     Type
  baudRate        4   27[BANK0 ] unsigned long 
 Auto vars:     Size  Location     Type
		None
 Return value:  Size  Location     Type
                  1    wreg      void 
 Registers used:
		wreg, status,2, status,0, pclath, cstack
 Tracked objects:
		On entry : 
		On exit  : 
		Unchanged: 
 Data sizes:     COMMON   BANK0   BANK1   BANK3   BANK2
      Params:         0       4       0       0       0
      Locals:         0       0       0       0       0
      Temps:          0       4       0       0       0
      Totals:         0       8       0       0       0
Total ram usage:        8 bytes
 Hardware stack levels used:    1
 Hardware stack levels required when called:    2
 This function calls:
		___lldiv
 This function is called by:
		_system_Initialize
 This function uses a non-reentrant model


 *************** function _TMR0_Init *****************
 Defined at:
		line 19 in file "timer_Init.c"
 Parameters:    Size  Location     Type
		None
 Auto vars:     Size  Location     Type
		None
 Return value:  Size  Location     Type
                  1    wreg      void 
 Registers used:
		wreg, status,2, status,0
 Tracked objects:
		On entry : 
		On exit  : 
		Unchanged: 
 Data sizes:     COMMON   BANK0   BANK1   BANK3   BANK2
      Params:         0       0       0       0       0
      Locals:         0       0       0       0       0
      Temps:          0       0       0       0       0
      Totals:         0       0       0       0       0
Total ram usage:        0 bytes
 Hardware stack levels used:    1
 Hardware stack levels required when called:    1
 This function calls:
		Nothing
 This function is called by:
		_system_Initialize
 This function uses a non-reentrant model


 *************** function _SPI_Init *****************
 Defined at:
		line 10 in file "spi_Init.c"
 Parameters:    Size  Location     Type
		None
 Auto vars:     Size  Location     Type
		None
 Return value:  Size  Location     Type
                  1    wreg      void 
 Registers used:
		wreg, status,2, status,0
 Tracked objects:
		On entry : 
		On exit  : 
		Unchanged: 
 Data sizes:     COMMON   BANK0   BANK1   BANK3   BANK2
      Params:         0       0       0       0       0
      Locals:         0       0       0       0       0
      Temps:          0       0       0       0       0
      Totals:         0       0       0       0       0
Total ram usage:        0 bytes
 Hardware stack levels used:    1
 Hardware stack levels required when called:    1
 This function calls:
		Nothing
 This function is called by:
		_system_Initialize
 This function uses a non-reentrant model


 *************** function _PWM_Init *****************
 Defined at:
		line 14 in file "pwm_Init.c"
 Parameters:    Size  Location     Type
  iFrequency      4   27[BANK0 ] unsigned long 
 Auto vars:     Size  Location     Type
		None
 Return value:  Size  Location     Type
                  1    wreg      void 
 Registers used:
		wreg, status,2, status,0, pclath, cstack
 Tracked objects:
		On entry : 
		On exit  : 
		Unchanged: 
 Data sizes:     COMMON   BANK0   BANK1   BANK3   BANK2
      Params:         0       4       0       0       0
      Locals:         0       0       0       0       0
      Temps:          0       4       0       0       0
      Totals:         0       8       0       0       0
Total ram usage:        8 bytes
 Hardware stack levels used:    1
 Hardware stack levels required when called:    2
 This function calls:
		___lldiv
 This function is called by:
		_system_Initialize
 This function uses a non-reentrant model


 *************** function _PWM_DutyCycle *****************
 Defined at:
		line 30 in file "pwm_Init.c"
 Parameters:    Size  Location     Type
  iDutyCycle      4   27[BANK0 ] unsigned long 
 Auto vars:     Size  Location     Type
		None
 Return value:  Size  Location     Type
                  1    wreg      void 
 Registers used:
		wreg, status,2, status,0, pclath, cstack
 Tracked objects:
		On entry : 
		On exit  : 
		Unchanged: 
 Data sizes:     COMMON   BANK0   BANK1   BANK3   BANK2
      Params:         0       4       0       0       0
      Locals:         0       0       0       0       0
      Temps:          0       4       0       0       0
      Totals:         0       8       0       0       0
Total ram usage:        8 bytes
 Hardware stack levels used:    1
 Hardware stack levels required when called:    2
 This function calls:
		___lldiv
		___lmul
 This function is called by:
		_system_Initialize
 This function uses a non-reentrant model


 *************** function ___lmul *****************
 Defined at:
		line 15 in file "C:\Program Files (x86)\Microchip\xc8\v1.45\sources\common\Umul32.c"
 Parameters:    Size  Location     Type
  multiplier      4    0[BANK0 ] unsigned long 
  multiplicand    4    4[BANK0 ] unsigned long 
 Auto vars:     Size  Location     Type
  product         4    9[BANK0 ] unsigned long 
 Return value:  Size  Location     Type
                  4    0[BANK0 ] unsigned long 
 Registers used:
		wreg, status,2, status,0
 Tracked objects:
		On entry : 
		On exit  : 
		Unchanged: 
 Data sizes:     COMMON   BANK0   BANK1   BANK3   BANK2
      Params:         0       8       0       0       0
      Locals:         0       4       0       0       0
      Temps:          0       1       0       0       0
      Totals:         0      13       0       0       0
Total ram usage:       13 bytes
 Hardware stack levels used:    1
 Hardware stack levels required when called:    1
 This function calls:
		Nothing
 This function is called by:
		_PWM_DutyCycle
 This function uses a non-reentrant model


 *************** function ___lldiv *****************
 Defined at:
		line 6 in file "C:\Program Files (x86)\Microchip\xc8\v1.45\sources\common\lldiv.c"
 Parameters:    Size  Location     Type
  divisor         4   13[BANK0 ] unsigned long 
  dividend        4   17[BANK0 ] unsigned long 
 Auto vars:     Size  Location     Type
  quotient        4   22[BANK0 ] unsigned long 
  counter         1   26[BANK0 ] unsigned char 
 Return value:  Size  Location     Type
                  4   13[BANK0 ] unsigned long 
 Registers used:
		wreg, status,2, status,0
 Tracked objects:
		On entry : 
		On exit  : 
		Unchanged: 
 Data sizes:     COMMON   BANK0   BANK1   BANK3   BANK2
      Params:         0       8       0       0       0
      Locals:         0       5       0       0       0
      Temps:          0       1       0       0       0
      Totals:         0      14       0       0       0
Total ram usage:       14 bytes
 Hardware stack levels used:    1
 Hardware stack levels required when called:    1
 This function calls:
		Nothing
 This function is called by:
		_PWM_Init
		_PWM_DutyCycle
		_UART_Init
		_sprintf
 This function uses a non-reentrant model


 *************** function _Oscillator_Init *****************
 Defined at:
		line 23 in file "SYST_Init.c"
 Parameters:    Size  Location     Type
		None
 Auto vars:     Size  Location     Type
		None
 Return value:  Size  Location     Type
                  1    wreg      void 
 Registers used:
		wreg, status,2
 Tracked objects:
		On entry : 
		On exit  : 
		Unchanged: 
 Data sizes:     COMMON   BANK0   BANK1   BANK3   BANK2
      Params:         0       0       0       0       0
      Locals:         0       0       0       0       0
      Temps:          0       0       0       0       0
      Totals:         0       0       0       0       0
Total ram usage:        0 bytes
 Hardware stack levels used:    1
 Hardware stack levels required when called:    1
 This function calls:
		Nothing
 This function is called by:
		_system_Initialize
 This function uses a non-reentrant model


 *************** function _Lcd_Init *****************
 Defined at:
		line 62 in file "lcd_Config.c"
 Parameters:    Size  Location     Type
		None
 Auto vars:     Size  Location     Type
		None
 Return value:  Size  Location     Type
                  1    wreg      void 
 Registers used:
		wreg, status,2, status,0, pclath, cstack
 Tracked objects:
		On entry : 
		On exit  : 
		Unchanged: 
 Data sizes:     COMMON   BANK0   BANK1   BANK3   BANK2
      Params:         0       0       0       0       0
      Locals:         0       0       0       0       0
      Temps:          0       2       0       0       0
      Totals:         0       2       0       0       0
Total ram usage:        2 bytes
 Hardware stack levels used:    1
 Hardware stack levels required when called:    3
 This function calls:
		_Lcd_Cmd
		_Lcd_Port
 This function is called by:
		_system_Initialize
 This function uses a non-reentrant model


 *************** function _Lcd_Cmd *****************
 Defined at:
		line 32 in file "lcd_Config.c"
 Parameters:    Size  Location     Type
  a               1    wreg     unsigned char 
 Auto vars:     Size  Location     Type
  a               1    3[BANK0 ] unsigned char 
 Return value:  Size  Location     Type
                  1    wreg      void 
 Registers used:
		wreg, status,2, status,0, pclath, cstack
 Tracked objects:
		On entry : 
		On exit  : 
		Unchanged: 
 Data sizes:     COMMON   BANK0   BANK1   BANK3   BANK2
      Params:         0       0       0       0       0
      Locals:         0       1       0       0       0
      Temps:          0       2       0       0       0
      Totals:         0       3       0       0       0
Total ram usage:        3 bytes
 Hardware stack levels used:    1
 Hardware stack levels required when called:    2
 This function calls:
		_Lcd_Port
 This function is called by:
		_Lcd_Init
		_Lcd_Clear
		_Lcd_Set_Cursor
		_Lcd_Shift_Right
		_Lcd_Shift_Left
 This function uses a non-reentrant model


 *************** function _Lcd_Port *****************
 Defined at:
		line 10 in file "lcd_Config.c"
 Parameters:    Size  Location     Type
  a               1    wreg     unsigned char 
 Auto vars:     Size  Location     Type
  a               1    0[BANK0 ] unsigned char 
 Return value:  Size  Location     Type
                  1    wreg      void 
 Registers used:
		wreg
 Tracked objects:
		On entry : 
		On exit  : 
		Unchanged: 
 Data sizes:     COMMON   BANK0   BANK1   BANK3   BANK2
      Params:         0       0       0       0       0
      Locals:         0       1       0       0       0
      Temps:          0       0       0       0       0
      Totals:         0       1       0       0       0
Total ram usage:        1 bytes
 Hardware stack levels used:    1
 Hardware stack levels required when called:    1
 This function calls:
		Nothing
 This function is called by:
		_Lcd_Cmd
		_Lcd_Init
		_Lcd_Write_Char
 This function uses a non-reentrant model


 *************** function _Interrupt_Init *****************
 Defined at:
		line 10 in file "interrupt_Init.c"
 Parameters:    Size  Location     Type
		None
 Auto vars:     Size  Location     Type
		None
 Return value:  Size  Location     Type
                  1    wreg      void 
 Registers used:
		None
 Tracked objects:
		On entry : 
		On exit  : 
		Unchanged: 
 Data sizes:     COMMON   BANK0   BANK1   BANK3   BANK2
      Params:         0       0       0       0       0
      Locals:         0       0       0       0       0
      Temps:          0       0       0       0       0
      Totals:         0       0       0       0       0
Total ram usage:        0 bytes
 Hardware stack levels used:    1
 Hardware stack levels required when called:    1
 This function calls:
		Nothing
 This function is called by:
		_system_Initialize
 This function uses a non-reentrant model


 *************** function _ADC_Init *****************
 Defined at:
		line 13 in file "adc_Init.c"
 Parameters:    Size  Location     Type
		None
 Auto vars:     Size  Location     Type
		None
 Return value:  Size  Location     Type
                  1    wreg      void 
 Registers used:
		wreg, status,2, status,0
 Tracked objects:
		On entry : 
		On exit  : 
		Unchanged: 
 Data sizes:     COMMON   BANK0   BANK1   BANK3   BANK2
      Params:         0       0       0       0       0
      Locals:         0       0       0       0       0
      Temps:          0       0       0       0       0
      Totals:         0       0       0       0       0
Total ram usage:        0 bytes
 Hardware stack levels used:    1
 Hardware stack levels required when called:    1
 This function calls:
		Nothing
 This function is called by:
		_system_Initialize
 This function uses a non-reentrant model


 *************** function _led_Demo *****************
 Defined at:
		line 51 in file "main.c"
 Parameters:    Size  Location     Type
  speed           1    wreg     unsigned char 
 Auto vars:     Size  Location     Type
  speed           1   50[BANK0 ] unsigned char 
 Return value:  Size  Location     Type
                  1    wreg      void 
 Registers used:
		wreg, status,2, status,0, pclath, cstack
 Tracked objects:
		On entry : 
		On exit  : 
		Unchanged: 
 Data sizes:     COMMON   BANK0   BANK1   BANK3   BANK2
      Params:         0       0       0       0       0
      Locals:         0       1       0       0       0
      Temps:          0       4       0       0       0
      Totals:         0       5       0       0       0
Total ram usage:        5 bytes
 Hardware stack levels used:    1
 Hardware stack levels required when called:    3
 This function calls:
		___ftmul
		___fttol
		___lbtoft
		_eeprom_Write
 This function is called by:
		_main
 This function uses a non-reentrant model


 *************** function _eeprom_Write *****************
 Defined at:
		line 10 in file "_25LC160B_EEPROM.c"
 Parameters:    Size  Location     Type
  iData           1    wreg     unsigned char 
  iAddress        1    1[BANK0 ] unsigned char 
 Auto vars:     Size  Location     Type
  iData           1    4[BANK0 ] unsigned char 
 Return value:  Size  Location     Type
                  1    wreg      void 
 Registers used:
		wreg, status,2, status,0, pclath, cstack
 Tracked objects:
		On entry : 
		On exit  : 
		Unchanged: 
 Data sizes:     COMMON   BANK0   BANK1   BANK3   BANK2
      Params:         0       1       0       0       0
      Locals:         0       1       0       0       0
      Temps:          0       2       0       0       0
      Totals:         0       4       0       0       0
Total ram usage:        4 bytes
 Hardware stack levels used:    1
 Hardware stack levels required when called:    2
 This function calls:
		_SPI_MasterTransmit
 This function is called by:
		_main
		_led_Demo
 This function uses a non-reentrant model


 *************** function ___lbtoft *****************
 Defined at:
		line 27 in file "C:\Program Files (x86)\Microchip\xc8\v1.45\sources\common\lbtoft.c"
 Parameters:    Size  Location     Type
  c               1    wreg     unsigned char 
 Auto vars:     Size  Location     Type
  c               1   15[BANK0 ] unsigned char 
 Return value:  Size  Location     Type
                  3    8[BANK0 ] float 
 Registers used:
		wreg, status,2, status,0, pclath, cstack
 Tracked objects:
		On entry : 
		On exit  : 
		Unchanged: 
 Data sizes:     COMMON   BANK0   BANK1   BANK3   BANK2
      Params:         0       3       0       0       0
      Locals:         0       1       0       0       0
      Temps:          0       4       0       0       0
      Totals:         0       8       0       0       0
Total ram usage:        8 bytes
 Hardware stack levels used:    1
 Hardware stack levels required when called:    2
 This function calls:
		___ftpack
 This function is called by:
		_led_Demo
		_temp_Measurement
 This function uses a non-reentrant model


 *************** function ___fttol *****************
 Defined at:
		line 44 in file "C:\Program Files (x86)\Microchip\xc8\v1.45\sources\common\fttol.c"
 Parameters:    Size  Location     Type
  f1              3   32[BANK0 ] float 
 Auto vars:     Size  Location     Type
  lval            4   41[BANK0 ] unsigned long 
  exp1            1   45[BANK0 ] unsigned char 
  sign1           1   40[BANK0 ] unsigned char 
 Return value:  Size  Location     Type
                  4   32[BANK0 ] long 
 Registers used:
		wreg, status,2, status,0
 Tracked objects:
		On entry : 
		On exit  : 
		Unchanged: 
 Data sizes:     COMMON   BANK0   BANK1   BANK3   BANK2
      Params:         0       4       0       0       0
      Locals:         0       6       0       0       0
      Temps:          0       4       0       0       0
      Totals:         0      14       0       0       0
Total ram usage:       14 bytes
 Hardware stack levels used:    1
 Hardware stack levels required when called:    1
 This function calls:
		Nothing
 This function is called by:
		_led_Demo
		_sprintf
 This function uses a non-reentrant model


 *************** function ___ftmul *****************
 Defined at:
		line 62 in file "C:\Program Files (x86)\Microchip\xc8\v1.45\sources\common\ftmul.c"
 Parameters:    Size  Location     Type
  f1              3   16[BANK0 ] float 
  f2              3   19[BANK0 ] float 
 Auto vars:     Size  Location     Type
  f3_as_produc    3   27[BANK0 ] unsigned um
  sign            1   31[BANK0 ] unsigned char 
  cntr            1   30[BANK0 ] unsigned char 
  exp             1   26[BANK0 ] unsigned char 
 Return value:  Size  Location     Type
                  3   16[BANK0 ] float 
 Registers used:
		wreg, status,2, status,0, pclath, cstack
 Tracked objects:
		On entry : 
		On exit  : 
		Unchanged: 
 Data sizes:     COMMON   BANK0   BANK1   BANK3   BANK2
      Params:         0       6       0       0       0
      Locals:         0       6       0       0       0
      Temps:          0       4       0       0       0
      Totals:         0      16       0       0       0
Total ram usage:       16 bytes
 Hardware stack levels used:    1
 Hardware stack levels required when called:    2
 This function calls:
		___ftpack
 This function is called by:
		_led_Demo
		_temp_Measurement
		_sprintf
		_scale
		_fround
 This function uses a non-reentrant model


 *************** function ___ftpack *****************
 Defined at:
		line 62 in file "C:\Program Files (x86)\Microchip\xc8\v1.45\sources\common\float.c"
 Parameters:    Size  Location     Type
  arg             3    0[BANK0 ] unsigned um
  exp             1    3[BANK0 ] unsigned char 
  sign            1    4[BANK0 ] unsigned char 
 Auto vars:     Size  Location     Type
		None
 Return value:  Size  Location     Type
                  3    0[BANK0 ] float 
 Registers used:
		wreg, status,2, status,0
 Tracked objects:
		On entry : 
		On exit  : 
		Unchanged: 
 Data sizes:     COMMON   BANK0   BANK1   BANK3   BANK2
      Params:         0       5       0       0       0
      Locals:         0       0       0       0       0
      Temps:          0       3       0       0       0
      Totals:         0       8       0       0       0
Total ram usage:        8 bytes
 Hardware stack levels used:    1
 Hardware stack levels required when called:    1
 This function calls:
		Nothing
 This function is called by:
		___ftmul
		___lbtoft
		___lltoft
		___ftadd
		___ftdiv
 This function uses a non-reentrant model


 *************** function _eeprom_Read *****************
 Defined at:
		line 33 in file "_25LC160B_EEPROM.c"
 Parameters:    Size  Location     Type
  iAddress        1    wreg     unsigned char 
 Auto vars:     Size  Location     Type
  iAddress        1    2[BANK0 ] unsigned char 
  dataRead        1    3[BANK0 ] unsigned char 
 Return value:  Size  Location     Type
                  1    wreg      unsigned char 
 Registers used:
		wreg, status,2, status,0, pclath, cstack
 Tracked objects:
		On entry : 
		On exit  : 
		Unchanged: 
 Data sizes:     COMMON   BANK0   BANK1   BANK3   BANK2
      Params:         0       0       0       0       0
      Locals:         0       2       0       0       0
      Temps:          0       1       0       0       0
      Totals:         0       3       0       0       0
Total ram usage:        3 bytes
 Hardware stack levels used:    1
 Hardware stack levels required when called:    2
 This function calls:
		_SPI_MasterTransmit
 This function is called by:
		_main
		_eeprom_Read_String
 This function uses a non-reentrant model


 *************** function _SPI_MasterTransmit *****************
 Defined at:
		line 21 in file "spi_Init.c"
 Parameters:    Size  Location     Type
  iData           1    wreg     unsigned char 
 Auto vars:     Size  Location     Type
  iData           1    0[BANK0 ] unsigned char 
 Return value:  Size  Location     Type
                  1    wreg      void 
 Registers used:
		wreg
 Tracked objects:
		On entry : 
		On exit  : 
		Unchanged: 
 Data sizes:     COMMON   BANK0   BANK1   BANK3   BANK2
      Params:         0       0       0       0       0
      Locals:         0       1       0       0       0
      Temps:          0       0       0       0       0
      Totals:         0       1       0       0       0
Total ram usage:        1 bytes
 Hardware stack levels used:    1
 Hardware stack levels required when called:    1
 This function calls:
		Nothing
 This function is called by:
		_eeprom_Write
		_eeprom_Read
 This function uses a non-reentrant model


 *************** function _ISR *****************
 Defined at:
		line 25 in file "interrupt_Init.c"
 Parameters:    Size  Location     Type
		None
 Auto vars:     Size  Location     Type
		None
 Return value:  Size  Location     Type
                  1    wreg      void 
 Registers used:
		wreg
 Tracked objects:
		On entry : 
		On exit  : 
		Unchanged: 
 Data sizes:     COMMON   BANK0   BANK1   BANK3   BANK2
      Params:         0       0       0       0       0
      Locals:         0       0       0       0       0
      Temps:          6       0       0       0       0
      Totals:         6       0       0       0       0
Total ram usage:        6 bytes
 Hardware stack levels used:    1
 This function calls:
		Nothing
 This function is called by:
		Interrupt level 1
 This function uses a non-reentrant model



MODULE INFORMATION

Module		Function		Class		Link	Load	Size
pin_Manager.c
		_pinManager    		CODE           	020E	0000	47

pin_Manager.c estimated size: 47

spi_Init.c
		_SPI_MasterTransmit		CODE           	011D	0000	11
		_SPI_Init      		CODE           	0132	0000	13

spi_Init.c estimated size: 24

C:\Program Files (x86)\Microchip\xc8\v1.45\sources\common\float.c
		___ftpack      		CODE           	04FB	0000	111

C:\Program Files (x86)\Microchip\xc8\v1.45\sources\common\float.c estimated size: 111

SYST_Init.c
		_system_Initialize		CODE           	038C	0000	80
		_Oscillator_Init		CODE           	0117	0000	7

SYST_Init.c estimated size: 87

pwm_Init.c
		_PWM_DutyCycle 		CODE           	0569	0000	112
		_PWM_Init      		CODE           	0347	0000	70

pwm_Init.c estimated size: 182

_25LC160B_EEPROM.c
		_eeprom_Read   		CODE           	01E9	0000	38
		_eeprom_Write  		CODE           	0302	0000	70

_25LC160B_EEPROM.c estimated size: 108

adc_Init.c
		_ADC_Init      		CODE           	0176	0000	26

adc_Init.c estimated size: 26

uart_Init.c
		_UART_Init     		CODE           	027D	0000	67

uart_Init.c estimated size: 67

C:\Program Files (x86)\Microchip\xc8\v1.45\sources\common\ftmul.c
		___ftmul       		CODE           	06FD	0000	212

C:\Program Files (x86)\Microchip\xc8\v1.45\sources\common\ftmul.c estimated size: 212

C:\Program Files (x86)\Microchip\xc8\v1.45\sources\common\Umul32.c
		___lmul        		CODE           	023C	0000	66

C:\Program Files (x86)\Microchip\xc8\v1.45\sources\common\Umul32.c estimated size: 66

lcd_Config.c
		_Lcd_Init      		CODE           	03DB	0000	97
		_Lcd_Cmd       		CODE           	018F	0000	29
		_Lcd_Port      		CODE           	015E	0000	25

lcd_Config.c estimated size: 151

shared
		__stringtab    		STRING         	0015	0000	17
		__powers_      		STRING         	004D	0000	40
		_dpowers       		STRING         	0025	0000	41
		__npowers_     		STRING         	0074	0000	40
		__initialization		CODE           	07D0	0000	45

shared estimated size: 183

C:\Program Files (x86)\Microchip\xc8\v1.45\sources\common\fttol.c
		___fttol       		CODE           	05D8	0000	143

C:\Program Files (x86)\Microchip\xc8\v1.45\sources\common\fttol.c estimated size: 143

C:\Program Files (x86)\Microchip\xc8\v1.45\sources\common\lldiv.c
		___lldiv       		CODE           	043B	0000	97

C:\Program Files (x86)\Microchip\xc8\v1.45\sources\common\lldiv.c estimated size: 97

main.c
		_main          		CODE           	049B	0000	97
		_led_Demo      		CODE           	0666	0000	152

main.c estimated size: 249

timer_Init.c
		_TMR0_Init     		CODE           	013E	0000	16

timer_Init.c estimated size: 16

interrupt_Init.c
		_ISR           		CODE           	01C9	0000	33
		_Interrupt_Init		CODE           	0114	0000	4

interrupt_Init.c estimated size: 37

C:\Program Files (x86)\Microchip\xc8\v1.45\sources\common\lbtoft.c
		___lbtoft      		CODE           	01AB	0000	31

C:\Program Files (x86)\Microchip\xc8\v1.45\sources\common\lbtoft.c estimated size: 31

