Microchip MPLAB XC8 Compiler V1.45 ()

Linker command line:

-W-3 --edf=C:\Program Files (x86)\Microchip\xc8\v1.45\dat\en_msgs.txt -cs \
  -h+dist/default/production\YALA_8bit_API.X.production.sym \
  --cmf=dist/default/production\YALA_8bit_API.X.production.cmf -z -Q16F887 \
  -oC:\Users\CEDRIC\AppData\Local\Temp\su9s.2 \
  -Mdist/default/production/YALA_8bit_API.X.production.map -E1 -ver=XC8 \
  -ASTACK=0110h-016fh -pstack=STACK -ACODE=00h-07FFhx4 -ASTRCODE=00h-01FFFh \
  -ASTRING=00h-0FFhx32 -ACONST=00h-0FFhx32 -AENTRY=00h-0FFhx32 \
  -ACOMMON=070h-07Fh -ABANK0=020h-06Fh -ABANK1=0A0h-0EFh \
  -ABANK2=0110h-016Fh -ABANK3=0190h-01EFh \
  -ARAM=020h-06Fh,0A0h-0EFh,0110h-016Fh,0190h-01EFh \
  -AABS1=020h-07Fh,0A0h-0EFh,0110h-016Fh,0190h-01EFh -ASFR0=00h-01Fh \
  -ASFR1=080h-09Fh -ASFR2=0100h-010Fh -ASFR3=0180h-018Fh \
  -preset_vec=00h,intentry=04h,init,end_init -ppowerup=CODE -pcinit=CODE \
  -pfunctab=ENTRY -ACONFIG=02007h-02008h -pconfig=CONFIG -DCONFIG=2 \
  -AIDLOC=02000h-02003h -pidloc=IDLOC -DIDLOC=2 -AEEDATA=00h-0FFh/02100h \
  -peeprom_data=EEDATA -DEEDATA=2 -DCODE=2 -DSTRCODE=2 -DSTRING=2 -DCONST=2 \
  -DENTRY=2 -k C:\Users\CEDRIC\AppData\Local\Temp\su9s.obj \
  dist/default/production\YALA_8bit_API.X.production.obj 

Object code version is 3.11

Machine type is 16F887



                Name                               Link     Load   Length Selector   Space Scale
C:\Users\CEDRIC\AppData\Local\Temp\su9s.obj
                end_init                             12       12        3        8       0
                reset_vec                             0        0        3        0       0
                config                             2007     2007        2     400E       0
dist/default/production\YALA_8bit_API.X.production.obj
                cinit                                15       15       20        8       0
                intentry                              4        4        E        8       0
                text37                              C79      C79       2B     18F2       0
                text36                              BC0      BC0        E     1780       0
                text35                              BAA      BAA        9     1754       0
                text34                              D5B      D5B       36     1AB6       0
                text33                              6BC      6BC       69        8       0
                text32                                3        3        1        0       0
                text31                              C23      C23       19     1846       0
                text30                              BDC      BDC        F     17B8       0
                text29                              C3C      C3C       1A     1878       0
                text28                              7E6      7E6       1A        8       0
                text27                              725      725       61        8       0
                text26                              BA5      BA5        5     174A       0
                text25                              786      786       60        8       0
                text24                              E46      E46       41     1C8C       0
                text23                              5DF      5DF       6F        8       0
                text22                              EC8      EC8       45     1D90       0
                text21                              BB3      BB3        D     1766       0
                text20                              BEB      BEB        F     17D6       0
                text19                              E06      E06       40     1C0C       0
                text18                              CA4      CA4       2B     1948       0
                text17                              F0D      F0D       4B     1E1A       0
                text16                              F58      F58       52     1EB0       0
                text15                              D91      D91       37     1B22       0
                text14                              E87      E87       41     1D0E       0
                text13                              DC8      DC8       3E     1B90       0
                text12                              D27      D27       34     1A4E       0
                text11                              C56      C56       23     18AC       0
                text10                              BCE      BCE        E     179C       0
                text9                                35       35      1A0        8       0
                text8                               64E      64E       6E        8       0
                text7                               1D5      1D5      109        8       0
                text6                               499      499       B8        8       0
                text5                               3C6      3C6       D3        8       0
                text4                               551      551       8E        8       0
                text3                               C0B      C0B       18     1816       0
                text2                               2DE      2DE       E8        8       0
                text1                               FAA      FAA       56     1F54       0
                maintext                            CCF      CCF       2B     199E       0
                cstackBANK0                          20       20       4F       20       1
                cstackCOMMON                         70       70        7       70       1
                cstackBANK1                          CD       CD        F       A0       1
                inittext                            BFA      BFA       11     17F4       0
                dataBANK1                            A0       A0       2D       A0       1
                bssBANK1                             DC       DC        8       A0       1
                bssBANK0                             6F       6F        1       20       1
                bssCOMMON                            77       77        3       70       1
                strings                             800      800       2B     1000       0
                idataBANK1                          CFA      CFA       2D     19F4       0

TOTAL           Name                               Link     Load   Length     Space
        CLASS   STACK          

        CLASS   CODE           
                end_init                             12       12        3         0
                cinit                                15       15       20         0
                intentry                              4        4        E         0
                reset_vec                             0        0        3         0
                text37                              C79      C79       2B         0
                text36                              BC0      BC0        E         0
                text35                              BAA      BAA        9         0
                text34                              D5B      D5B       36         0
                text33                              6BC      6BC       69         0
                text32                                3        3        1         0
                text31                              C23      C23       19         0
                text30                              BDC      BDC        F         0
                text29                              C3C      C3C       1A         0
                text28                              7E6      7E6       1A         0
                text27                              725      725       61         0
                text26                              BA5      BA5        5         0
                text25                              786      786       60         0
                text24                              E46      E46       41         0
                text23                              5DF      5DF       6F         0
                text22                              EC8      EC8       45         0
                text21                              BB3      BB3        D         0
                text20                              BEB      BEB        F         0
                text19                              E06      E06       40         0
                text18                              CA4      CA4       2B         0
                text17                              F0D      F0D       4B         0
                text16                              F58      F58       52         0
                text15                              D91      D91       37         0
                text14                              E87      E87       41         0
                text13                              DC8      DC8       3E         0
                text12                              D27      D27       34         0
                text11                              C56      C56       23         0
                text10                              BCE      BCE        E         0
                text9                                35       35      1A0         0
                text8                               64E      64E       6E         0
                text7                               1D5      1D5      109         0
                text6                               499      499       B8         0
                text5                               3C6      3C6       D3         0
                text4                               551      551       8E         0
                text3                               C0B      C0B       18         0
                text2                               2DE      2DE       E8         0
                text1                               FAA      FAA       56         0
                maintext                            CCF      CCF       2B         0
                inittext                            BFA      BFA       11         0
                idataBANK1                          CFA      CFA       2D         0

        CLASS   STRCODE        

        CLASS   STRING         
                strings                             800      800       2B         0

        CLASS   CONST          

        CLASS   ENTRY          

        CLASS   COMMON         
                cstackCOMMON                         70       70        7         1
                bssCOMMON                            77       77        3         1

        CLASS   BANK0          
                cstackBANK0                          20       20       4F         1
                bssBANK0                             6F       6F        1         1

        CLASS   BANK1          
                cstackBANK1                          CD       CD        F         1
                dataBANK1                            A0       A0       2D         1
                bssBANK1                             DC       DC        8         1

        CLASS   BANK2          

        CLASS   BANK3          

        CLASS   RAM            

        CLASS   ABS1           
                abs_s1                               7E       7E        2         1

        CLASS   SFR0           

        CLASS   SFR1           

        CLASS   SFR2           

        CLASS   SFR3           

        CLASS   CONFIG         
                config                             2007     2007        2         0

        CLASS   IDLOC          

        CLASS   EEDATA         



SEGMENTS        Name                           Load    Length   Top    Selector   Space  Class     Delta

                reset_vec                      000000  000004  000004         0       0  CODE        2
                intentry                       000004  0007FC  000800         8       0  CODE        2
                cstackBANK0                    000020  000050  000070        20       1  BANK0       1
                cstackCOMMON                   000070  00000A  00007A        70       1  COMMON      1
                dataBANK1                      0000A0  000044  0000E4        A0       1  BANK1       1
                strings                        000800  00002B  00082B      1000       0  STRING      2
                text26                         000BA5  000005  000BAA      174A       0  CODE        2
                text35                         000BAA  000009  000BB3      1754       0  CODE        2
                text21                         000BB3  00000D  000BC0      1766       0  CODE        2
                text36                         000BC0  00000E  000BCE      1780       0  CODE        2
                text10                         000BCE  00000E  000BDC      179C       0  CODE        2
                text30                         000BDC  00000F  000BEB      17B8       0  CODE        2
                text20                         000BEB  00000F  000BFA      17D6       0  CODE        2
                inittext                       000BFA  000011  000C0B      17F4       0  CODE        2
                text3                          000C0B  000018  000C23      1816       0  CODE        2
                text31                         000C23  000019  000C3C      1846       0  CODE        2
                text29                         000C3C  00001A  000C56      1878       0  CODE        2
                text11                         000C56  000023  000C79      18AC       0  CODE        2
                text37                         000C79  00002B  000CA4      18F2       0  CODE        2
                text18                         000CA4  00002B  000CCF      1948       0  CODE        2
                maintext                       000CCF  00002B  000CFA      199E       0  CODE        2
                idataBANK1                     000CFA  00002D  000D27      19F4       0  CODE        2
                text12                         000D27  000034  000D5B      1A4E       0  CODE        2
                text34                         000D5B  000036  000D91      1AB6       0  CODE        2
                text15                         000D91  000037  000DC8      1B22       0  CODE        2
                text13                         000DC8  00003E  000E06      1B90       0  CODE        2
                text19                         000E06  000040  000E46      1C0C       0  CODE        2
                text24                         000E46  000041  000E87      1C8C       0  CODE        2
                text14                         000E87  000041  000EC8      1D0E       0  CODE        2
                text22                         000EC8  000045  000F0D      1D90       0  CODE        2
                text17                         000F0D  00004B  000F58      1E1A       0  CODE        2
                text16                         000F58  000052  000FAA      1EB0       0  CODE        2
                text1                          000FAA  000056  001000      1F54       0  CODE        2
                config                         002007  000002  002009      400E       0  CONFIG      2


UNUSED ADDRESS RANGES

        Name                Unused          Largest block    Delta
        BANK1            00E4-00EF              C           1
        BANK2            0110-016F             60           1
        BANK3            0190-01EF             60           1
        CODE             082B-0BA4            37A           2
                         1000-1FFF            800
        COMMON           007A-007D              4           1
        CONST            082B-0BA4            100           2
                         1000-1FFF            100
        EEDATA           2100-21FF            100           2
        ENTRY            082B-0BA4            100           2
                         1000-1FFF            100
        IDLOC            2000-2003              4           2
        RAM              00E4-00EF              C           1
                         0110-016F             60
                         0190-01EF             60
        SFR0             0000-001F             20           1
        SFR1             0080-009F             20           1
        SFR2             0100-010F             10           1
        SFR3             0180-018F             10           1
        STACK            0110-016F             60           1
        STRCODE          082B-0BA4            37A           2
                         1000-1FFF           1000
        STRING           082B-0BA4            100           2
                         1000-1FFF            100

                                  Symbol Table

?_UART_Read                 cstackCOMMON 0074
?___ftadd                   cstackBANK0  0049
?___ftdiv                   cstackBANK0  0039
?___ftmul                   cstackBANK0  0029
?___ftpack                  cstackBANK0  0020
?___fttol                   cstackBANK0  0056
?___lldiv                   cstackBANK0  002C
?___lmul                    cstackBANK0  0020
?___lwdiv                   cstackBANK0  0020
?___lwmod                   cstackBANK0  0027
?___lwtoft                  cstackBANK0  0025
?___wmul                    cstackBANK0  0020
?_sprintf                   cstackBANK0  006B
ASS_1@bSize                 cstackBANK0  002E
ASS_1@bSize_143             cstackBANK0  0030
Lcd_Cmd@a                   cstackBANK0  0020
Lcd_Port@a                  cstackCOMMON 0074
Lcd_Set_Cursor@column       cstackBANK0  0021
Lcd_Set_Cursor@raw          cstackBANK0  0024
Lcd_Set_Cursor@temp         cstackBANK0  0027
Lcd_Set_Cursor@y            cstackBANK0  0026
Lcd_Set_Cursor@z            cstackBANK0  0025
Lcd_Write_Char@a            cstackBANK0  0022
Lcd_Write_Char@temp         cstackBANK0  0020
Lcd_Write_Char@y            cstackBANK0  0021
Lcd_write@i                 cstackBANK0  0028
Lcd_write@string            cstackBANK0  0023
PWM_DutyCycle@iDutyCycle    cstackBANK0  0039
PWM_Init@iFrequency         cstackBANK0  0039
UART_Init@baudRate          cstackBANK0  0039
UART_Write_String@cText     cstackBANK0  0020
UART_Write_String@iSize     cstackBANK0  0026
UART_Write_char@iData       cstackCOMMON 0074
_ADCON0bits                 (abs)        001F
_ADCON1bits                 (abs)        009F
_ADC_Init                   text31       0C23
_ADRESH                     (abs)        001E
_ADRESL                     (abs)        009E
_ANSELH                     (abs)        0189
_ANSELbits                  (abs)        0188
_ASS_1                      text33       06BC
_Ass_2                      text32       0003
_BAUDCTLbits                (abs)        0187
_CCP1CONbits                (abs)        0017
_CCPR1L                     (abs)        0015
_EEADR                      (abs)        010D
_EECON1bits                 (abs)        018C
_EECON2                     (abs)        018D
_EEDATA                     (abs)        010C
_GO_DONE                    (abs)        00F9
_INTCONbits                 (abs)        000B
_ISR                        text37       0C79
_Interrupt_Init             text30       0BDC
_Lcd_Cmd                    text28       07E6
_Lcd_Init                   text27       0725
_Lcd_Port                   text29       0C3C
_Lcd_Set_Cursor             text16       0F58
_Lcd_Write_Char             text15       0D91
_Lcd_write                  text14       0E87
_OPTION_REGbits             (abs)        0081
_OSCCON                     (abs)        008F
_OSCTUNE                    (abs)        0090
_Oscillator_Init            text26       0BA5
_PIE1bits                   (abs)        008C
_PIR1bits                   (abs)        000C
_PORTA                      (abs)        0005
_PORTAbits                  (abs)        0005
_PORTB                      (abs)        0006
_PORTBbits                  (abs)        0006
_PORTC                      (abs)        0007
_PORTD                      (abs)        0008
_PORTE                      (abs)        0009
_PR2                        (abs)        0092
_PWM_DutyCycle              text23       05DF
_PWM_Init                   text22       0EC8
_RCREG                      (abs)        001A
_RCSTAbits                  (abs)        0018
_SPBRG                      (abs)        0099
_SPI_Init                   text21       0BB3
_SSPBUF                     (abs)        0013
_SSPCONbits                 (abs)        0014
_T2CONbits                  (abs)        0012
_TMR0                       (abs)        0001
_TMR0_Init                  text20       0BEB
_TRISAbits                  (abs)        0085
_TRISB                      (abs)        0086
_TRISBbits                  (abs)        0086
_TRISCbits                  (abs)        0087
_TRISD                      (abs)        0088
_TXREG                      (abs)        0019
_TXSTAbits                  (abs)        0098
_UART_Init                  text19       0E06
_UART_Read                  text36       0BC0
_UART_Write_String          text34       0D5B
_UART_Write_char            text35       0BAA
__CFG_BOR4V$BOR40V          (abs)        0000
__CFG_BOREN$OFF             (abs)        0000
__CFG_CP$OFF                (abs)        0000
__CFG_CPD$OFF               (abs)        0000
__CFG_FCMEN$ON              (abs)        0000
__CFG_FOSC$HS               (abs)        0000
__CFG_IESO$ON               (abs)        0000
__CFG_LVP$ON                (abs)        0000
__CFG_MCLRE$ON              (abs)        0000
__CFG_PWRTE$OFF             (abs)        0000
__CFG_WDTE$OFF              (abs)        0000
__CFG_WRT$OFF               (abs)        0000
__Habs1                     abs1         0000
__Hbank0                    bank0        0000
__Hbank1                    bank1        0000
__Hbank2                    bank2        0000
__Hbank3                    bank3        0000
__HbssBANK0                 bssBANK0     0000
__HbssBANK1                 bssBANK1     0000
__HbssCOMMON                bssCOMMON    0000
__Hcinit                    cinit        0035
__Hclrtext                  clrtext      0000
__Hcode                     code         0000
__Hcommon                   common       0000
__Hconfig                   config       2009
__HcstackBANK0              cstackBANK0  0000
__HcstackBANK1              cstackBANK1  0000
__HcstackCOMMON             cstackCOMMON 0000
__HdataBANK1                dataBANK1    0000
__Heeprom_data              eeprom_data  0000
__Hend_init                 end_init     0015
__Hfunctab                  functab      0000
__HidataBANK1               idataBANK1   0000
__Hidloc                    idloc        0000
__Hinit                     init         0012
__Hinittext                 inittext     0000
__Hintentry                 intentry     0012
__Hmaintext                 maintext     0000
__Hpowerup                  powerup      0000
__Hram                      ram          0000
__Hreset_vec                reset_vec    0003
__Hsfr0                     sfr0         0000
__Hsfr1                     sfr1         0000
__Hsfr2                     sfr2         0000
__Hsfr3                     sfr3         0000
__Hspace_0                  (abs)        2009
__Hspace_1                  (abs)        00E4
__Hspace_2                  (abs)        0000
__Hspace_3                  (abs)        0000
__Hstack                    stack        0000
__Hstrings                  strings      0000
__Htext                     text         0000
__Labs1                     abs1         0000
__Lbank0                    bank0        0000
__Lbank1                    bank1        0000
__Lbank2                    bank2        0000
__Lbank3                    bank3        0000
__LbssBANK0                 bssBANK0     0000
__LbssBANK1                 bssBANK1     0000
__LbssCOMMON                bssCOMMON    0000
__Lcinit                    cinit        0015
__Lclrtext                  clrtext      0000
__Lcode                     code         0000
__Lcommon                   common       0000
__Lconfig                   config       2007
__LcstackBANK0              cstackBANK0  0000
__LcstackBANK1              cstackBANK1  0000
__LcstackCOMMON             cstackCOMMON 0000
__LdataBANK1                dataBANK1    0000
__Leeprom_data              eeprom_data  0000
__Lend_init                 end_init     0012
__Lfunctab                  functab      0000
__LidataBANK1               idataBANK1   0000
__Lidloc                    idloc        0000
__Linit                     init         0012
__Linittext                 inittext     0000
__Lintentry                 intentry     0004
__Lmaintext                 maintext     0000
__Lpowerup                  powerup      0000
__Lram                      ram          0000
__Lreset_vec                reset_vec    0000
__Lsfr0                     sfr0         0000
__Lsfr1                     sfr1         0000
__Lsfr2                     sfr2         0000
__Lsfr3                     sfr3         0000
__Lspace_0                  (abs)        0000
__Lspace_1                  (abs)        0000
__Lspace_2                  (abs)        0000
__Lspace_3                  (abs)        0000
__Lstack                    stack        0000
__Lstrings                  strings      0000
__Ltext                     text         0000
__S0                        (abs)        2009
__S1                        (abs)        00E4
__S2                        (abs)        0000
__S3                        (abs)        0000
___ftadd                    text7        01D5
___ftadd@exp1               cstackBANK0  0055
___ftadd@exp2               cstackBANK0  0054
___ftadd@f1                 cstackBANK0  0049
___ftadd@f2                 cstackBANK0  004C
___ftadd@sign               cstackBANK0  0053
___ftdiv                    text6        0499
___ftdiv@cntr               cstackBANK0  0043
___ftdiv@exp                cstackBANK0  0047
___ftdiv@f1                 cstackBANK0  003C
___ftdiv@f2                 cstackBANK0  0039
___ftdiv@f3                 cstackBANK0  0044
___ftdiv@sign               cstackBANK0  0048
___ftmul                    text5        03C6
___ftmul@cntr               cstackBANK0  0037
___ftmul@exp                cstackBANK0  0033
___ftmul@f1                 cstackBANK0  0029
___ftmul@f2                 cstackBANK0  002C
___ftmul@f3_as_product      cstackBANK0  0034
___ftmul@sign               cstackBANK0  0038
___ftpack                   text8        064E
___ftpack@arg               cstackBANK0  0020
___ftpack@exp               cstackBANK0  0023
___ftpack@sign              cstackBANK0  0024
___fttol                    text4        0551
___fttol@exp1               cstackBANK0  0063
___fttol@f1                 cstackBANK0  0056
___fttol@lval               cstackBANK0  005F
___fttol@sign1              cstackBANK0  005E
___int_sp                   stack        0000
___latbits                  (abs)        0002
___lldiv                    text25       0786
___lldiv@counter            cstackBANK0  0038
___lldiv@dividend           cstackBANK0  0030
___lldiv@divisor            cstackBANK0  002C
___lldiv@quotient           cstackBANK0  0034
___lmul                     text24       0E46
___lmul@multiplicand        cstackBANK0  0024
___lmul@multiplier          cstackBANK0  0020
___lmul@product             cstackBANK0  0028
___lwdiv                    text13       0DC8
___lwdiv@counter            cstackBANK0  0024
___lwdiv@dividend           cstackBANK0  0022
___lwdiv@divisor            cstackBANK0  0020
___lwdiv@quotient           cstackBANK0  0025
___lwmod                    text12       0D27
___lwmod@counter            cstackCOMMON 0076
___lwmod@dividend           cstackBANK0  0029
___lwmod@divisor            cstackBANK0  0027
___lwtoft                   text3        0C0B
___lwtoft@c                 cstackBANK0  0025
___sp                       stack        0000
___wmul                     text11       0C56
___wmul@multiplicand        cstackBANK0  0022
___wmul@multiplier          cstackBANK0  0020
___wmul@product             cstackCOMMON 0074
__end_of_ADC_Init           text31       0C3C
__end_of_ASS_1              text33       0725
__end_of_Ass_2              text32       0004
__end_of_ISR                text37       0CA4
__end_of_Interrupt_Init     text30       0BEB
__end_of_Lcd_Cmd            text28       0800
__end_of_Lcd_Init           text27       0786
__end_of_Lcd_Port           text29       0C56
__end_of_Lcd_Set_Cursor     text16       0FAA
__end_of_Lcd_Write_Char     text15       0DC8
__end_of_Lcd_write          text14       0EC8
__end_of_Oscillator_Init    text26       0BAA
__end_of_PWM_DutyCycle      text23       064E
__end_of_PWM_Init           text22       0F0D
__end_of_SPI_Init           text21       0BC0
__end_of_TMR0_Init          text20       0BFA
__end_of_UART_Init          text19       0E46
__end_of_UART_Read          text36       0BCE
__end_of_UART_Write_String  text34       0D91
__end_of_UART_Write_char    text35       0BB3
__end_of___ftadd            text7        02DE
__end_of___ftdiv            text6        0551
__end_of___ftmul            text5        0499
__end_of___ftpack           text8        06BC
__end_of___fttol            text4        05DF
__end_of___lldiv            text25       07E6
__end_of___lmul             text24       0E87
__end_of___lwdiv            text13       0E06
__end_of___lwmod            text12       0D5B
__end_of___lwtoft           text3        0C23
__end_of___wmul             text11       0C79
__end_of__initialization    cinit        0031
__end_of__stringtab         strings      0810
__end_of_dpowers            strings      081A
__end_of_isdigit            text10       0BDC
__end_of_main               maintext     0CFA
__end_of_pinManager         text18       0CCF
__end_of_sprintf            text9        01D5
__end_of_system_Initialize  text17       0F58
__end_of_temp_Display       text1        1000
__end_of_temp_Measurement   text2        03C6
__initialization            cinit        0015
__pbssBANK0                 bssBANK0     006F
__pbssBANK1                 bssBANK1     00DC
__pbssCOMMON                bssCOMMON    0077
__pcstackBANK0              cstackBANK0  0020
__pcstackBANK1              cstackBANK1  00CD
__pcstackCOMMON             cstackCOMMON 0070
__pdataBANK1                dataBANK1    00A0
__pidataBANK1               idataBANK1   0CFA
__pintentry                 intentry     0004
__pmaintext                 maintext     0CCF
__pstrings                  strings      0800
__ptext1                    text1        0FAA
__ptext10                   text10       0BCE
__ptext11                   text11       0C56
__ptext12                   text12       0D27
__ptext13                   text13       0DC8
__ptext14                   text14       0E87
__ptext15                   text15       0D91
__ptext16                   text16       0F58
__ptext17                   text17       0F0D
__ptext18                   text18       0CA4
__ptext19                   text19       0E06
__ptext2                    text2        02DE
__ptext20                   text20       0BEB
__ptext21                   text21       0BB3
__ptext22                   text22       0EC8
__ptext23                   text23       05DF
__ptext24                   text24       0E46
__ptext25                   text25       0786
__ptext26                   text26       0BA5
__ptext27                   text27       0725
__ptext28                   text28       07E6
__ptext29                   text29       0C3C
__ptext3                    text3        0C0B
__ptext30                   text30       0BDC
__ptext31                   text31       0C23
__ptext32                   text32       0003
__ptext33                   text33       06BC
__ptext34                   text34       0D5B
__ptext35                   text35       0BAA
__ptext36                   text36       0BC0
__ptext37                   text37       0C79
__ptext4                    text4        0551
__ptext5                    text5        03C6
__ptext6                    text6        0499
__ptext7                    text7        01D5
__ptext8                    text8        064E
__ptext9                    text9        0035
__size_of_ADC_Init          (abs)        0000
__size_of_ASS_1             (abs)        0000
__size_of_Ass_2             (abs)        0000
__size_of_ISR               (abs)        0000
__size_of_Interrupt_Init    (abs)        0000
__size_of_Lcd_Cmd           (abs)        0000
__size_of_Lcd_Init          (abs)        0000
__size_of_Lcd_Port          (abs)        0000
__size_of_Lcd_Set_Cursor    (abs)        0000
__size_of_Lcd_Write_Char    (abs)        0000
__size_of_Lcd_write         (abs)        0000
__size_of_Oscillator_Init   (abs)        0000
__size_of_PWM_DutyCycle     (abs)        0000
__size_of_PWM_Init          (abs)        0000
__size_of_SPI_Init          (abs)        0000
__size_of_TMR0_Init         (abs)        0000
__size_of_UART_Init         (abs)        0000
__size_of_UART_Read         (abs)        0000
__size_of_UART_Write_String (abs)        0000
__size_of_UART_Write_char   (abs)        0000
__size_of___ftadd           (abs)        0000
__size_of___ftdiv           (abs)        0000
__size_of___ftmul           (abs)        0000
__size_of___ftpack          (abs)        0000
__size_of___fttol           (abs)        0000
__size_of___lldiv           (abs)        0000
__size_of___lmul            (abs)        0000
__size_of___lwdiv           (abs)        0000
__size_of___lwmod           (abs)        0000
__size_of___lwtoft          (abs)        0000
__size_of___wmul            (abs)        0000
__size_of_isdigit           (abs)        0000
__size_of_main              (abs)        0000
__size_of_pinManager        (abs)        0000
__size_of_sprintf           (abs)        0000
__size_of_system_Initialize (abs)        0000
__size_of_temp_Display      (abs)        0000
__size_of_temp_Measurement  (abs)        0000
__stringbase                strings      080F
__stringtab                 strings      0800
_adc                        bssBANK1     00E0
_dataBuffer                 bssBANK0     006F
_data_TransferComplete      bssCOMMON    0078
_dpowers                    strings      0810
_g_state                    bssCOMMON    0079
_isdigit                    text10       0BCE
_isdigit$1444               cstackCOMMON 0074
_main                       maintext     0CCF
_pinManager                 text18       0CA4
_rawData                    bssBANK1     00DC
_sTemperature               bssBANK1     00E2
_sprintf                    text9        0035
_system_Initialize          text17       0F0D
_temp_Display               text1        0FAA
_temp_Measurement           text2        02DE
_temp_Measurement$1694      cstackBANK0  0066
_temperature                bssCOMMON    0077
btemp                       (abs)        007E
end_of_initialization       cinit        0031
init_fetch0                 inittext     0BFA
init_ram0                   inittext     0BFE
interrupt_function          intentry     0004
intlevel0                   functab      0000
intlevel1                   functab      0000
intlevel2                   functab      0000
intlevel3                   functab      0000
intlevel4                   functab      0000
intlevel5                   functab      0000
isdigit@c                   cstackCOMMON 0075
reset_vec                   reset_vec    0000
saved_w                     (abs)        007E
sprintf@ap                  cstackBANK1  00D0
sprintf@c                   cstackBANK1  00D8
sprintf@f                   cstackBANK0  006B
sprintf@flag                cstackBANK1  00D2
sprintf@prec                cstackBANK1  00D1
sprintf@sp                  cstackBANK1  00D5
sprintf@val                 cstackBANK1  00D3
sprintf@width               cstackBANK1  00D6
stackhi                     (abs)        0000
stacklo                     (abs)        0000
start                       init         0012
start_initialization        cinit        0015
temp_Display@TEMP           cstackBANK0  006E
temp_Measurement@sample     cstackBANK0  0069
wtemp0                      (abs)        007E


FUNCTION INFORMATION:

 *************** function _main *****************
 Defined at:
		line 11 in file "main.c"
 Parameters:    Size  Location     Type
		None
 Auto vars:     Size  Location     Type
		None
 Return value:  Size  Location     Type
                  2   74[None  ] int 
 Registers used:
		wreg, fsr0l, fsr0h, status,2, status,0, btemp+1, pclath, cstack
 Tracked objects:
		On entry : 
		On exit  : 
		Unchanged: 
 Data sizes:     COMMON   BANK0   BANK1   BANK3   BANK2
      Params:         0       0       0       0       0
      Locals:         0       0       0       0       0
      Temps:          0       0       0       0       0
      Totals:         0       0       0       0       0
Total ram usage:        0 bytes
 Hardware stack levels required when called:    5
 This function calls:
		_ASS_1
		_Ass_2
		_system_Initialize
		_temp_Display
 This function is called by:
		Startup code after reset
 This function uses a non-reentrant model


 *************** function _temp_Display *****************
 Defined at:
		line 40 in file "adc_Init.c"
 Parameters:    Size  Location     Type
		None
 Auto vars:     Size  Location     Type
  TEMP            1   78[BANK0 ] PTR unsigned char 
		 -> STR_1(13), 
 Return value:  Size  Location     Type
                  1    wreg      void 
 Registers used:
		wreg, fsr0l, fsr0h, status,2, status,0, btemp+1, pclath, cstack
 Tracked objects:
		On entry : 
		On exit  : 
		Unchanged: 
 Data sizes:     COMMON   BANK0   BANK1   BANK3   BANK2
      Params:         0       0       0       0       0
      Locals:         0       1       0       0       0
      Temps:          0       0       3       0       0
      Totals:         0       1       3       0       0
Total ram usage:        4 bytes
 Hardware stack levels used:    1
 Hardware stack levels required when called:    4
 This function calls:
		_Lcd_Set_Cursor
		_Lcd_write
		_sprintf
		_temp_Measurement
 This function is called by:
		_main
 This function uses a non-reentrant model


 *************** function _temp_Measurement *****************
 Defined at:
		line 24 in file "adc_Init.c"
 Parameters:    Size  Location     Type
		None
 Auto vars:     Size  Location     Type
  sample          2   73[BANK0 ] int 
 Return value:  Size  Location     Type
                  1    wreg      unsigned char 
 Registers used:
		wreg, status,2, status,0, btemp+1, pclath, cstack
 Tracked objects:
		On entry : 
		On exit  : 
		Unchanged: 
 Data sizes:     COMMON   BANK0   BANK1   BANK3   BANK2
      Params:         0       0       0       0       0
      Locals:         0       5       0       0       0
      Temps:          0       2       0       0       0
      Totals:         0       7       0       0       0
Total ram usage:        7 bytes
 Hardware stack levels used:    1
 Hardware stack levels required when called:    3
 This function calls:
		___ftadd
		___ftdiv
		___ftmul
		___fttol
		___lwdiv
		___lwtoft
 This function is called by:
		_temp_Display
 This function uses a non-reentrant model


 *************** function ___lwtoft *****************
 Defined at:
		line 28 in file "C:\Program Files (x86)\Microchip\xc8\v1.45\sources\common\lwtoft.c"
 Parameters:    Size  Location     Type
  c               2    5[BANK0 ] unsigned int 
 Auto vars:     Size  Location     Type
		None
 Return value:  Size  Location     Type
                  3    5[BANK0 ] float 
 Registers used:
		wreg, status,2, status,0, pclath, cstack
 Tracked objects:
		On entry : 
		On exit  : 
		Unchanged: 
 Data sizes:     COMMON   BANK0   BANK1   BANK3   BANK2
      Params:         0       3       0       0       0
      Locals:         0       0       0       0       0
      Temps:          0       1       0       0       0
      Totals:         0       4       0       0       0
Total ram usage:        4 bytes
 Hardware stack levels used:    1
 Hardware stack levels required when called:    2
 This function calls:
		___ftpack
 This function is called by:
		_temp_Measurement
 This function uses a non-reentrant model


 *************** function ___fttol *****************
 Defined at:
		line 44 in file "C:\Program Files (x86)\Microchip\xc8\v1.45\sources\common\fttol.c"
 Parameters:    Size  Location     Type
  f1              3   54[BANK0 ] float 
 Auto vars:     Size  Location     Type
  lval            4   63[BANK0 ] unsigned long 
  exp1            1   67[BANK0 ] unsigned char 
  sign1           1   62[BANK0 ] unsigned char 
 Return value:  Size  Location     Type
                  4   54[BANK0 ] long 
 Registers used:
		wreg, status,2, status,0
 Tracked objects:
		On entry : 
		On exit  : 
		Unchanged: 
 Data sizes:     COMMON   BANK0   BANK1   BANK3   BANK2
      Params:         0       4       0       0       0
      Locals:         0       6       0       0       0
      Temps:          0       4       0       0       0
      Totals:         0      14       0       0       0
Total ram usage:       14 bytes
 Hardware stack levels used:    1
 Hardware stack levels required when called:    1
 This function calls:
		Nothing
 This function is called by:
		_temp_Measurement
 This function uses a non-reentrant model


 *************** function ___ftmul *****************
 Defined at:
		line 62 in file "C:\Program Files (x86)\Microchip\xc8\v1.45\sources\common\ftmul.c"
 Parameters:    Size  Location     Type
  f1              3    9[BANK0 ] float 
  f2              3   12[BANK0 ] float 
 Auto vars:     Size  Location     Type
  f3_as_produc    3   20[BANK0 ] unsigned um
  sign            1   24[BANK0 ] unsigned char 
  cntr            1   23[BANK0 ] unsigned char 
  exp             1   19[BANK0 ] unsigned char 
 Return value:  Size  Location     Type
                  3    9[BANK0 ] float 
 Registers used:
		wreg, status,2, status,0, pclath, cstack
 Tracked objects:
		On entry : 
		On exit  : 
		Unchanged: 
 Data sizes:     COMMON   BANK0   BANK1   BANK3   BANK2
      Params:         0       6       0       0       0
      Locals:         0       6       0       0       0
      Temps:          0       4       0       0       0
      Totals:         0      16       0       0       0
Total ram usage:       16 bytes
 Hardware stack levels used:    1
 Hardware stack levels required when called:    2
 This function calls:
		___ftpack
 This function is called by:
		_temp_Measurement
 This function uses a non-reentrant model


 *************** function ___ftdiv *****************
 Defined at:
		line 56 in file "C:\Program Files (x86)\Microchip\xc8\v1.45\sources\common\ftdiv.c"
 Parameters:    Size  Location     Type
  f2              3   25[BANK0 ] float 
  f1              3   28[BANK0 ] float 
 Auto vars:     Size  Location     Type
  f3              3   36[BANK0 ] float 
  sign            1   40[BANK0 ] unsigned char 
  exp             1   39[BANK0 ] unsigned char 
  cntr            1   35[BANK0 ] unsigned char 
 Return value:  Size  Location     Type
                  3   25[BANK0 ] float 
 Registers used:
		wreg, status,2, status,0, pclath, cstack
 Tracked objects:
		On entry : 
		On exit  : 
		Unchanged: 
 Data sizes:     COMMON   BANK0   BANK1   BANK3   BANK2
      Params:         0       6       0       0       0
      Locals:         0       6       0       0       0
      Temps:          0       4       0       0       0
      Totals:         0      16       0       0       0
Total ram usage:       16 bytes
 Hardware stack levels used:    1
 Hardware stack levels required when called:    2
 This function calls:
		___ftpack
 This function is called by:
		_temp_Measurement
 This function uses a non-reentrant model


 *************** function ___ftadd *****************
 Defined at:
		line 86 in file "C:\Program Files (x86)\Microchip\xc8\v1.45\sources\common\ftadd.c"
 Parameters:    Size  Location     Type
  f1              3   41[BANK0 ] float 
  f2              3   44[BANK0 ] float 
 Auto vars:     Size  Location     Type
  exp1            1   53[BANK0 ] unsigned char 
  exp2            1   52[BANK0 ] unsigned char 
  sign            1   51[BANK0 ] unsigned char 
 Return value:  Size  Location     Type
                  3   41[BANK0 ] float 
 Registers used:
		wreg, status,2, status,0, pclath, cstack
 Tracked objects:
		On entry : 
		On exit  : 
		Unchanged: 
 Data sizes:     COMMON   BANK0   BANK1   BANK3   BANK2
      Params:         0       6       0       0       0
      Locals:         0       3       0       0       0
      Temps:          0       4       0       0       0
      Totals:         0      13       0       0       0
Total ram usage:       13 bytes
 Hardware stack levels used:    1
 Hardware stack levels required when called:    2
 This function calls:
		___ftpack
 This function is called by:
		_temp_Measurement
 This function uses a non-reentrant model


 *************** function ___ftpack *****************
 Defined at:
		line 62 in file "C:\Program Files (x86)\Microchip\xc8\v1.45\sources\common\float.c"
 Parameters:    Size  Location     Type
  arg             3    0[BANK0 ] unsigned um
  exp             1    3[BANK0 ] unsigned char 
  sign            1    4[BANK0 ] unsigned char 
 Auto vars:     Size  Location     Type
		None
 Return value:  Size  Location     Type
                  3    0[BANK0 ] float 
 Registers used:
		wreg, status,2, status,0
 Tracked objects:
		On entry : 
		On exit  : 
		Unchanged: 
 Data sizes:     COMMON   BANK0   BANK1   BANK3   BANK2
      Params:         0       5       0       0       0
      Locals:         0       0       0       0       0
      Temps:          3       0       0       0       0
      Totals:         3       5       0       0       0
Total ram usage:        8 bytes
 Hardware stack levels used:    1
 Hardware stack levels required when called:    1
 This function calls:
		Nothing
 This function is called by:
		___ftadd
		___ftdiv
		___ftmul
		___lwtoft
 This function uses a non-reentrant model


 *************** function _sprintf *****************
 Defined at:
		line 492 in file "C:\Program Files (x86)\Microchip\xc8\v1.45\sources\common\doprnt.c"
 Parameters:    Size  Location     Type
  sp              1    wreg     PTR unsigned char 
		 -> sTemperature(2), 
  f               1   75[BANK0 ] PTR const unsigned char 
		 -> STR_2(4), 
 Auto vars:     Size  Location     Type
  sp              1    8[BANK1 ] PTR unsigned char 
		 -> sTemperature(2), 
  tmpval          4    0        struct .
  width           2    9[BANK1 ] int 
  val             2    6[BANK1 ] unsigned int 
  cp              2    0        PTR const unsigned char 
  len             2    0        unsigned int 
  c               1   11[BANK1 ] char 
  flag            1    5[BANK1 ] unsigned char 
  prec            1    4[BANK1 ] char 
  ap              1    3[BANK1 ] PTR void [1]
		 -> ?_sprintf(2), 
 Return value:  Size  Location     Type
                  2   75[BANK0 ] int 
 Registers used:
		wreg, fsr0l, fsr0h, status,2, status,0, btemp+1, pclath, cstack
 Tracked objects:
		On entry : 
		On exit  : 
		Unchanged: 
 Data sizes:     COMMON   BANK0   BANK1   BANK3   BANK2
      Params:         0       3       0       0       0
      Locals:         0       0       9       0       0
      Temps:          0       0       3       0       0
      Totals:         0       3      12       0       0
Total ram usage:       15 bytes
 Hardware stack levels used:    1
 Hardware stack levels required when called:    2
 This function calls:
		___lwdiv
		___lwmod
		___wmul
		_isdigit
 This function is called by:
		_temp_Display
 This function uses a non-reentrant model


 *************** function _isdigit *****************
 Defined at:
		line 8 in file "C:\Program Files (x86)\Microchip\xc8\v1.45\sources\common\isdigit.c"
 Parameters:    Size  Location     Type
  c               1    wreg     unsigned char 
 Auto vars:     Size  Location     Type
  c               1    5[COMMON] unsigned char 
 Return value:  Size  Location     Type
		None               void
 Registers used:
		wreg, status,2, status,0
 Tracked objects:
		On entry : 
		On exit  : 
		Unchanged: 
 Data sizes:     COMMON   BANK0   BANK1   BANK3   BANK2
      Params:         0       0       0       0       0
      Locals:         2       0       0       0       0
      Temps:          0       0       0       0       0
      Totals:         2       0       0       0       0
Total ram usage:        2 bytes
 Hardware stack levels used:    1
 Hardware stack levels required when called:    1
 This function calls:
		Nothing
 This function is called by:
		_sprintf
 This function uses a non-reentrant model


 *************** function ___wmul *****************
 Defined at:
		line 15 in file "C:\Program Files (x86)\Microchip\xc8\v1.45\sources\common\Umul16.c"
 Parameters:    Size  Location     Type
  multiplier      2    0[BANK0 ] unsigned int 
  multiplicand    2    2[BANK0 ] unsigned int 
 Auto vars:     Size  Location     Type
  product         2    4[COMMON] unsigned int 
 Return value:  Size  Location     Type
                  2    0[BANK0 ] unsigned int 
 Registers used:
		wreg, status,2, status,0
 Tracked objects:
		On entry : 
		On exit  : 
		Unchanged: 
 Data sizes:     COMMON   BANK0   BANK1   BANK3   BANK2
      Params:         0       4       0       0       0
      Locals:         2       0       0       0       0
      Temps:          0       0       0       0       0
      Totals:         2       4       0       0       0
Total ram usage:        6 bytes
 Hardware stack levels used:    1
 Hardware stack levels required when called:    1
 This function calls:
		Nothing
 This function is called by:
		_sprintf
 This function uses a non-reentrant model


 *************** function ___lwmod *****************
 Defined at:
		line 6 in file "C:\Program Files (x86)\Microchip\xc8\v1.45\sources\common\lwmod.c"
 Parameters:    Size  Location     Type
  divisor         2    7[BANK0 ] unsigned int 
  dividend        2    9[BANK0 ] unsigned int 
 Auto vars:     Size  Location     Type
  counter         1    6[COMMON] unsigned char 
 Return value:  Size  Location     Type
                  2    7[BANK0 ] unsigned int 
 Registers used:
		wreg, status,2, status,0
 Tracked objects:
		On entry : 
		On exit  : 
		Unchanged: 
 Data sizes:     COMMON   BANK0   BANK1   BANK3   BANK2
      Params:         0       4       0       0       0
      Locals:         1       0       0       0       0
      Temps:          1       0       0       0       0
      Totals:         2       4       0       0       0
Total ram usage:        6 bytes
 Hardware stack levels used:    1
 Hardware stack levels required when called:    1
 This function calls:
		Nothing
 This function is called by:
		_sprintf
 This function uses a non-reentrant model


 *************** function ___lwdiv *****************
 Defined at:
		line 6 in file "C:\Program Files (x86)\Microchip\xc8\v1.45\sources\common\lwdiv.c"
 Parameters:    Size  Location     Type
  divisor         2    0[BANK0 ] unsigned int 
  dividend        2    2[BANK0 ] unsigned int 
 Auto vars:     Size  Location     Type
  quotient        2    5[BANK0 ] unsigned int 
  counter         1    4[BANK0 ] unsigned char 
 Return value:  Size  Location     Type
                  2    0[BANK0 ] unsigned int 
 Registers used:
		wreg, status,2, status,0
 Tracked objects:
		On entry : 
		On exit  : 
		Unchanged: 
 Data sizes:     COMMON   BANK0   BANK1   BANK3   BANK2
      Params:         0       4       0       0       0
      Locals:         0       3       0       0       0
      Temps:          1       0       0       0       0
      Totals:         1       7       0       0       0
Total ram usage:        8 bytes
 Hardware stack levels used:    1
 Hardware stack levels required when called:    1
 This function calls:
		Nothing
 This function is called by:
		_temp_Measurement
		_sprintf
 This function uses a non-reentrant model


 *************** function _Lcd_write *****************
 Defined at:
		line 95 in file "lcd_Config.c"
 Parameters:    Size  Location     Type
  string          2    3[BANK0 ] PTR unsigned char 
		 -> sTemperature(2), STR_1(13), 
 Auto vars:     Size  Location     Type
  i               2    8[BANK0 ] int 
 Return value:  Size  Location     Type
                  1    wreg      void 
 Registers used:
		wreg, fsr0l, fsr0h, status,2, status,0, btemp+1, pclath, cstack
 Tracked objects:
		On entry : 
		On exit  : 
		Unchanged: 
 Data sizes:     COMMON   BANK0   BANK1   BANK3   BANK2
      Params:         0       2       0       0       0
      Locals:         0       2       0       0       0
      Temps:          0       3       0       0       0
      Totals:         0       7       0       0       0
Total ram usage:        7 bytes
 Hardware stack levels used:    1
 Hardware stack levels required when called:    3
 This function calls:
		_Lcd_Write_Char
 This function is called by:
		_temp_Display
 This function uses a non-reentrant model


 *************** function _Lcd_Write_Char *****************
 Defined at:
		line 80 in file "lcd_Config.c"
 Parameters:    Size  Location     Type
  a               1    wreg     unsigned char 
 Auto vars:     Size  Location     Type
  a               1    2[BANK0 ] unsigned char 
  y               1    1[BANK0 ] unsigned char 
  temp            1    0[BANK0 ] unsigned char 
 Return value:  Size  Location     Type
                  1    wreg      void 
 Registers used:
		wreg, status,2, status,0, pclath, cstack
 Tracked objects:
		On entry : 
		On exit  : 
		Unchanged: 
 Data sizes:     COMMON   BANK0   BANK1   BANK3   BANK2
      Params:         0       0       0       0       0
      Locals:         0       3       0       0       0
      Temps:          1       0       0       0       0
      Totals:         1       3       0       0       0
Total ram usage:        4 bytes
 Hardware stack levels used:    1
 Hardware stack levels required when called:    2
 This function calls:
		_Lcd_Port
 This function is called by:
		_Lcd_write
 This function uses a non-reentrant model


 *************** function _Lcd_Set_Cursor *****************
 Defined at:
		line 45 in file "lcd_Config.c"
 Parameters:    Size  Location     Type
  raw             1    wreg     unsigned char 
  column          1    1[BANK0 ] unsigned char 
 Auto vars:     Size  Location     Type
  raw             1    4[BANK0 ] unsigned char 
  temp            1    7[BANK0 ] unsigned char 
  y               1    6[BANK0 ] unsigned char 
  z               1    5[BANK0 ] unsigned char 
 Return value:  Size  Location     Type
                  1    wreg      void 
 Registers used:
		wreg, status,2, status,0, pclath, cstack
 Tracked objects:
		On entry : 
		On exit  : 
		Unchanged: 
 Data sizes:     COMMON   BANK0   BANK1   BANK3   BANK2
      Params:         0       1       0       0       0
      Locals:         0       4       0       0       0
      Temps:          0       2       0       0       0
      Totals:         0       7       0       0       0
Total ram usage:        7 bytes
 Hardware stack levels used:    1
 Hardware stack levels required when called:    3
 This function calls:
		_Lcd_Cmd
 This function is called by:
		_temp_Display
 This function uses a non-reentrant model


 *************** function _system_Initialize *****************
 Defined at:
		line 10 in file "SYST_Init.c"
 Parameters:    Size  Location     Type
		None
 Auto vars:     Size  Location     Type
		None
 Return value:  Size  Location     Type
                  1    wreg      void 
 Registers used:
		wreg, status,2, status,0, pclath, cstack
 Tracked objects:
		On entry : 
		On exit  : 
		Unchanged: 
 Data sizes:     COMMON   BANK0   BANK1   BANK3   BANK2
      Params:         0       0       0       0       0
      Locals:         0       0       0       0       0
      Temps:          0       0       0       0       0
      Totals:         0       0       0       0       0
Total ram usage:        0 bytes
 Hardware stack levels used:    1
 Hardware stack levels required when called:    4
 This function calls:
		_ADC_Init
		_Interrupt_Init
		_Lcd_Init
		_Oscillator_Init
		_PWM_DutyCycle
		_PWM_Init
		_SPI_Init
		_TMR0_Init
		_UART_Init
		_pinManager
 This function is called by:
		_main
 This function uses a non-reentrant model


 *************** function _pinManager *****************
 Defined at:
		line 19 in file "pin_Manager.c"
 Parameters:    Size  Location     Type
		None
 Auto vars:     Size  Location     Type
		None
 Return value:  Size  Location     Type
                  1    wreg      void 
 Registers used:
		status,2
 Tracked objects:
		On entry : 
		On exit  : 
		Unchanged: 
 Data sizes:     COMMON   BANK0   BANK1   BANK3   BANK2
      Params:         0       0       0       0       0
      Locals:         0       0       0       0       0
      Temps:          0       0       0       0       0
      Totals:         0       0       0       0       0
Total ram usage:        0 bytes
 Hardware stack levels used:    1
 Hardware stack levels required when called:    1
 This function calls:
		Nothing
 This function is called by:
		_system_Initialize
 This function uses a non-reentrant model


 *************** function _UART_Init *****************
 Defined at:
		line 10 in file "uart_Init.c"
 Parameters:    Size  Location     Type
  baudRate        2   25[BANK0 ] unsigned int 
 Auto vars:     Size  Location     Type
		None
 Return value:  Size  Location     Type
                  1    wreg      void 
 Registers used:
		wreg, status,2, status,0, pclath, cstack
 Tracked objects:
		On entry : 
		On exit  : 
		Unchanged: 
 Data sizes:     COMMON   BANK0   BANK1   BANK3   BANK2
      Params:         0       2       0       0       0
      Locals:         0       0       0       0       0
      Temps:          0       4       0       0       0
      Totals:         0       6       0       0       0
Total ram usage:        6 bytes
 Hardware stack levels used:    1
 Hardware stack levels required when called:    2
 This function calls:
		___lldiv
 This function is called by:
		_system_Initialize
 This function uses a non-reentrant model


 *************** function _TMR0_Init *****************
 Defined at:
		line 19 in file "timer_Init.c"
 Parameters:    Size  Location     Type
		None
 Auto vars:     Size  Location     Type
		None
 Return value:  Size  Location     Type
                  1    wreg      void 
 Registers used:
		wreg, status,2, status,0
 Tracked objects:
		On entry : 
		On exit  : 
		Unchanged: 
 Data sizes:     COMMON   BANK0   BANK1   BANK3   BANK2
      Params:         0       0       0       0       0
      Locals:         0       0       0       0       0
      Temps:          0       0       0       0       0
      Totals:         0       0       0       0       0
Total ram usage:        0 bytes
 Hardware stack levels used:    1
 Hardware stack levels required when called:    1
 This function calls:
		Nothing
 This function is called by:
		_system_Initialize
 This function uses a non-reentrant model


 *************** function _SPI_Init *****************
 Defined at:
		line 10 in file "spi_Init.c"
 Parameters:    Size  Location     Type
		None
 Auto vars:     Size  Location     Type
		None
 Return value:  Size  Location     Type
                  1    wreg      void 
 Registers used:
		wreg, status,2, status,0
 Tracked objects:
		On entry : 
		On exit  : 
		Unchanged: 
 Data sizes:     COMMON   BANK0   BANK1   BANK3   BANK2
      Params:         0       0       0       0       0
      Locals:         0       0       0       0       0
      Temps:          0       0       0       0       0
      Totals:         0       0       0       0       0
Total ram usage:        0 bytes
 Hardware stack levels used:    1
 Hardware stack levels required when called:    1
 This function calls:
		Nothing
 This function is called by:
		_system_Initialize
 This function uses a non-reentrant model


 *************** function _PWM_Init *****************
 Defined at:
		line 14 in file "pwm_Init.c"
 Parameters:    Size  Location     Type
  iFrequency      4   25[BANK0 ] unsigned long 
 Auto vars:     Size  Location     Type
		None
 Return value:  Size  Location     Type
                  1    wreg      void 
 Registers used:
		wreg, status,2, status,0, pclath, cstack
 Tracked objects:
		On entry : 
		On exit  : 
		Unchanged: 
 Data sizes:     COMMON   BANK0   BANK1   BANK3   BANK2
      Params:         0       4       0       0       0
      Locals:         0       0       0       0       0
      Temps:          0       4       0       0       0
      Totals:         0       8       0       0       0
Total ram usage:        8 bytes
 Hardware stack levels used:    1
 Hardware stack levels required when called:    2
 This function calls:
		___lldiv
 This function is called by:
		_system_Initialize
 This function uses a non-reentrant model


 *************** function _PWM_DutyCycle *****************
 Defined at:
		line 30 in file "pwm_Init.c"
 Parameters:    Size  Location     Type
  iDutyCycle      4   25[BANK0 ] unsigned long 
 Auto vars:     Size  Location     Type
		None
 Return value:  Size  Location     Type
                  1    wreg      void 
 Registers used:
		wreg, status,2, status,0, pclath, cstack
 Tracked objects:
		On entry : 
		On exit  : 
		Unchanged: 
 Data sizes:     COMMON   BANK0   BANK1   BANK3   BANK2
      Params:         0       4       0       0       0
      Locals:         0       0       0       0       0
      Temps:          0       4       0       0       0
      Totals:         0       8       0       0       0
Total ram usage:        8 bytes
 Hardware stack levels used:    1
 Hardware stack levels required when called:    2
 This function calls:
		___lldiv
		___lmul
 This function is called by:
		_system_Initialize
 This function uses a non-reentrant model


 *************** function ___lmul *****************
 Defined at:
		line 15 in file "C:\Program Files (x86)\Microchip\xc8\v1.45\sources\common\Umul32.c"
 Parameters:    Size  Location     Type
  multiplier      4    0[BANK0 ] unsigned long 
  multiplicand    4    4[BANK0 ] unsigned long 
 Auto vars:     Size  Location     Type
  product         4    8[BANK0 ] unsigned long 
 Return value:  Size  Location     Type
                  4    0[BANK0 ] unsigned long 
 Registers used:
		wreg, status,2, status,0
 Tracked objects:
		On entry : 
		On exit  : 
		Unchanged: 
 Data sizes:     COMMON   BANK0   BANK1   BANK3   BANK2
      Params:         0       8       0       0       0
      Locals:         0       4       0       0       0
      Temps:          1       0       0       0       0
      Totals:         1      12       0       0       0
Total ram usage:       13 bytes
 Hardware stack levels used:    1
 Hardware stack levels required when called:    1
 This function calls:
		Nothing
 This function is called by:
		_PWM_DutyCycle
 This function uses a non-reentrant model


 *************** function ___lldiv *****************
 Defined at:
		line 6 in file "C:\Program Files (x86)\Microchip\xc8\v1.45\sources\common\lldiv.c"
 Parameters:    Size  Location     Type
  divisor         4   12[BANK0 ] unsigned long 
  dividend        4   16[BANK0 ] unsigned long 
 Auto vars:     Size  Location     Type
  quotient        4   20[BANK0 ] unsigned long 
  counter         1   24[BANK0 ] unsigned char 
 Return value:  Size  Location     Type
                  4   12[BANK0 ] unsigned long 
 Registers used:
		wreg, status,2, status,0
 Tracked objects:
		On entry : 
		On exit  : 
		Unchanged: 
 Data sizes:     COMMON   BANK0   BANK1   BANK3   BANK2
      Params:         0       8       0       0       0
      Locals:         0       5       0       0       0
      Temps:          1       0       0       0       0
      Totals:         1      13       0       0       0
Total ram usage:       14 bytes
 Hardware stack levels used:    1
 Hardware stack levels required when called:    1
 This function calls:
		Nothing
 This function is called by:
		_PWM_Init
		_PWM_DutyCycle
		_UART_Init
 This function uses a non-reentrant model


 *************** function _Oscillator_Init *****************
 Defined at:
		line 23 in file "SYST_Init.c"
 Parameters:    Size  Location     Type
		None
 Auto vars:     Size  Location     Type
		None
 Return value:  Size  Location     Type
                  1    wreg      void 
 Registers used:
		status,2
 Tracked objects:
		On entry : 
		On exit  : 
		Unchanged: 
 Data sizes:     COMMON   BANK0   BANK1   BANK3   BANK2
      Params:         0       0       0       0       0
      Locals:         0       0       0       0       0
      Temps:          0       0       0       0       0
      Totals:         0       0       0       0       0
Total ram usage:        0 bytes
 Hardware stack levels used:    1
 Hardware stack levels required when called:    1
 This function calls:
		Nothing
 This function is called by:
		_system_Initialize
 This function uses a non-reentrant model


 *************** function _Lcd_Init *****************
 Defined at:
		line 62 in file "lcd_Config.c"
 Parameters:    Size  Location     Type
		None
 Auto vars:     Size  Location     Type
		None
 Return value:  Size  Location     Type
                  1    wreg      void 
 Registers used:
		wreg, status,2, status,0, pclath, cstack
 Tracked objects:
		On entry : 
		On exit  : 
		Unchanged: 
 Data sizes:     COMMON   BANK0   BANK1   BANK3   BANK2
      Params:         0       0       0       0       0
      Locals:         0       0       0       0       0
      Temps:          0       2       0       0       0
      Totals:         0       2       0       0       0
Total ram usage:        2 bytes
 Hardware stack levels used:    1
 Hardware stack levels required when called:    3
 This function calls:
		_Lcd_Cmd
		_Lcd_Port
 This function is called by:
		_system_Initialize
 This function uses a non-reentrant model


 *************** function _Lcd_Cmd *****************
 Defined at:
		line 32 in file "lcd_Config.c"
 Parameters:    Size  Location     Type
  a               1    wreg     unsigned char 
 Auto vars:     Size  Location     Type
  a               1    0[BANK0 ] unsigned char 
 Return value:  Size  Location     Type
                  1    wreg      void 
 Registers used:
		wreg, status,2, status,0, pclath, cstack
 Tracked objects:
		On entry : 
		On exit  : 
		Unchanged: 
 Data sizes:     COMMON   BANK0   BANK1   BANK3   BANK2
      Params:         0       0       0       0       0
      Locals:         0       1       0       0       0
      Temps:          2       0       0       0       0
      Totals:         2       1       0       0       0
Total ram usage:        3 bytes
 Hardware stack levels used:    1
 Hardware stack levels required when called:    2
 This function calls:
		_Lcd_Port
 This function is called by:
		_Lcd_Set_Cursor
		_Lcd_Init
		_Lcd_Clear
		_Lcd_Shift_Right
		_Lcd_Shift_Left
 This function uses a non-reentrant model


 *************** function _Lcd_Port *****************
 Defined at:
		line 10 in file "lcd_Config.c"
 Parameters:    Size  Location     Type
  a               1    wreg     unsigned char 
 Auto vars:     Size  Location     Type
  a               1    4[COMMON] unsigned char 
 Return value:  Size  Location     Type
                  1    wreg      void 
 Registers used:
		wreg
 Tracked objects:
		On entry : 
		On exit  : 
		Unchanged: 
 Data sizes:     COMMON   BANK0   BANK1   BANK3   BANK2
      Params:         0       0       0       0       0
      Locals:         1       0       0       0       0
      Temps:          0       0       0       0       0
      Totals:         1       0       0       0       0
Total ram usage:        1 bytes
 Hardware stack levels used:    1
 Hardware stack levels required when called:    1
 This function calls:
		Nothing
 This function is called by:
		_Lcd_Cmd
		_Lcd_Init
		_Lcd_Write_Char
 This function uses a non-reentrant model


 *************** function _Interrupt_Init *****************
 Defined at:
		line 10 in file "interrupt_Init.c"
 Parameters:    Size  Location     Type
		None
 Auto vars:     Size  Location     Type
		None
 Return value:  Size  Location     Type
                  1    wreg      void 
 Registers used:
		None
 Tracked objects:
		On entry : 
		On exit  : 
		Unchanged: 
 Data sizes:     COMMON   BANK0   BANK1   BANK3   BANK2
      Params:         0       0       0       0       0
      Locals:         0       0       0       0       0
      Temps:          0       0       0       0       0
      Totals:         0       0       0       0       0
Total ram usage:        0 bytes
 Hardware stack levels used:    1
 Hardware stack levels required when called:    1
 This function calls:
		Nothing
 This function is called by:
		_system_Initialize
 This function uses a non-reentrant model


 *************** function _ADC_Init *****************
 Defined at:
		line 13 in file "adc_Init.c"
 Parameters:    Size  Location     Type
		None
 Auto vars:     Size  Location     Type
		None
 Return value:  Size  Location     Type
                  1    wreg      void 
 Registers used:
		wreg, status,2, status,0
 Tracked objects:
		On entry : 
		On exit  : 
		Unchanged: 
 Data sizes:     COMMON   BANK0   BANK1   BANK3   BANK2
      Params:         0       0       0       0       0
      Locals:         0       0       0       0       0
      Temps:          0       0       0       0       0
      Totals:         0       0       0       0       0
Total ram usage:        0 bytes
 Hardware stack levels used:    1
 Hardware stack levels required when called:    1
 This function calls:
		Nothing
 This function is called by:
		_system_Initialize
 This function uses a non-reentrant model


 *************** function _Ass_2 *****************
 Defined at:
		line 16 in file "Assignement_Two.c"
 Parameters:    Size  Location     Type
		None
 Auto vars:     Size  Location     Type
		None
 Return value:  Size  Location     Type
                  1    wreg      void 
 Registers used:
		None
 Tracked objects:
		On entry : 
		On exit  : 
		Unchanged: 
 Data sizes:     COMMON   BANK0   BANK1   BANK3   BANK2
      Params:         0       0       0       0       0
      Locals:         0       0       0       0       0
      Temps:          0       0       0       0       0
      Totals:         0       0       0       0       0
Total ram usage:        0 bytes
 Hardware stack levels used:    1
 Hardware stack levels required when called:    1
 This function calls:
		Nothing
 This function is called by:
		_main
 This function uses a non-reentrant model


 *************** function _ASS_1 *****************
 Defined at:
		line 15 in file "Assignement_One.c"
 Parameters:    Size  Location     Type
		None
 Auto vars:     Size  Location     Type
  bSize           2   16[BANK0 ] int 
  bSize           2   14[BANK0 ] int 
 Return value:  Size  Location     Type
                  1    wreg      void 
 Registers used:
		wreg, fsr0l, fsr0h, status,2, status,0, pclath, cstack
 Tracked objects:
		On entry : 
		On exit  : 
		Unchanged: 
 Data sizes:     COMMON   BANK0   BANK1   BANK3   BANK2
      Params:         0       0       0       0       0
      Locals:         0       4       0       0       0
      Temps:          0       6       0       0       0
      Totals:         0      10       0       0       0
Total ram usage:       10 bytes
 Hardware stack levels used:    1
 Hardware stack levels required when called:    3
 This function calls:
		_UART_Read
		_UART_Write_String
 This function is called by:
		_main
 This function uses a non-reentrant model


 *************** function _UART_Write_String *****************
 Defined at:
		line 32 in file "uart_Init.c"
 Parameters:    Size  Location     Type
  cText           2    0[BANK0 ] PTR unsigned char 
		 -> RAM(512), 
 Auto vars:     Size  Location     Type
  iSize           2    6[BANK0 ] int 
 Return value:  Size  Location     Type
                  1    wreg      void 
 Registers used:
		wreg, fsr0l, fsr0h, status,2, status,0, pclath, cstack
 Tracked objects:
		On entry : 
		On exit  : 
		Unchanged: 
 Data sizes:     COMMON   BANK0   BANK1   BANK3   BANK2
      Params:         0       2       0       0       0
      Locals:         0       2       0       0       0
      Temps:          0       4       0       0       0
      Totals:         0       8       0       0       0
Total ram usage:        8 bytes
 Hardware stack levels used:    1
 Hardware stack levels required when called:    2
 This function calls:
		_UART_Write_char
 This function is called by:
		_ASS_1
 This function uses a non-reentrant model


 *************** function _UART_Write_char *****************
 Defined at:
		line 27 in file "uart_Init.c"
 Parameters:    Size  Location     Type
  iData           2    4[COMMON] unsigned int 
 Auto vars:     Size  Location     Type
		None
 Return value:  Size  Location     Type
                  1    wreg      void 
 Registers used:
		wreg
 Tracked objects:
		On entry : 
		On exit  : 
		Unchanged: 
 Data sizes:     COMMON   BANK0   BANK1   BANK3   BANK2
      Params:         2       0       0       0       0
      Locals:         0       0       0       0       0
      Temps:          0       0       0       0       0
      Totals:         2       0       0       0       0
Total ram usage:        2 bytes
 Hardware stack levels used:    1
 Hardware stack levels required when called:    1
 This function calls:
		Nothing
 This function is called by:
		_UART_Write_String
 This function uses a non-reentrant model


 *************** function _UART_Read *****************
 Defined at:
		line 38 in file "uart_Init.c"
 Parameters:    Size  Location     Type
		None
 Auto vars:     Size  Location     Type
		None
 Return value:  Size  Location     Type
                  2    4[COMMON] unsigned int 
 Registers used:
		wreg
 Tracked objects:
		On entry : 
		On exit  : 
		Unchanged: 
 Data sizes:     COMMON   BANK0   BANK1   BANK3   BANK2
      Params:         2       0       0       0       0
      Locals:         0       0       0       0       0
      Temps:          0       2       0       0       0
      Totals:         2       2       0       0       0
Total ram usage:        4 bytes
 Hardware stack levels used:    1
 Hardware stack levels required when called:    1
 This function calls:
		Nothing
 This function is called by:
		_ASS_1
 This function uses a non-reentrant model


 *************** function _ISR *****************
 Defined at:
		line 25 in file "interrupt_Init.c"
 Parameters:    Size  Location     Type
		None
 Auto vars:     Size  Location     Type
		None
 Return value:  Size  Location     Type
                  1    wreg      void 
 Registers used:
		None
 Tracked objects:
		On entry : 
		On exit  : 
		Unchanged: 
 Data sizes:     COMMON   BANK0   BANK1   BANK3   BANK2
      Params:         0       0       0       0       0
      Locals:         0       0       0       0       0
      Temps:          4       0       0       0       0
      Totals:         4       0       0       0       0
Total ram usage:        4 bytes
 Hardware stack levels used:    1
 This function calls:
		Nothing
 This function is called by:
		Interrupt level 1
 This function uses a non-reentrant model



MODULE INFORMATION

Module		Function		Class		Link	Load	Size
pin_Manager.c
		_pinManager    		CODE           	0CA4	0000	44

pin_Manager.c estimated size: 44

spi_Init.c
		_SPI_Init      		CODE           	0BB3	0000	14

spi_Init.c estimated size: 14

C:\Program Files (x86)\Microchip\xc8\v1.45\sources\common\float.c
		___ftpack      		CODE           	064E	0000	111

C:\Program Files (x86)\Microchip\xc8\v1.45\sources\common\float.c estimated size: 111

C:\Program Files (x86)\Microchip\xc8\v1.45\sources\common\doprnt.c
		_sprintf       		CODE           	0035	0000	417

C:\Program Files (x86)\Microchip\xc8\v1.45\sources\common\doprnt.c estimated size: 417

SYST_Init.c
		_system_Initialize		CODE           	0F0D	0000	76
		_Oscillator_Init		CODE           	0BA5	0000	6

SYST_Init.c estimated size: 82

pwm_Init.c
		_PWM_DutyCycle 		CODE           	05DF	0000	112
		_PWM_Init      		CODE           	0EC8	0000	70

pwm_Init.c estimated size: 182

C:\Program Files (x86)\Microchip\xc8\v1.45\sources\common\Umul16.c
		___wmul        		CODE           	0C56	0000	36

C:\Program Files (x86)\Microchip\xc8\v1.45\sources\common\Umul16.c estimated size: 36

C:\Program Files (x86)\Microchip\xc8\v1.45\sources\common\isdigit.c
		_isdigit       		CODE           	0BCE	0000	15

C:\Program Files (x86)\Microchip\xc8\v1.45\sources\common\isdigit.c estimated size: 15

adc_Init.c
		_temp_Measurement		CODE           	02DE	0000	233
		_temp_Display  		CODE           	0FAA	0000	87
		_ADC_Init      		CODE           	0C23	0000	26

adc_Init.c estimated size: 346

uart_Init.c
		_UART_Write_String		CODE           	0D5B	0000	55
		_UART_Read     		CODE           	0BC0	0000	15
		_UART_Init     		CODE           	0E06	0000	65
		_UART_Write_char		CODE           	0BAA	0000	10

uart_Init.c estimated size: 145

C:\Program Files (x86)\Microchip\xc8\v1.45\sources\common\lwmod.c
		___lwmod       		CODE           	0D27	0000	53

C:\Program Files (x86)\Microchip\xc8\v1.45\sources\common\lwmod.c estimated size: 53

C:\Program Files (x86)\Microchip\xc8\v1.45\sources\common\ftmul.c
		___ftmul       		CODE           	03C6	0000	212

C:\Program Files (x86)\Microchip\xc8\v1.45\sources\common\ftmul.c estimated size: 212

C:\Program Files (x86)\Microchip\xc8\v1.45\sources\common\ftdiv.c
		___ftdiv       		CODE           	0499	0000	185

C:\Program Files (x86)\Microchip\xc8\v1.45\sources\common\ftdiv.c estimated size: 185

C:\Program Files (x86)\Microchip\xc8\v1.45\sources\common\Umul32.c
		___lmul        		CODE           	0E46	0000	66

C:\Program Files (x86)\Microchip\xc8\v1.45\sources\common\Umul32.c estimated size: 66

lcd_Config.c
		_Lcd_Init      		CODE           	0725	0000	98
		_Lcd_Write_Char		CODE           	0D91	0000	56
		_Lcd_Cmd       		CODE           	07E6	0000	27
		_Lcd_write     		CODE           	0E87	0000	66
		_Lcd_Set_Cursor		CODE           	0F58	0000	83
		_Lcd_Port      		CODE           	0C3C	0000	27

lcd_Config.c estimated size: 357

shared
		__stringtab    		STRING         	0800	0000	17
		_dpowers       		STRING         	0810	0000	11
		__initialization		CODE           	0015	0000	29

shared estimated size: 57

C:\Program Files (x86)\Microchip\xc8\v1.45\sources\common\fttol.c
		___fttol       		CODE           	0551	0000	143

C:\Program Files (x86)\Microchip\xc8\v1.45\sources\common\fttol.c estimated size: 143

C:\Program Files (x86)\Microchip\xc8\v1.45\sources\common\lwdiv.c
		___lwdiv       		CODE           	0DC8	0000	63

C:\Program Files (x86)\Microchip\xc8\v1.45\sources\common\lwdiv.c estimated size: 63

Assignement_One.c
		_ASS_1         		CODE           	06BC	0000	106

Assignement_One.c estimated size: 106

C:\Program Files (x86)\Microchip\xc8\v1.45\sources\common\ftadd.c
		___ftadd       		CODE           	01D5	0000	266

C:\Program Files (x86)\Microchip\xc8\v1.45\sources\common\ftadd.c estimated size: 266

Assignement_Two.c
		_Ass_2         		CODE           	0003	0000	2

Assignement_Two.c estimated size: 2

C:\Program Files (x86)\Microchip\xc8\v1.45\sources\common\lldiv.c
		___lldiv       		CODE           	0786	0000	97

C:\Program Files (x86)\Microchip\xc8\v1.45\sources\common\lldiv.c estimated size: 97

main.c
		_main          		CODE           	0CCF	0000	44

main.c estimated size: 44

C:\Program Files (x86)\Microchip\xc8\v1.45\sources\common\lwtoft.c
		___lwtoft      		CODE           	0C0B	0000	25

C:\Program Files (x86)\Microchip\xc8\v1.45\sources\common\lwtoft.c estimated size: 25

timer_Init.c
		_TMR0_Init     		CODE           	0BEB	0000	16

timer_Init.c estimated size: 16

interrupt_Init.c
		_ISR           		CODE           	0C79	0000	44
		_Interrupt_Init		CODE           	0BDC	0000	16

interrupt_Init.c estimated size: 60

