Microchip MPLAB XC8 Compiler V1.45 ()

Linker command line:

-W-3 --edf=C:\Program Files (x86)\Microchip\xc8\v1.45\dat\en_msgs.txt -cs \
  -h+dist/default/production\YALA_8bit_Demo_Code.X.production.sym \
  --cmf=dist/default/production\YALA_8bit_Demo_Code.X.production.cmf -z \
  -Q16F887 -oC:\Users\CEDRIC\AppData\Local\Temp\si8g.2 \
  -Mdist/default/production/YALA_8bit_Demo_Code.X.production.map -E1 \
  -ver=XC8 -ASTACK=0110h-016fh -pstack=STACK -ACODE=00h-07FFhx4 \
  -ASTRCODE=00h-01FFFh -ASTRING=00h-0FFhx32 -ACONST=00h-0FFhx32 \
  -AENTRY=00h-0FFhx32 -ACOMMON=070h-07Fh -ABANK0=020h-06Fh \
  -ABANK1=0A0h-0EFh -ABANK2=0110h-016Fh -ABANK3=0190h-01EFh \
  -ARAM=020h-06Fh,0A0h-0EFh,0110h-016Fh,0190h-01EFh \
  -AABS1=020h-07Fh,0A0h-0EFh,0110h-016Fh,0190h-01EFh -ASFR0=00h-01Fh \
  -ASFR1=080h-09Fh -ASFR2=0100h-010Fh -ASFR3=0180h-018Fh \
  -preset_vec=00h,intentry=04h,init,end_init -ppowerup=CODE -pcinit=CODE \
  -pfunctab=ENTRY -ACONFIG=02007h-02008h -pconfig=CONFIG -DCONFIG=2 \
  -AIDLOC=02000h-02003h -pidloc=IDLOC -DIDLOC=2 -AEEDATA=00h-0FFh/02100h \
  -peeprom_data=EEDATA -DEEDATA=2 -DCODE=2 -DSTRCODE=2 -DSTRING=2 -DCONST=2 \
  -DENTRY=2 -k C:\Users\CEDRIC\AppData\Local\Temp\si8g.obj \
  dist/default/production\YALA_8bit_Demo_Code.X.production.obj 

Object code version is 3.11

Machine type is 16F887



                Name                               Link     Load   Length Selector   Space Scale
C:\Users\CEDRIC\AppData\Local\Temp\si8g.obj
                end_init                             12       12        3        8       0
                reset_vec                             0        0        3        0       0
                config                             2007     2007        2     400E       0
dist/default/production\YALA_8bit_Demo_Code.X.production.obj
                cinit                                15       15       1E        8       0
                intentry                              4        4        E        8       0
                text32                              DC9      DC9       2B     1B92       0
                text31                              D36      D36       19     1A6C       0
                text30                              CD8      CD8        F     19B0       0
                text29                              D4F      D4F       1A     1A9E       0
                text28                              D69      D69       1A     1AD2       0
                text27                              6B4      6B4       61        8       0
                text26                              7FB      7FB        5        8       0
                text25                              715      715       60        8       0
                text24                              EDD      EDD       41     1DBA       0
                text23                              5D7      5D7       6F        8       0
                text22                              F1E      F1E       45     1E3C       0
                text21                              CBD      CBD        D     197A       0
                text20                              CE7      CE7        F     19CE       0
                text19                              E9D      E9D       40     1D3A       0
                text18                              7D0      7D0       2B        8       0
                text17                              F63      F63       4B     1EC6       0
                text16                              FAE      FAE       52     1F5C       0
                text15                              E28      E28       37     1C50       0
                text14                              D83      D83       23     1B06       0
                text13                              E5F      E5F       3E     1CBE       0
                text12                              DF4      DF4       34     1BE8       0
                text11                              DA6      DA6       23     1B4C       0
                text10                              CCA      CCA        E     1994       0
                text9                                33       33      1A0        8       0
                text8                               646      646       6E        8       0
                text7                               1D3      1D3      109        8       0
                text6                               491      491       B8        8       0
                text5                               3BE      3BE       D3        8       0
                text4                               549      549       8E        8       0
                text3                               D1E      D1E       18     1A3C       0
                text2                               2DC      2DC       E2        8       0
                text1                               775      775       5B        8       0
                maintext                            CB2      CB2        B     1964       0
                cstackBANK0                          20       20       4E       20       1
                cstackCOMMON                         70       70        7       70       1
                cstackBANK1                          A0       A0       1D       A0       1
                inittext                            CF6      CF6       11     19EC       0
                dataBANK1                            BD       BD       17       A0       1
                bssBANK1                             D4       D4        6       A0       1
                bssBANK0                             6E       6E        1       20       1
                bssCOMMON                            77       77        3       70       1
                strings                             800      800       14     1000       0
                idataBANK1                          D07      D07       17     1A0E       0

TOTAL           Name                               Link     Load   Length     Space
        CLASS   STACK          

        CLASS   CODE           
                end_init                             12       12        3         0
                cinit                                15       15       1E         0
                intentry                              4        4        E         0
                reset_vec                             0        0        3         0
                text32                              DC9      DC9       2B         0
                text31                              D36      D36       19         0
                text30                              CD8      CD8        F         0
                text29                              D4F      D4F       1A         0
                text28                              D69      D69       1A         0
                text27                              6B4      6B4       61         0
                text26                              7FB      7FB        5         0
                text25                              715      715       60         0
                text24                              EDD      EDD       41         0
                text23                              5D7      5D7       6F         0
                text22                              F1E      F1E       45         0
                text21                              CBD      CBD        D         0
                text20                              CE7      CE7        F         0
                text19                              E9D      E9D       40         0
                text18                              7D0      7D0       2B         0
                text17                              F63      F63       4B         0
                text16                              FAE      FAE       52         0
                text15                              E28      E28       37         0
                text14                              D83      D83       23         0
                text13                              E5F      E5F       3E         0
                text12                              DF4      DF4       34         0
                text11                              DA6      DA6       23         0
                text10                              CCA      CCA        E         0
                text9                                33       33      1A0         0
                text8                               646      646       6E         0
                text7                               1D3      1D3      109         0
                text6                               491      491       B8         0
                text5                               3BE      3BE       D3         0
                text4                               549      549       8E         0
                text3                               D1E      D1E       18         0
                text2                               2DC      2DC       E2         0
                text1                               775      775       5B         0
                maintext                            CB2      CB2        B         0
                inittext                            CF6      CF6       11         0
                idataBANK1                          D07      D07       17         0

        CLASS   STRCODE        

        CLASS   STRING         
                strings                             800      800       14         0

        CLASS   CONST          

        CLASS   ENTRY          

        CLASS   COMMON         
                cstackCOMMON                         70       70        7         1
                bssCOMMON                            77       77        3         1

        CLASS   BANK0          
                cstackBANK0                          20       20       4E         1
                bssBANK0                             6E       6E        1         1

        CLASS   BANK1          
                cstackBANK1                          A0       A0       1D         1
                dataBANK1                            BD       BD       17         1
                bssBANK1                             D4       D4        6         1

        CLASS   BANK2          

        CLASS   BANK3          

        CLASS   RAM            

        CLASS   ABS1           
                abs_s1                               7E       7E        2         1

        CLASS   SFR0           

        CLASS   SFR1           

        CLASS   SFR2           

        CLASS   SFR3           

        CLASS   CONFIG         
                config                             2007     2007        2         0

        CLASS   IDLOC          

        CLASS   EEDATA         



SEGMENTS        Name                           Load    Length   Top    Selector   Space  Class     Delta

                reset_vec                      000000  000003  000003         0       0  CODE        2
                intentry                       000004  0007FC  000800         8       0  CODE        2
                cstackBANK0                    000020  00004F  00006F        20       1  BANK0       1
                cstackCOMMON                   000070  00000A  00007A        70       1  COMMON      1
                cstackBANK1                    0000A0  00003A  0000DA        A0       1  BANK1       1
                strings                        000800  000014  000814      1000       0  STRING      2
                maintext                       000CB2  00000B  000CBD      1964       0  CODE        2
                text21                         000CBD  00000D  000CCA      197A       0  CODE        2
                text10                         000CCA  00000E  000CD8      1994       0  CODE        2
                text30                         000CD8  00000F  000CE7      19B0       0  CODE        2
                text20                         000CE7  00000F  000CF6      19CE       0  CODE        2
                inittext                       000CF6  000011  000D07      19EC       0  CODE        2
                idataBANK1                     000D07  000017  000D1E      1A0E       0  CODE        2
                text3                          000D1E  000018  000D36      1A3C       0  CODE        2
                text31                         000D36  000019  000D4F      1A6C       0  CODE        2
                text29                         000D4F  00001A  000D69      1A9E       0  CODE        2
                text28                         000D69  00001A  000D83      1AD2       0  CODE        2
                text14                         000D83  000023  000DA6      1B06       0  CODE        2
                text11                         000DA6  000023  000DC9      1B4C       0  CODE        2
                text32                         000DC9  00002B  000DF4      1B92       0  CODE        2
                text12                         000DF4  000034  000E28      1BE8       0  CODE        2
                text15                         000E28  000037  000E5F      1C50       0  CODE        2
                text13                         000E5F  00003E  000E9D      1CBE       0  CODE        2
                text19                         000E9D  000040  000EDD      1D3A       0  CODE        2
                text24                         000EDD  000041  000F1E      1DBA       0  CODE        2
                text22                         000F1E  000045  000F63      1E3C       0  CODE        2
                text17                         000F63  00004B  000FAE      1EC6       0  CODE        2
                text16                         000FAE  000052  001000      1F5C       0  CODE        2
                config                         002007  000002  002009      400E       0  CONFIG      2


UNUSED ADDRESS RANGES

        Name                Unused          Largest block    Delta
        BANK0            006F-006F              1           1
        BANK1            00DA-00EF             16           1
        BANK2            0110-016F             60           1
        BANK3            0190-01EF             60           1
        CODE             0003-0003              1           2
                         0814-0CB1            49E
                         1000-1FFF            800
        COMMON           007A-007D              4           1
        CONST            0003-0003              1           2
                         0814-0CB1            100
                         1000-1FFF            100
        EEDATA           2100-21FF            100           2
        ENTRY            0003-0003              1           2
                         0814-0CB1            100
                         1000-1FFF            100
        IDLOC            2000-2003              4           2
        RAM              006F-006F              1           1
                         00DA-00EF             16
                         0110-016F             60
                         0190-01EF             60
        SFR0             0000-001F             20           1
        SFR1             0080-009F             20           1
        SFR2             0100-010F             10           1
        SFR3             0180-018F             10           1
        STACK            0110-016F             60           1
        STRCODE          0003-0003              1           2
                         0814-0CB1            49E
                         1000-1FFF           1000
        STRING           0003-0003              1           2
                         0814-0CB1            100
                         1000-1FFF            100

                                  Symbol Table

?___ftadd                   cstackBANK0  0049
?___ftdiv                   cstackBANK0  0039
?___ftmul                   cstackBANK0  0029
?___ftpack                  cstackBANK0  0020
?___fttol                   cstackBANK0  0056
?___lldiv                   cstackBANK0  002C
?___lmul                    cstackBANK0  0020
?___lwdiv                   cstackBANK0  0020
?___lwmod                   cstackBANK0  0027
?___lwtoft                  cstackBANK0  0025
?___wmul                    cstackBANK0  0020
?_sprintf                   cstackBANK0  006B
Lcd_Cmd@a                   cstackBANK0  0020
Lcd_Port@a                  cstackCOMMON 0074
Lcd_Set_Cursor@column       cstackBANK0  0021
Lcd_Set_Cursor@raw          cstackBANK0  0024
Lcd_Set_Cursor@temp         cstackBANK0  0027
Lcd_Set_Cursor@y            cstackBANK0  0026
Lcd_Set_Cursor@z            cstackBANK0  0025
Lcd_Write_Char@a            cstackBANK0  0022
Lcd_Write_Char@temp         cstackBANK0  0020
Lcd_Write_Char@y            cstackBANK0  0021
Lcd_write@i                 cstackBANK0  0023
Lcd_write@string            cstackBANK0  0025
PWM_DutyCycle@iDutyCycle    cstackBANK0  0039
PWM_Init@iFrequency         cstackBANK0  0039
UART_Init@baudRate          cstackBANK0  0039
_ADCON0bits                 (abs)        001F
_ADCON1bits                 (abs)        009F
_ADC_Init                   text31       0D36
_ADRESH                     (abs)        001E
_ADRESL                     (abs)        009E
_ANSELH                     (abs)        0189
_ANSELbits                  (abs)        0188
_BAUDCTLbits                (abs)        0187
_CCP1CONbits                (abs)        0017
_CCPR1L                     (abs)        0015
_GO_DONE                    (abs)        00F9
_INTCONbits                 (abs)        000B
_ISR                        text32       0DC9
_Interrupt_Init             text30       0CD8
_Lcd_Cmd                    text28       0D69
_Lcd_Init                   text27       06B4
_Lcd_Port                   text29       0D4F
_Lcd_Set_Cursor             text16       0FAE
_Lcd_Write_Char             text15       0E28
_Lcd_write                  text14       0D83
_OPTION_REGbits             (abs)        0081
_OSCCON                     (abs)        008F
_OSCTUNE                    (abs)        0090
_Oscillator_Init            text26       07FB
_PIE1bits                   (abs)        008C
_PIR1bits                   (abs)        000C
_PORTA                      (abs)        0005
_PORTAbits                  (abs)        0005
_PORTB                      (abs)        0006
_PORTBbits                  (abs)        0006
_PORTC                      (abs)        0007
_PORTD                      (abs)        0008
_PORTE                      (abs)        0009
_PR2                        (abs)        0092
_PWM_DutyCycle              text23       05D7
_PWM_Init                   text22       0F1E
_RCREG                      (abs)        001A
_RCSTAbits                  (abs)        0018
_SPBRG                      (abs)        0099
_SPI_Init                   text21       0CBD
_SSPBUF                     (abs)        0013
_SSPCONbits                 (abs)        0014
_T2CONbits                  (abs)        0012
_TMR0                       (abs)        0001
_TMR0_Init                  text20       0CE7
_TRISAbits                  (abs)        0085
_TRISB                      (abs)        0086
_TRISBbits                  (abs)        0086
_TRISCbits                  (abs)        0087
_TRISD                      (abs)        0088
_TXREG                      (abs)        0019
_TXSTAbits                  (abs)        0098
_UART_Init                  text19       0E9D
__CFG_BOR4V$BOR40V          (abs)        0000
__CFG_BOREN$OFF             (abs)        0000
__CFG_CP$OFF                (abs)        0000
__CFG_CPD$OFF               (abs)        0000
__CFG_FCMEN$ON              (abs)        0000
__CFG_FOSC$HS               (abs)        0000
__CFG_IESO$ON               (abs)        0000
__CFG_LVP$ON                (abs)        0000
__CFG_MCLRE$ON              (abs)        0000
__CFG_PWRTE$OFF             (abs)        0000
__CFG_WDTE$OFF              (abs)        0000
__CFG_WRT$OFF               (abs)        0000
__Habs1                     abs1         0000
__Hbank0                    bank0        0000
__Hbank1                    bank1        0000
__Hbank2                    bank2        0000
__Hbank3                    bank3        0000
__HbssBANK0                 bssBANK0     0000
__HbssBANK1                 bssBANK1     0000
__HbssCOMMON                bssCOMMON    0000
__Hcinit                    cinit        0033
__Hclrtext                  clrtext      0000
__Hcode                     code         0000
__Hcommon                   common       0000
__Hconfig                   config       2009
__HcstackBANK0              cstackBANK0  0000
__HcstackBANK1              cstackBANK1  0000
__HcstackCOMMON             cstackCOMMON 0000
__HdataBANK1                dataBANK1    0000
__Heeprom_data              eeprom_data  0000
__Hend_init                 end_init     0015
__Hfunctab                  functab      0000
__HidataBANK1               idataBANK1   0000
__Hidloc                    idloc        0000
__Hinit                     init         0012
__Hinittext                 inittext     0000
__Hintentry                 intentry     0012
__Hmaintext                 maintext     0000
__Hpowerup                  powerup      0000
__Hram                      ram          0000
__Hreset_vec                reset_vec    0003
__Hsfr0                     sfr0         0000
__Hsfr1                     sfr1         0000
__Hsfr2                     sfr2         0000
__Hsfr3                     sfr3         0000
__Hspace_0                  (abs)        2009
__Hspace_1                  (abs)        00DA
__Hspace_2                  (abs)        0000
__Hspace_3                  (abs)        0000
__Hstack                    stack        0000
__Hstrings                  strings      0000
__Htext                     text         0000
__Labs1                     abs1         0000
__Lbank0                    bank0        0000
__Lbank1                    bank1        0000
__Lbank2                    bank2        0000
__Lbank3                    bank3        0000
__LbssBANK0                 bssBANK0     0000
__LbssBANK1                 bssBANK1     0000
__LbssCOMMON                bssCOMMON    0000
__Lcinit                    cinit        0015
__Lclrtext                  clrtext      0000
__Lcode                     code         0000
__Lcommon                   common       0000
__Lconfig                   config       2007
__LcstackBANK0              cstackBANK0  0000
__LcstackBANK1              cstackBANK1  0000
__LcstackCOMMON             cstackCOMMON 0000
__LdataBANK1                dataBANK1    0000
__Leeprom_data              eeprom_data  0000
__Lend_init                 end_init     0012
__Lfunctab                  functab      0000
__LidataBANK1               idataBANK1   0000
__Lidloc                    idloc        0000
__Linit                     init         0012
__Linittext                 inittext     0000
__Lintentry                 intentry     0004
__Lmaintext                 maintext     0000
__Lpowerup                  powerup      0000
__Lram                      ram          0000
__Lreset_vec                reset_vec    0000
__Lsfr0                     sfr0         0000
__Lsfr1                     sfr1         0000
__Lsfr2                     sfr2         0000
__Lsfr3                     sfr3         0000
__Lspace_0                  (abs)        0000
__Lspace_1                  (abs)        0000
__Lspace_2                  (abs)        0000
__Lspace_3                  (abs)        0000
__Lstack                    stack        0000
__Lstrings                  strings      0000
__Ltext                     text         0000
__S0                        (abs)        2009
__S1                        (abs)        00DA
__S2                        (abs)        0000
__S3                        (abs)        0000
___ftadd                    text7        01D3
___ftadd@exp1               cstackBANK0  0055
___ftadd@exp2               cstackBANK0  0054
___ftadd@f1                 cstackBANK0  0049
___ftadd@f2                 cstackBANK0  004C
___ftadd@sign               cstackBANK0  0053
___ftdiv                    text6        0491
___ftdiv@cntr               cstackBANK0  0043
___ftdiv@exp                cstackBANK0  0047
___ftdiv@f1                 cstackBANK0  003C
___ftdiv@f2                 cstackBANK0  0039
___ftdiv@f3                 cstackBANK0  0044
___ftdiv@sign               cstackBANK0  0048
___ftmul                    text5        03BE
___ftmul@cntr               cstackBANK0  0037
___ftmul@exp                cstackBANK0  0033
___ftmul@f1                 cstackBANK0  0029
___ftmul@f2                 cstackBANK0  002C
___ftmul@f3_as_product      cstackBANK0  0034
___ftmul@sign               cstackBANK0  0038
___ftpack                   text8        0646
___ftpack@arg               cstackBANK0  0020
___ftpack@exp               cstackBANK0  0023
___ftpack@sign              cstackBANK0  0024
___fttol                    text4        0549
___fttol@exp1               cstackBANK0  0063
___fttol@f1                 cstackBANK0  0056
___fttol@lval               cstackBANK0  005F
___fttol@sign1              cstackBANK0  005E
___int_sp                   stack        0000
___latbits                  (abs)        0002
___lldiv                    text25       0715
___lldiv@counter            cstackBANK0  0038
___lldiv@dividend           cstackBANK0  0030
___lldiv@divisor            cstackBANK0  002C
___lldiv@quotient           cstackBANK0  0034
___lmul                     text24       0EDD
___lmul@multiplicand        cstackBANK0  0024
___lmul@multiplier          cstackBANK0  0020
___lmul@product             cstackBANK0  0028
___lwdiv                    text13       0E5F
___lwdiv@counter            cstackBANK0  0024
___lwdiv@dividend           cstackBANK0  0022
___lwdiv@divisor            cstackBANK0  0020
___lwdiv@quotient           cstackBANK0  0025
___lwmod                    text12       0DF4
___lwmod@counter            cstackCOMMON 0076
___lwmod@dividend           cstackBANK0  0029
___lwmod@divisor            cstackBANK0  0027
___lwtoft                   text3        0D1E
___lwtoft@c                 cstackBANK0  0025
___sp                       stack        0000
___wmul                     text11       0DA6
___wmul@multiplicand        cstackBANK0  0022
___wmul@multiplier          cstackBANK0  0020
___wmul@product             cstackCOMMON 0074
__end_of_ADC_Init           text31       0D4F
__end_of_ISR                text32       0DF4
__end_of_Interrupt_Init     text30       0CE7
__end_of_Lcd_Cmd            text28       0D83
__end_of_Lcd_Init           text27       0715
__end_of_Lcd_Port           text29       0D69
__end_of_Lcd_Set_Cursor     text16       1000
__end_of_Lcd_Write_Char     text15       0E5F
__end_of_Lcd_write          text14       0DA6
__end_of_Oscillator_Init    text26       0800
__end_of_PWM_DutyCycle      text23       0646
__end_of_PWM_Init           text22       0F63
__end_of_SPI_Init           text21       0CCA
__end_of_TMR0_Init          text20       0CF6
__end_of_UART_Init          text19       0EDD
__end_of___ftadd            text7        02DC
__end_of___ftdiv            text6        0549
__end_of___ftmul            text5        0491
__end_of___ftpack           text8        06B4
__end_of___fttol            text4        05D7
__end_of___lldiv            text25       0775
__end_of___lmul             text24       0F1E
__end_of___lwdiv            text13       0E9D
__end_of___lwmod            text12       0E28
__end_of___lwtoft           text3        0D36
__end_of___wmul             text11       0DC9
__end_of__initialization    cinit        002F
__end_of__stringtab         strings      0806
__end_of_dpowers            strings      0810
__end_of_isdigit            text10       0CD8
__end_of_main               maintext     0CBD
__end_of_pinManager         text18       07FB
__end_of_sprintf            text9        01D3
__end_of_system_Initialize  text17       0FAE
__end_of_temp_Display       text1        07D0
__end_of_temp_Measurement   text2        03BE
__initialization            cinit        0015
__pbssBANK0                 bssBANK0     006E
__pbssBANK1                 bssBANK1     00D4
__pbssCOMMON                bssCOMMON    0077
__pcstackBANK0              cstackBANK0  0020
__pcstackBANK1              cstackBANK1  00A0
__pcstackCOMMON             cstackCOMMON 0070
__pdataBANK1                dataBANK1    00BD
__pidataBANK1               idataBANK1   0D07
__pintentry                 intentry     0004
__pmaintext                 maintext     0CB2
__pstrings                  strings      0800
__ptext1                    text1        0775
__ptext10                   text10       0CCA
__ptext11                   text11       0DA6
__ptext12                   text12       0DF4
__ptext13                   text13       0E5F
__ptext14                   text14       0D83
__ptext15                   text15       0E28
__ptext16                   text16       0FAE
__ptext17                   text17       0F63
__ptext18                   text18       07D0
__ptext19                   text19       0E9D
__ptext2                    text2        02DC
__ptext20                   text20       0CE7
__ptext21                   text21       0CBD
__ptext22                   text22       0F1E
__ptext23                   text23       05D7
__ptext24                   text24       0EDD
__ptext25                   text25       0715
__ptext26                   text26       07FB
__ptext27                   text27       06B4
__ptext28                   text28       0D69
__ptext29                   text29       0D4F
__ptext3                    text3        0D1E
__ptext30                   text30       0CD8
__ptext31                   text31       0D36
__ptext32                   text32       0DC9
__ptext4                    text4        0549
__ptext5                    text5        03BE
__ptext6                    text6        0491
__ptext7                    text7        01D3
__ptext8                    text8        0646
__ptext9                    text9        0033
__size_of_ADC_Init          (abs)        0000
__size_of_ISR               (abs)        0000
__size_of_Interrupt_Init    (abs)        0000
__size_of_Lcd_Cmd           (abs)        0000
__size_of_Lcd_Init          (abs)        0000
__size_of_Lcd_Port          (abs)        0000
__size_of_Lcd_Set_Cursor    (abs)        0000
__size_of_Lcd_Write_Char    (abs)        0000
__size_of_Lcd_write         (abs)        0000
__size_of_Oscillator_Init   (abs)        0000
__size_of_PWM_DutyCycle     (abs)        0000
__size_of_PWM_Init          (abs)        0000
__size_of_SPI_Init          (abs)        0000
__size_of_TMR0_Init         (abs)        0000
__size_of_UART_Init         (abs)        0000
__size_of___ftadd           (abs)        0000
__size_of___ftdiv           (abs)        0000
__size_of___ftmul           (abs)        0000
__size_of___ftpack          (abs)        0000
__size_of___fttol           (abs)        0000
__size_of___lldiv           (abs)        0000
__size_of___lmul            (abs)        0000
__size_of___lwdiv           (abs)        0000
__size_of___lwmod           (abs)        0000
__size_of___lwtoft          (abs)        0000
__size_of___wmul            (abs)        0000
__size_of_isdigit           (abs)        0000
__size_of_main              (abs)        0000
__size_of_pinManager        (abs)        0000
__size_of_sprintf           (abs)        0000
__size_of_system_Initialize (abs)        0000
__size_of_temp_Display      (abs)        0000
__size_of_temp_Measurement  (abs)        0000
__stringbase                strings      0805
__stringtab                 strings      0800
_adc                        bssCOMMON    0077
_dpowers                    strings      0806
_isdigit                    text10       0CCA
_isdigit$1267               cstackCOMMON 0074
_main                       maintext     0CB2
_pinManager                 text18       07D0
_rawData                    bssBANK1     00D4
_sTemperature               bssBANK1     00D8
_sprintf                    text9        0033
_system_Initialize          text17       0F63
_temp_Display               text1        0775
_temp_Measurement           text2        02DC
_temp_Measurement$1512      cstackBANK0  0066
_temperature                bssBANK0     006E
btemp                       (abs)        007E
end_of_initialization       cinit        002F
init_fetch0                 inittext     0CF6
init_ram0                   inittext     0CFA
interrupt_function          intentry     0004
intlevel0                   functab      0000
intlevel1                   functab      0000
intlevel2                   functab      0000
intlevel3                   functab      0000
intlevel4                   functab      0000
intlevel5                   functab      0000
isdigit@c                   cstackCOMMON 0075
reset_vec                   reset_vec    0000
saved_w                     (abs)        007E
sprintf@ap                  cstackBANK1  00A3
sprintf@c                   cstackBANK1  00AB
sprintf@f                   cstackBANK0  006B
sprintf@flag                cstackBANK1  00A5
sprintf@prec                cstackBANK1  00A4
sprintf@sp                  cstackBANK1  00A8
sprintf@val                 cstackBANK1  00A6
sprintf@width               cstackBANK1  00A9
stackhi                     (abs)        0000
stacklo                     (abs)        0000
start                       init         0012
start_initialization        cinit        0015
temp_Display@F2019          dataBANK1    00BD
temp_Display@TEMP           cstackBANK1  00B0
temp_Measurement@sample     cstackBANK0  0069
wtemp0                      (abs)        007E


FUNCTION INFORMATION:

 *************** function _main *****************
 Defined at:
		line 11 in file "main.c"
 Parameters:    Size  Location     Type
		None
 Auto vars:     Size  Location     Type
		None
 Return value:  Size  Location     Type
                  2   16[None  ] int 
 Registers used:
		wreg, fsr0l, fsr0h, status,2, status,0, btemp+1, pclath, cstack
 Tracked objects:
		On entry : 
		On exit  : 
		Unchanged: 
 Data sizes:     COMMON   BANK0   BANK1   BANK3   BANK2
      Params:         0       0       0       0       0
      Locals:         0       0       0       0       0
      Temps:          0       0       0       0       0
      Totals:         0       0       0       0       0
Total ram usage:        0 bytes
 Hardware stack levels required when called:    5
 This function calls:
		_system_Initialize
		_temp_Display
 This function is called by:
		Startup code after reset
 This function uses a non-reentrant model


 *************** function _temp_Display *****************
 Defined at:
		line 40 in file "adc_Init.c"
 Parameters:    Size  Location     Type
		None
 Auto vars:     Size  Location     Type
  TEMP           13   16[BANK1 ] unsigned char [13]
 Return value:  Size  Location     Type
                  1    wreg      void 
 Registers used:
		wreg, fsr0l, fsr0h, status,2, status,0, btemp+1, pclath, cstack
 Tracked objects:
		On entry : 
		On exit  : 
		Unchanged: 
 Data sizes:     COMMON   BANK0   BANK1   BANK3   BANK2
      Params:         0       0       0       0       0
      Locals:         0       0      13       0       0
      Temps:          0       0       4       0       0
      Totals:         0       0      17       0       0
Total ram usage:       17 bytes
 Hardware stack levels used:    1
 Hardware stack levels required when called:    4
 This function calls:
		_Lcd_Set_Cursor
		_Lcd_write
		_sprintf
		_temp_Measurement
 This function is called by:
		_main
 This function uses a non-reentrant model


 *************** function _temp_Measurement *****************
 Defined at:
		line 24 in file "adc_Init.c"
 Parameters:    Size  Location     Type
		None
 Auto vars:     Size  Location     Type
  sample          2   73[BANK0 ] int 
 Return value:  Size  Location     Type
                  1    wreg      unsigned char 
 Registers used:
		wreg, status,2, status,0, btemp+1, pclath, cstack
 Tracked objects:
		On entry : 
		On exit  : 
		Unchanged: 
 Data sizes:     COMMON   BANK0   BANK1   BANK3   BANK2
      Params:         0       0       0       0       0
      Locals:         0       5       0       0       0
      Temps:          0       2       0       0       0
      Totals:         0       7       0       0       0
Total ram usage:        7 bytes
 Hardware stack levels used:    1
 Hardware stack levels required when called:    3
 This function calls:
		___ftadd
		___ftdiv
		___ftmul
		___fttol
		___lwdiv
		___lwtoft
 This function is called by:
		_temp_Display
 This function uses a non-reentrant model


 *************** function ___lwtoft *****************
 Defined at:
		line 28 in file "C:\Program Files (x86)\Microchip\xc8\v1.45\sources\common\lwtoft.c"
 Parameters:    Size  Location     Type
  c               2    5[BANK0 ] unsigned int 
 Auto vars:     Size  Location     Type
		None
 Return value:  Size  Location     Type
                  3    5[BANK0 ] float 
 Registers used:
		wreg, status,2, status,0, pclath, cstack
 Tracked objects:
		On entry : 
		On exit  : 
		Unchanged: 
 Data sizes:     COMMON   BANK0   BANK1   BANK3   BANK2
      Params:         0       3       0       0       0
      Locals:         0       0       0       0       0
      Temps:          0       1       0       0       0
      Totals:         0       4       0       0       0
Total ram usage:        4 bytes
 Hardware stack levels used:    1
 Hardware stack levels required when called:    2
 This function calls:
		___ftpack
 This function is called by:
		_temp_Measurement
 This function uses a non-reentrant model


 *************** function ___fttol *****************
 Defined at:
		line 44 in file "C:\Program Files (x86)\Microchip\xc8\v1.45\sources\common\fttol.c"
 Parameters:    Size  Location     Type
  f1              3   54[BANK0 ] float 
 Auto vars:     Size  Location     Type
  lval            4   63[BANK0 ] unsigned long 
  exp1            1   67[BANK0 ] unsigned char 
  sign1           1   62[BANK0 ] unsigned char 
 Return value:  Size  Location     Type
                  4   54[BANK0 ] long 
 Registers used:
		wreg, status,2, status,0
 Tracked objects:
		On entry : 
		On exit  : 
		Unchanged: 
 Data sizes:     COMMON   BANK0   BANK1   BANK3   BANK2
      Params:         0       4       0       0       0
      Locals:         0       6       0       0       0
      Temps:          0       4       0       0       0
      Totals:         0      14       0       0       0
Total ram usage:       14 bytes
 Hardware stack levels used:    1
 Hardware stack levels required when called:    1
 This function calls:
		Nothing
 This function is called by:
		_temp_Measurement
 This function uses a non-reentrant model


 *************** function ___ftmul *****************
 Defined at:
		line 62 in file "C:\Program Files (x86)\Microchip\xc8\v1.45\sources\common\ftmul.c"
 Parameters:    Size  Location     Type
  f1              3    9[BANK0 ] float 
  f2              3   12[BANK0 ] float 
 Auto vars:     Size  Location     Type
  f3_as_produc    3   20[BANK0 ] unsigned um
  sign            1   24[BANK0 ] unsigned char 
  cntr            1   23[BANK0 ] unsigned char 
  exp             1   19[BANK0 ] unsigned char 
 Return value:  Size  Location     Type
                  3    9[BANK0 ] float 
 Registers used:
		wreg, status,2, status,0, pclath, cstack
 Tracked objects:
		On entry : 
		On exit  : 
		Unchanged: 
 Data sizes:     COMMON   BANK0   BANK1   BANK3   BANK2
      Params:         0       6       0       0       0
      Locals:         0       6       0       0       0
      Temps:          0       4       0       0       0
      Totals:         0      16       0       0       0
Total ram usage:       16 bytes
 Hardware stack levels used:    1
 Hardware stack levels required when called:    2
 This function calls:
		___ftpack
 This function is called by:
		_temp_Measurement
 This function uses a non-reentrant model


 *************** function ___ftdiv *****************
 Defined at:
		line 56 in file "C:\Program Files (x86)\Microchip\xc8\v1.45\sources\common\ftdiv.c"
 Parameters:    Size  Location     Type
  f2              3   25[BANK0 ] float 
  f1              3   28[BANK0 ] float 
 Auto vars:     Size  Location     Type
  f3              3   36[BANK0 ] float 
  sign            1   40[BANK0 ] unsigned char 
  exp             1   39[BANK0 ] unsigned char 
  cntr            1   35[BANK0 ] unsigned char 
 Return value:  Size  Location     Type
                  3   25[BANK0 ] float 
 Registers used:
		wreg, status,2, status,0, pclath, cstack
 Tracked objects:
		On entry : 
		On exit  : 
		Unchanged: 
 Data sizes:     COMMON   BANK0   BANK1   BANK3   BANK2
      Params:         0       6       0       0       0
      Locals:         0       6       0       0       0
      Temps:          0       4       0       0       0
      Totals:         0      16       0       0       0
Total ram usage:       16 bytes
 Hardware stack levels used:    1
 Hardware stack levels required when called:    2
 This function calls:
		___ftpack
 This function is called by:
		_temp_Measurement
 This function uses a non-reentrant model


 *************** function ___ftadd *****************
 Defined at:
		line 86 in file "C:\Program Files (x86)\Microchip\xc8\v1.45\sources\common\ftadd.c"
 Parameters:    Size  Location     Type
  f1              3   41[BANK0 ] float 
  f2              3   44[BANK0 ] float 
 Auto vars:     Size  Location     Type
  exp1            1   53[BANK0 ] unsigned char 
  exp2            1   52[BANK0 ] unsigned char 
  sign            1   51[BANK0 ] unsigned char 
 Return value:  Size  Location     Type
                  3   41[BANK0 ] float 
 Registers used:
		wreg, status,2, status,0, pclath, cstack
 Tracked objects:
		On entry : 
		On exit  : 
		Unchanged: 
 Data sizes:     COMMON   BANK0   BANK1   BANK3   BANK2
      Params:         0       6       0       0       0
      Locals:         0       3       0       0       0
      Temps:          0       4       0       0       0
      Totals:         0      13       0       0       0
Total ram usage:       13 bytes
 Hardware stack levels used:    1
 Hardware stack levels required when called:    2
 This function calls:
		___ftpack
 This function is called by:
		_temp_Measurement
 This function uses a non-reentrant model


 *************** function ___ftpack *****************
 Defined at:
		line 62 in file "C:\Program Files (x86)\Microchip\xc8\v1.45\sources\common\float.c"
 Parameters:    Size  Location     Type
  arg             3    0[BANK0 ] unsigned um
  exp             1    3[BANK0 ] unsigned char 
  sign            1    4[BANK0 ] unsigned char 
 Auto vars:     Size  Location     Type
		None
 Return value:  Size  Location     Type
                  3    0[BANK0 ] float 
 Registers used:
		wreg, status,2, status,0
 Tracked objects:
		On entry : 
		On exit  : 
		Unchanged: 
 Data sizes:     COMMON   BANK0   BANK1   BANK3   BANK2
      Params:         0       5       0       0       0
      Locals:         0       0       0       0       0
      Temps:          3       0       0       0       0
      Totals:         3       5       0       0       0
Total ram usage:        8 bytes
 Hardware stack levels used:    1
 Hardware stack levels required when called:    1
 This function calls:
		Nothing
 This function is called by:
		___ftadd
		___ftdiv
		___ftmul
		___lwtoft
 This function uses a non-reentrant model


 *************** function _sprintf *****************
 Defined at:
		line 492 in file "C:\Program Files (x86)\Microchip\xc8\v1.45\sources\common\doprnt.c"
 Parameters:    Size  Location     Type
  sp              1    wreg     PTR unsigned char 
		 -> sTemperature(2), 
  f               1   75[BANK0 ] PTR const unsigned char 
		 -> STR_1(4), 
 Auto vars:     Size  Location     Type
  sp              1    8[BANK1 ] PTR unsigned char 
		 -> sTemperature(2), 
  tmpval          4    0        struct .
  width           2    9[BANK1 ] int 
  val             2    6[BANK1 ] unsigned int 
  cp              2    0        PTR const unsigned char 
  len             2    0        unsigned int 
  c               1   11[BANK1 ] char 
  flag            1    5[BANK1 ] unsigned char 
  prec            1    4[BANK1 ] char 
  ap              1    3[BANK1 ] PTR void [1]
		 -> ?_sprintf(2), 
 Return value:  Size  Location     Type
                  2   75[BANK0 ] int 
 Registers used:
		wreg, fsr0l, fsr0h, status,2, status,0, btemp+1, pclath, cstack
 Tracked objects:
		On entry : 
		On exit  : 
		Unchanged: 
 Data sizes:     COMMON   BANK0   BANK1   BANK3   BANK2
      Params:         0       3       0       0       0
      Locals:         0       0       9       0       0
      Temps:          0       0       3       0       0
      Totals:         0       3      12       0       0
Total ram usage:       15 bytes
 Hardware stack levels used:    1
 Hardware stack levels required when called:    2
 This function calls:
		___lwdiv
		___lwmod
		___wmul
		_isdigit
 This function is called by:
		_temp_Display
 This function uses a non-reentrant model


 *************** function _isdigit *****************
 Defined at:
		line 8 in file "C:\Program Files (x86)\Microchip\xc8\v1.45\sources\common\isdigit.c"
 Parameters:    Size  Location     Type
  c               1    wreg     unsigned char 
 Auto vars:     Size  Location     Type
  c               1    5[COMMON] unsigned char 
 Return value:  Size  Location     Type
		None               void
 Registers used:
		wreg, status,2, status,0
 Tracked objects:
		On entry : 
		On exit  : 
		Unchanged: 
 Data sizes:     COMMON   BANK0   BANK1   BANK3   BANK2
      Params:         0       0       0       0       0
      Locals:         2       0       0       0       0
      Temps:          0       0       0       0       0
      Totals:         2       0       0       0       0
Total ram usage:        2 bytes
 Hardware stack levels used:    1
 Hardware stack levels required when called:    1
 This function calls:
		Nothing
 This function is called by:
		_sprintf
 This function uses a non-reentrant model


 *************** function ___wmul *****************
 Defined at:
		line 15 in file "C:\Program Files (x86)\Microchip\xc8\v1.45\sources\common\Umul16.c"
 Parameters:    Size  Location     Type
  multiplier      2    0[BANK0 ] unsigned int 
  multiplicand    2    2[BANK0 ] unsigned int 
 Auto vars:     Size  Location     Type
  product         2    4[COMMON] unsigned int 
 Return value:  Size  Location     Type
                  2    0[BANK0 ] unsigned int 
 Registers used:
		wreg, status,2, status,0
 Tracked objects:
		On entry : 
		On exit  : 
		Unchanged: 
 Data sizes:     COMMON   BANK0   BANK1   BANK3   BANK2
      Params:         0       4       0       0       0
      Locals:         2       0       0       0       0
      Temps:          0       0       0       0       0
      Totals:         2       4       0       0       0
Total ram usage:        6 bytes
 Hardware stack levels used:    1
 Hardware stack levels required when called:    1
 This function calls:
		Nothing
 This function is called by:
		_sprintf
 This function uses a non-reentrant model


 *************** function ___lwmod *****************
 Defined at:
		line 6 in file "C:\Program Files (x86)\Microchip\xc8\v1.45\sources\common\lwmod.c"
 Parameters:    Size  Location     Type
  divisor         2    7[BANK0 ] unsigned int 
  dividend        2    9[BANK0 ] unsigned int 
 Auto vars:     Size  Location     Type
  counter         1    6[COMMON] unsigned char 
 Return value:  Size  Location     Type
                  2    7[BANK0 ] unsigned int 
 Registers used:
		wreg, status,2, status,0
 Tracked objects:
		On entry : 
		On exit  : 
		Unchanged: 
 Data sizes:     COMMON   BANK0   BANK1   BANK3   BANK2
      Params:         0       4       0       0       0
      Locals:         1       0       0       0       0
      Temps:          1       0       0       0       0
      Totals:         2       4       0       0       0
Total ram usage:        6 bytes
 Hardware stack levels used:    1
 Hardware stack levels required when called:    1
 This function calls:
		Nothing
 This function is called by:
		_sprintf
 This function uses a non-reentrant model


 *************** function ___lwdiv *****************
 Defined at:
		line 6 in file "C:\Program Files (x86)\Microchip\xc8\v1.45\sources\common\lwdiv.c"
 Parameters:    Size  Location     Type
  divisor         2    0[BANK0 ] unsigned int 
  dividend        2    2[BANK0 ] unsigned int 
 Auto vars:     Size  Location     Type
  quotient        2    5[BANK0 ] unsigned int 
  counter         1    4[BANK0 ] unsigned char 
 Return value:  Size  Location     Type
                  2    0[BANK0 ] unsigned int 
 Registers used:
		wreg, status,2, status,0
 Tracked objects:
		On entry : 
		On exit  : 
		Unchanged: 
 Data sizes:     COMMON   BANK0   BANK1   BANK3   BANK2
      Params:         0       4       0       0       0
      Locals:         0       3       0       0       0
      Temps:          1       0       0       0       0
      Totals:         1       7       0       0       0
Total ram usage:        8 bytes
 Hardware stack levels used:    1
 Hardware stack levels required when called:    1
 This function calls:
		Nothing
 This function is called by:
		_temp_Measurement
		_sprintf
 This function uses a non-reentrant model


 *************** function _Lcd_write *****************
 Defined at:
		line 95 in file "lcd_Config.c"
 Parameters:    Size  Location     Type
  string          1    wreg     PTR unsigned char 
		 -> sTemperature(2), temp_Display@TEMP(13), 
 Auto vars:     Size  Location     Type
  string          1    5[BANK0 ] PTR unsigned char 
		 -> sTemperature(2), temp_Display@TEMP(13), 
  i               2    3[BANK0 ] int 
 Return value:  Size  Location     Type
                  1    wreg      void 
 Registers used:
		wreg, fsr0l, fsr0h, status,2, status,0, pclath, cstack
 Tracked objects:
		On entry : 
		On exit  : 
		Unchanged: 
 Data sizes:     COMMON   BANK0   BANK1   BANK3   BANK2
      Params:         0       0       0       0       0
      Locals:         0       3       0       0       0
      Temps:          1       0       0       0       0
      Totals:         1       3       0       0       0
Total ram usage:        4 bytes
 Hardware stack levels used:    1
 Hardware stack levels required when called:    3
 This function calls:
		_Lcd_Write_Char
 This function is called by:
		_temp_Display
 This function uses a non-reentrant model


 *************** function _Lcd_Write_Char *****************
 Defined at:
		line 80 in file "lcd_Config.c"
 Parameters:    Size  Location     Type
  a               1    wreg     unsigned char 
 Auto vars:     Size  Location     Type
  a               1    2[BANK0 ] unsigned char 
  y               1    1[BANK0 ] unsigned char 
  temp            1    0[BANK0 ] unsigned char 
 Return value:  Size  Location     Type
                  1    wreg      void 
 Registers used:
		wreg, status,2, status,0, pclath, cstack
 Tracked objects:
		On entry : 
		On exit  : 
		Unchanged: 
 Data sizes:     COMMON   BANK0   BANK1   BANK3   BANK2
      Params:         0       0       0       0       0
      Locals:         0       3       0       0       0
      Temps:          1       0       0       0       0
      Totals:         1       3       0       0       0
Total ram usage:        4 bytes
 Hardware stack levels used:    1
 Hardware stack levels required when called:    2
 This function calls:
		_Lcd_Port
 This function is called by:
		_Lcd_write
 This function uses a non-reentrant model


 *************** function _Lcd_Set_Cursor *****************
 Defined at:
		line 45 in file "lcd_Config.c"
 Parameters:    Size  Location     Type
  raw             1    wreg     unsigned char 
  column          1    1[BANK0 ] unsigned char 
 Auto vars:     Size  Location     Type
  raw             1    4[BANK0 ] unsigned char 
  temp            1    7[BANK0 ] unsigned char 
  y               1    6[BANK0 ] unsigned char 
  z               1    5[BANK0 ] unsigned char 
 Return value:  Size  Location     Type
                  1    wreg      void 
 Registers used:
		wreg, status,2, status,0, pclath, cstack
 Tracked objects:
		On entry : 
		On exit  : 
		Unchanged: 
 Data sizes:     COMMON   BANK0   BANK1   BANK3   BANK2
      Params:         0       1       0       0       0
      Locals:         0       4       0       0       0
      Temps:          0       2       0       0       0
      Totals:         0       7       0       0       0
Total ram usage:        7 bytes
 Hardware stack levels used:    1
 Hardware stack levels required when called:    3
 This function calls:
		_Lcd_Cmd
 This function is called by:
		_temp_Display
 This function uses a non-reentrant model


 *************** function _system_Initialize *****************
 Defined at:
		line 10 in file "SYST_Init.c"
 Parameters:    Size  Location     Type
		None
 Auto vars:     Size  Location     Type
		None
 Return value:  Size  Location     Type
                  1    wreg      void 
 Registers used:
		wreg, status,2, status,0, pclath, cstack
 Tracked objects:
		On entry : 
		On exit  : 
		Unchanged: 
 Data sizes:     COMMON   BANK0   BANK1   BANK3   BANK2
      Params:         0       0       0       0       0
      Locals:         0       0       0       0       0
      Temps:          0       0       0       0       0
      Totals:         0       0       0       0       0
Total ram usage:        0 bytes
 Hardware stack levels used:    1
 Hardware stack levels required when called:    4
 This function calls:
		_ADC_Init
		_Interrupt_Init
		_Lcd_Init
		_Oscillator_Init
		_PWM_DutyCycle
		_PWM_Init
		_SPI_Init
		_TMR0_Init
		_UART_Init
		_pinManager
 This function is called by:
		_main
 This function uses a non-reentrant model


 *************** function _pinManager *****************
 Defined at:
		line 19 in file "pin_Manager.c"
 Parameters:    Size  Location     Type
		None
 Auto vars:     Size  Location     Type
		None
 Return value:  Size  Location     Type
                  1    wreg      void 
 Registers used:
		status,2
 Tracked objects:
		On entry : 
		On exit  : 
		Unchanged: 
 Data sizes:     COMMON   BANK0   BANK1   BANK3   BANK2
      Params:         0       0       0       0       0
      Locals:         0       0       0       0       0
      Temps:          0       0       0       0       0
      Totals:         0       0       0       0       0
Total ram usage:        0 bytes
 Hardware stack levels used:    1
 Hardware stack levels required when called:    1
 This function calls:
		Nothing
 This function is called by:
		_system_Initialize
 This function uses a non-reentrant model


 *************** function _UART_Init *****************
 Defined at:
		line 10 in file "uart_Init.c"
 Parameters:    Size  Location     Type
  baudRate        2   25[BANK0 ] unsigned int 
 Auto vars:     Size  Location     Type
		None
 Return value:  Size  Location     Type
                  1    wreg      void 
 Registers used:
		wreg, status,2, status,0, pclath, cstack
 Tracked objects:
		On entry : 
		On exit  : 
		Unchanged: 
 Data sizes:     COMMON   BANK0   BANK1   BANK3   BANK2
      Params:         0       2       0       0       0
      Locals:         0       0       0       0       0
      Temps:          0       4       0       0       0
      Totals:         0       6       0       0       0
Total ram usage:        6 bytes
 Hardware stack levels used:    1
 Hardware stack levels required when called:    2
 This function calls:
		___lldiv
 This function is called by:
		_system_Initialize
 This function uses a non-reentrant model


 *************** function _TMR0_Init *****************
 Defined at:
		line 19 in file "timer_Init.c"
 Parameters:    Size  Location     Type
		None
 Auto vars:     Size  Location     Type
		None
 Return value:  Size  Location     Type
                  1    wreg      void 
 Registers used:
		wreg, status,2, status,0
 Tracked objects:
		On entry : 
		On exit  : 
		Unchanged: 
 Data sizes:     COMMON   BANK0   BANK1   BANK3   BANK2
      Params:         0       0       0       0       0
      Locals:         0       0       0       0       0
      Temps:          0       0       0       0       0
      Totals:         0       0       0       0       0
Total ram usage:        0 bytes
 Hardware stack levels used:    1
 Hardware stack levels required when called:    1
 This function calls:
		Nothing
 This function is called by:
		_system_Initialize
 This function uses a non-reentrant model


 *************** function _SPI_Init *****************
 Defined at:
		line 10 in file "spi_Init.c"
 Parameters:    Size  Location     Type
		None
 Auto vars:     Size  Location     Type
		None
 Return value:  Size  Location     Type
                  1    wreg      void 
 Registers used:
		wreg, status,2, status,0
 Tracked objects:
		On entry : 
		On exit  : 
		Unchanged: 
 Data sizes:     COMMON   BANK0   BANK1   BANK3   BANK2
      Params:         0       0       0       0       0
      Locals:         0       0       0       0       0
      Temps:          0       0       0       0       0
      Totals:         0       0       0       0       0
Total ram usage:        0 bytes
 Hardware stack levels used:    1
 Hardware stack levels required when called:    1
 This function calls:
		Nothing
 This function is called by:
		_system_Initialize
 This function uses a non-reentrant model


 *************** function _PWM_Init *****************
 Defined at:
		line 15 in file "pwm_Init.c"
 Parameters:    Size  Location     Type
  iFrequency      4   25[BANK0 ] unsigned long 
 Auto vars:     Size  Location     Type
		None
 Return value:  Size  Location     Type
                  1    wreg      void 
 Registers used:
		wreg, status,2, status,0, pclath, cstack
 Tracked objects:
		On entry : 
		On exit  : 
		Unchanged: 
 Data sizes:     COMMON   BANK0   BANK1   BANK3   BANK2
      Params:         0       4       0       0       0
      Locals:         0       0       0       0       0
      Temps:          0       4       0       0       0
      Totals:         0       8       0       0       0
Total ram usage:        8 bytes
 Hardware stack levels used:    1
 Hardware stack levels required when called:    2
 This function calls:
		___lldiv
 This function is called by:
		_system_Initialize
 This function uses a non-reentrant model


 *************** function _PWM_DutyCycle *****************
 Defined at:
		line 32 in file "pwm_Init.c"
 Parameters:    Size  Location     Type
  iDutyCycle      4   25[BANK0 ] unsigned long 
 Auto vars:     Size  Location     Type
		None
 Return value:  Size  Location     Type
                  1    wreg      void 
 Registers used:
		wreg, status,2, status,0, pclath, cstack
 Tracked objects:
		On entry : 
		On exit  : 
		Unchanged: 
 Data sizes:     COMMON   BANK0   BANK1   BANK3   BANK2
      Params:         0       4       0       0       0
      Locals:         0       0       0       0       0
      Temps:          0       4       0       0       0
      Totals:         0       8       0       0       0
Total ram usage:        8 bytes
 Hardware stack levels used:    1
 Hardware stack levels required when called:    2
 This function calls:
		___lldiv
		___lmul
 This function is called by:
		_system_Initialize
 This function uses a non-reentrant model


 *************** function ___lmul *****************
 Defined at:
		line 15 in file "C:\Program Files (x86)\Microchip\xc8\v1.45\sources\common\Umul32.c"
 Parameters:    Size  Location     Type
  multiplier      4    0[BANK0 ] unsigned long 
  multiplicand    4    4[BANK0 ] unsigned long 
 Auto vars:     Size  Location     Type
  product         4    8[BANK0 ] unsigned long 
 Return value:  Size  Location     Type
                  4    0[BANK0 ] unsigned long 
 Registers used:
		wreg, status,2, status,0
 Tracked objects:
		On entry : 
		On exit  : 
		Unchanged: 
 Data sizes:     COMMON   BANK0   BANK1   BANK3   BANK2
      Params:         0       8       0       0       0
      Locals:         0       4       0       0       0
      Temps:          1       0       0       0       0
      Totals:         1      12       0       0       0
Total ram usage:       13 bytes
 Hardware stack levels used:    1
 Hardware stack levels required when called:    1
 This function calls:
		Nothing
 This function is called by:
		_PWM_DutyCycle
 This function uses a non-reentrant model


 *************** function ___lldiv *****************
 Defined at:
		line 6 in file "C:\Program Files (x86)\Microchip\xc8\v1.45\sources\common\lldiv.c"
 Parameters:    Size  Location     Type
  divisor         4   12[BANK0 ] unsigned long 
  dividend        4   16[BANK0 ] unsigned long 
 Auto vars:     Size  Location     Type
  quotient        4   20[BANK0 ] unsigned long 
  counter         1   24[BANK0 ] unsigned char 
 Return value:  Size  Location     Type
                  4   12[BANK0 ] unsigned long 
 Registers used:
		wreg, status,2, status,0
 Tracked objects:
		On entry : 
		On exit  : 
		Unchanged: 
 Data sizes:     COMMON   BANK0   BANK1   BANK3   BANK2
      Params:         0       8       0       0       0
      Locals:         0       5       0       0       0
      Temps:          1       0       0       0       0
      Totals:         1      13       0       0       0
Total ram usage:       14 bytes
 Hardware stack levels used:    1
 Hardware stack levels required when called:    1
 This function calls:
		Nothing
 This function is called by:
		_PWM_Init
		_PWM_DutyCycle
		_UART_Init
 This function uses a non-reentrant model


 *************** function _Oscillator_Init *****************
 Defined at:
		line 23 in file "SYST_Init.c"
 Parameters:    Size  Location     Type
		None
 Auto vars:     Size  Location     Type
		None
 Return value:  Size  Location     Type
                  1    wreg      void 
 Registers used:
		status,2
 Tracked objects:
		On entry : 
		On exit  : 
		Unchanged: 
 Data sizes:     COMMON   BANK0   BANK1   BANK3   BANK2
      Params:         0       0       0       0       0
      Locals:         0       0       0       0       0
      Temps:          0       0       0       0       0
      Totals:         0       0       0       0       0
Total ram usage:        0 bytes
 Hardware stack levels used:    1
 Hardware stack levels required when called:    1
 This function calls:
		Nothing
 This function is called by:
		_system_Initialize
 This function uses a non-reentrant model


 *************** function _Lcd_Init *****************
 Defined at:
		line 62 in file "lcd_Config.c"
 Parameters:    Size  Location     Type
		None
 Auto vars:     Size  Location     Type
		None
 Return value:  Size  Location     Type
                  1    wreg      void 
 Registers used:
		wreg, status,2, status,0, pclath, cstack
 Tracked objects:
		On entry : 
		On exit  : 
		Unchanged: 
 Data sizes:     COMMON   BANK0   BANK1   BANK3   BANK2
      Params:         0       0       0       0       0
      Locals:         0       0       0       0       0
      Temps:          0       2       0       0       0
      Totals:         0       2       0       0       0
Total ram usage:        2 bytes
 Hardware stack levels used:    1
 Hardware stack levels required when called:    3
 This function calls:
		_Lcd_Cmd
		_Lcd_Port
 This function is called by:
		_system_Initialize
 This function uses a non-reentrant model


 *************** function _Lcd_Cmd *****************
 Defined at:
		line 32 in file "lcd_Config.c"
 Parameters:    Size  Location     Type
  a               1    wreg     unsigned char 
 Auto vars:     Size  Location     Type
  a               1    0[BANK0 ] unsigned char 
 Return value:  Size  Location     Type
                  1    wreg      void 
 Registers used:
		wreg, status,2, status,0, pclath, cstack
 Tracked objects:
		On entry : 
		On exit  : 
		Unchanged: 
 Data sizes:     COMMON   BANK0   BANK1   BANK3   BANK2
      Params:         0       0       0       0       0
      Locals:         0       1       0       0       0
      Temps:          2       0       0       0       0
      Totals:         2       1       0       0       0
Total ram usage:        3 bytes
 Hardware stack levels used:    1
 Hardware stack levels required when called:    2
 This function calls:
		_Lcd_Port
 This function is called by:
		_Lcd_Set_Cursor
		_Lcd_Init
		_Lcd_Clear
		_Lcd_Shift_Right
		_Lcd_Shift_Left
 This function uses a non-reentrant model


 *************** function _Lcd_Port *****************
 Defined at:
		line 10 in file "lcd_Config.c"
 Parameters:    Size  Location     Type
  a               1    wreg     unsigned char 
 Auto vars:     Size  Location     Type
  a               1    4[COMMON] unsigned char 
 Return value:  Size  Location     Type
                  1    wreg      void 
 Registers used:
		wreg
 Tracked objects:
		On entry : 
		On exit  : 
		Unchanged: 
 Data sizes:     COMMON   BANK0   BANK1   BANK3   BANK2
      Params:         0       0       0       0       0
      Locals:         1       0       0       0       0
      Temps:          0       0       0       0       0
      Totals:         1       0       0       0       0
Total ram usage:        1 bytes
 Hardware stack levels used:    1
 Hardware stack levels required when called:    1
 This function calls:
		Nothing
 This function is called by:
		_Lcd_Cmd
		_Lcd_Init
		_Lcd_Write_Char
 This function uses a non-reentrant model


 *************** function _Interrupt_Init *****************
 Defined at:
		line 10 in file "interrupt_Init.c"
 Parameters:    Size  Location     Type
		None
 Auto vars:     Size  Location     Type
		None
 Return value:  Size  Location     Type
                  1    wreg      void 
 Registers used:
		None
 Tracked objects:
		On entry : 
		On exit  : 
		Unchanged: 
 Data sizes:     COMMON   BANK0   BANK1   BANK3   BANK2
      Params:         0       0       0       0       0
      Locals:         0       0       0       0       0
      Temps:          0       0       0       0       0
      Totals:         0       0       0       0       0
Total ram usage:        0 bytes
 Hardware stack levels used:    1
 Hardware stack levels required when called:    1
 This function calls:
		Nothing
 This function is called by:
		_system_Initialize
 This function uses a non-reentrant model


 *************** function _ADC_Init *****************
 Defined at:
		line 13 in file "adc_Init.c"
 Parameters:    Size  Location     Type
		None
 Auto vars:     Size  Location     Type
		None
 Return value:  Size  Location     Type
                  1    wreg      void 
 Registers used:
		wreg, status,2, status,0
 Tracked objects:
		On entry : 
		On exit  : 
		Unchanged: 
 Data sizes:     COMMON   BANK0   BANK1   BANK3   BANK2
      Params:         0       0       0       0       0
      Locals:         0       0       0       0       0
      Temps:          0       0       0       0       0
      Totals:         0       0       0       0       0
Total ram usage:        0 bytes
 Hardware stack levels used:    1
 Hardware stack levels required when called:    1
 This function calls:
		Nothing
 This function is called by:
		_system_Initialize
 This function uses a non-reentrant model


 *************** function _ISR *****************
 Defined at:
		line 22 in file "interrupt_Init.c"
 Parameters:    Size  Location     Type
		None
 Auto vars:     Size  Location     Type
		None
 Return value:  Size  Location     Type
                  1    wreg      void 
 Registers used:
		None
 Tracked objects:
		On entry : 
		On exit  : 
		Unchanged: 
 Data sizes:     COMMON   BANK0   BANK1   BANK3   BANK2
      Params:         0       0       0       0       0
      Locals:         0       0       0       0       0
      Temps:          4       0       0       0       0
      Totals:         4       0       0       0       0
Total ram usage:        4 bytes
 Hardware stack levels used:    1
 This function calls:
		Nothing
 This function is called by:
		Interrupt level 1
 This function uses a non-reentrant model



MODULE INFORMATION

Module		Function		Class		Link	Load	Size
pin_Manager.c
		_pinManager    		CODE           	07D0	0000	44

pin_Manager.c estimated size: 44

spi_Init.c
		_SPI_Init      		CODE           	0CBD	0000	14

spi_Init.c estimated size: 14

C:\Program Files (x86)\Microchip\xc8\v1.45\sources\common\float.c
		___ftpack      		CODE           	0646	0000	111

C:\Program Files (x86)\Microchip\xc8\v1.45\sources\common\float.c estimated size: 111

C:\Program Files (x86)\Microchip\xc8\v1.45\sources\common\doprnt.c
		_sprintf       		CODE           	0033	0000	417

C:\Program Files (x86)\Microchip\xc8\v1.45\sources\common\doprnt.c estimated size: 417

SYST_Init.c
		_system_Initialize		CODE           	0F63	0000	76
		_Oscillator_Init		CODE           	07FB	0000	6

SYST_Init.c estimated size: 82

pwm_Init.c
		_PWM_DutyCycle 		CODE           	05D7	0000	112
		_PWM_Init      		CODE           	0F1E	0000	70

pwm_Init.c estimated size: 182

C:\Program Files (x86)\Microchip\xc8\v1.45\sources\common\Umul16.c
		___wmul        		CODE           	0DA6	0000	36

C:\Program Files (x86)\Microchip\xc8\v1.45\sources\common\Umul16.c estimated size: 36

C:\Program Files (x86)\Microchip\xc8\v1.45\sources\common\isdigit.c
		_isdigit       		CODE           	0CCA	0000	15

C:\Program Files (x86)\Microchip\xc8\v1.45\sources\common\isdigit.c estimated size: 15

adc_Init.c
		_temp_Measurement		CODE           	02DC	0000	227
		_temp_Display  		CODE           	0775	0000	92
		_ADC_Init      		CODE           	0D36	0000	26

adc_Init.c estimated size: 345

uart_Init.c
		_UART_Init     		CODE           	0E9D	0000	65

uart_Init.c estimated size: 65

C:\Program Files (x86)\Microchip\xc8\v1.45\sources\common\lwmod.c
		___lwmod       		CODE           	0DF4	0000	53

C:\Program Files (x86)\Microchip\xc8\v1.45\sources\common\lwmod.c estimated size: 53

C:\Program Files (x86)\Microchip\xc8\v1.45\sources\common\ftmul.c
		___ftmul       		CODE           	03BE	0000	212

C:\Program Files (x86)\Microchip\xc8\v1.45\sources\common\ftmul.c estimated size: 212

C:\Program Files (x86)\Microchip\xc8\v1.45\sources\common\ftdiv.c
		___ftdiv       		CODE           	0491	0000	185

C:\Program Files (x86)\Microchip\xc8\v1.45\sources\common\ftdiv.c estimated size: 185

C:\Program Files (x86)\Microchip\xc8\v1.45\sources\common\Umul32.c
		___lmul        		CODE           	0EDD	0000	66

C:\Program Files (x86)\Microchip\xc8\v1.45\sources\common\Umul32.c estimated size: 66

lcd_Config.c
		_Lcd_Init      		CODE           	06B4	0000	98
		_Lcd_Write_Char		CODE           	0E28	0000	56
		_Lcd_Cmd       		CODE           	0D69	0000	27
		_Lcd_write     		CODE           	0D83	0000	36
		_Lcd_Set_Cursor		CODE           	0FAE	0000	83
		_Lcd_Port      		CODE           	0D4F	0000	27

lcd_Config.c estimated size: 327

shared
		__stringtab    		STRING         	0800	0000	7
		_dpowers       		STRING         	0806	0000	11
		__initialization		CODE           	0015	0000	27

shared estimated size: 45

C:\Program Files (x86)\Microchip\xc8\v1.45\sources\common\fttol.c
		___fttol       		CODE           	0549	0000	143

C:\Program Files (x86)\Microchip\xc8\v1.45\sources\common\fttol.c estimated size: 143

C:\Program Files (x86)\Microchip\xc8\v1.45\sources\common\lwdiv.c
		___lwdiv       		CODE           	0E5F	0000	63

C:\Program Files (x86)\Microchip\xc8\v1.45\sources\common\lwdiv.c estimated size: 63

C:\Program Files (x86)\Microchip\xc8\v1.45\sources\common\ftadd.c
		___ftadd       		CODE           	01D3	0000	266

C:\Program Files (x86)\Microchip\xc8\v1.45\sources\common\ftadd.c estimated size: 266

C:\Program Files (x86)\Microchip\xc8\v1.45\sources\common\lldiv.c
		___lldiv       		CODE           	0715	0000	97

C:\Program Files (x86)\Microchip\xc8\v1.45\sources\common\lldiv.c estimated size: 97

main.c
		_main          		CODE           	0CB2	0000	12

main.c estimated size: 12

C:\Program Files (x86)\Microchip\xc8\v1.45\sources\common\lwtoft.c
		___lwtoft      		CODE           	0D1E	0000	25

C:\Program Files (x86)\Microchip\xc8\v1.45\sources\common\lwtoft.c estimated size: 25

timer_Init.c
		_TMR0_Init     		CODE           	0CE7	0000	16

timer_Init.c estimated size: 16

interrupt_Init.c
		_ISR           		CODE           	0DC9	0000	44
		_Interrupt_Init		CODE           	0CD8	0000	16

interrupt_Init.c estimated size: 60

