Microchip MPLAB XC8 Compiler V1.45 ()

Linker command line:

-W-3 --edf=C:\Program Files (x86)\Microchip\xc8\v1.45\dat\en_msgs.txt -cs \
  -h+dist/default/production\YALA_8bit_API.X.production.sym \
  --cmf=dist/default/production\YALA_8bit_API.X.production.cmf -z -Q16F887 \
  -oC:\Users\CEDRIC\AppData\Local\Temp\sa2s.2 \
  -Mdist/default/production/YALA_8bit_API.X.production.map -E1 -ver=XC8 \
  -ASTACK=0110h-016fh -pstack=STACK -ACODE=00h-07FFhx4 -ASTRCODE=00h-01FFFh \
  -ASTRING=00h-0FFhx32 -ACONST=00h-0FFhx32 -AENTRY=00h-0FFhx32 \
  -ACOMMON=070h-07Fh -ABANK0=020h-06Fh -ABANK1=0A0h-0EFh \
  -ABANK2=0110h-016Fh -ABANK3=0190h-01EFh \
  -ARAM=020h-06Fh,0A0h-0EFh,0110h-016Fh,0190h-01EFh \
  -AABS1=020h-07Fh,0A0h-0EFh,0110h-016Fh,0190h-01EFh -ASFR0=00h-01Fh \
  -ASFR1=080h-09Fh -ASFR2=0100h-010Fh -ASFR3=0180h-018Fh \
  -preset_vec=00h,intentry=04h,init,end_init -ppowerup=CODE -pcinit=CODE \
  -pfunctab=ENTRY -ACONFIG=02007h-02008h -pconfig=CONFIG -DCONFIG=2 \
  -AIDLOC=02000h-02003h -pidloc=IDLOC -DIDLOC=2 -AEEDATA=00h-0FFh/02100h \
  -peeprom_data=EEDATA -DEEDATA=2 -DCODE=2 -DSTRCODE=2 -DSTRING=2 -DCONST=2 \
  -DENTRY=2 -k C:\Users\CEDRIC\AppData\Local\Temp\sa2s.obj \
  dist/default/production\YALA_8bit_API.X.production.obj 

Object code version is 3.11

Machine type is 16F887



                Name                               Link     Load   Length Selector   Space Scale
C:\Users\CEDRIC\AppData\Local\Temp\sa2s.obj
                end_init                             12       12        3        8       0
                reset_vec                             0        0        3        0       0
                config                             2007     2007        2     400E       0
dist/default/production\YALA_8bit_API.X.production.obj
                cinit                                15       15       3B        8       0
                intentry                              4        4        E        8       0
                text13                              426      426        F      1D8       0
                text12                              443      443        3      1D8       0
                text11                              3E3      3E3       1A      1D8       0
                text10                              3C7      3C7       1C      1D8       0
                text9                               1BB      1BB       60      1D8       0
                text8                               43D      43D        6      1D8       0
                text7                               15B      15B       60      1D8       0
                text6                               2A5      2A5       41      1D8       0
                text5                                EC       EC       6F      1D8       0
                text4                               260      260       45      1D8       0
                text3                               21B      21B       45      1D8       0
                text2                               399      399       2E      1D8       0
                text1                               2E6      2E6       40      1D8       0
                maintext                            326      326       3D      1D8       0
                cstackBANK0                          20       20       23       20       1
                cstackCOMMON                         70       70        6       70       1
                cstackBANK1                          E0       E0        2       A0       1
                clrtext                             435      435        8      1D8       0
                inittext                            415      415       11      1D8       0
                bssBANK3                            190      190       14      190       1
                dataBANK1                            A0       A0       36       A0       1
                bssBANK1                             D6       D6        A       A0       1
                dataBANK0                            43       43       18       20       1
                bssBANK0                             5B       5B       14       20       1
                bssCOMMON                            76       76        4       70       1
                strings                              50       50       9C       A0       0
                idataBANK1                          363      363       36      1D8       0
                idataBANK0                          3FD      3FD       18      1D8       0

TOTAL           Name                               Link     Load   Length     Space
        CLASS   STACK          

        CLASS   CODE           
                end_init                             12       12        3         0
                cinit                                15       15       3B         0
                intentry                              4        4        E         0
                reset_vec                             0        0        3         0
                text13                              426      426        F         0
                text12                              443      443        3         0
                text11                              3E3      3E3       1A         0
                text10                              3C7      3C7       1C         0
                text9                               1BB      1BB       60         0
                text8                               43D      43D        6         0
                text7                               15B      15B       60         0
                text6                               2A5      2A5       41         0
                text5                                EC       EC       6F         0
                text4                               260      260       45         0
                text3                               21B      21B       45         0
                text2                               399      399       2E         0
                text1                               2E6      2E6       40         0
                maintext                            326      326       3D         0
                clrtext                             435      435        8         0
                inittext                            415      415       11         0
                idataBANK1                          363      363       36         0
                idataBANK0                          3FD      3FD       18         0

        CLASS   STRCODE        

        CLASS   STRING         
                strings                              50       50       9C         0

        CLASS   CONST          

        CLASS   ENTRY          

        CLASS   COMMON         
                cstackCOMMON                         70       70        6         1
                bssCOMMON                            76       76        4         1

        CLASS   BANK0          
                cstackBANK0                          20       20       23         1
                dataBANK0                            43       43       18         1
                bssBANK0                             5B       5B       14         1

        CLASS   BANK1          
                cstackBANK1                          E0       E0        2         1
                dataBANK1                            A0       A0       36         1
                bssBANK1                             D6       D6        A         1

        CLASS   BANK2          

        CLASS   BANK3          
                bssBANK3                            190      190       14         1

        CLASS   RAM            

        CLASS   ABS1           
                abs_s1                               7E       7E        2         1

        CLASS   SFR0           

        CLASS   SFR1           

        CLASS   SFR2           

        CLASS   SFR3           

        CLASS   CONFIG         
                config                             2007     2007        2         0

        CLASS   IDLOC          

        CLASS   EEDATA         



SEGMENTS        Name                           Load    Length   Top    Selector   Space  Class     Delta

                reset_vec                      000000  000003  000003         0       0  CODE        2
                intentry                       000004  00004C  000050         8       0  CODE        2
                cstackBANK0                    000020  00004F  00006F        20       1  BANK0       1
                cstackCOMMON                   000070  00000A  00007A        70       1  COMMON      1
                dataBANK1                      0000A0  000042  0000E2        A0       1  BANK1       1
                strings                        000050  00009C  0000EC        A0       0  STRING      2
                bssBANK3                       000190  000014  0001A4       190       1  BANK3       1
                text5                          0000EC  00035A  000446       1D8       0  CODE        2
                config                         002007  000002  002009      400E       0  CONFIG      2


UNUSED ADDRESS RANGES

        Name                Unused          Largest block    Delta
        BANK0            006F-006F              1           1
        BANK1            00E2-00EF              E           1
        BANK2            0110-016F             60           1
        BANK3            01A4-01EF             4C           1
        CODE             0003-0003              1           2
                         0446-1FFF            800
        COMMON           007A-007D              4           1
        CONST            0003-0003              1           2
                         0446-1FFF            100
        EEDATA           2100-21FF            100           2
        ENTRY            0003-0003              1           2
                         0446-1FFF            100
        IDLOC            2000-2003              4           2
        RAM              006F-006F              1           1
                         00E2-00EF              E
                         0110-016F             60
                         01A4-01EF             4C
        SFR0             0000-001F             20           1
        SFR1             0080-009F             20           1
        SFR2             0100-010F             10           1
        SFR3             0180-018F             10           1
        STACK            0110-016F             60           1
        STRCODE          0003-0003              1           2
                         0446-1FFF           1BBA
        STRING           0003-0003              1           2
                         0446-1FFF            100

                                  Symbol Table

?___lldiv                   cstackBANK0  002C
?___lmul                    cstackBANK0  0020
Lcd_Cmd@a                   cstackCOMMON 0075
Lcd_Port@a                  cstackCOMMON 0074
PWM_DutyCycle@iDutyCycle    cstackBANK0  0039
PWM_Init@iFrequency         cstackBANK0  0039
UART_Init@baudRate          cstackBANK0  0039
_ADCON0bits                 (abs)        001F
_ADCON1bits                 (abs)        009F
_ADRESH                     (abs)        001E
_ADRESL                     (abs)        009E
_ANSELH                     (abs)        0189
_ANSELbits                  (abs)        0188
_BAUDCTLbits                (abs)        0187
_CCP1CONbits                (abs)        0017
_CCPR1L                     (abs)        0015
_CM2CON0bits                (abs)        0108
_EEADR                      (abs)        010D
_EECON1bits                 (abs)        018C
_EECON2                     (abs)        018D
_EEDATA                     (abs)        010C
_GO_DONE                    (abs)        00F9
_INTCONbits                 (abs)        000B
_ISR                        text13       0426
_Interrupt_Init             text12       0443
_Lcd_Cmd                    text10       03C7
_Lcd_Init                   text9        01BB
_Lcd_Port                   text11       03E3
_OPTION_REGbits             (abs)        0081
_OSCCON                     (abs)        008F
_OSCTUNE                    (abs)        0090
_Oscillator_Init            text8        043D
_PIR1bits                   (abs)        000C
_PORTA                      (abs)        0005
_PORTAbits                  (abs)        0005
_PORTB                      (abs)        0006
_PORTBbits                  (abs)        0006
_PORTC                      (abs)        0007
_PORTD                      (abs)        0008
_PORTE                      (abs)        0009
_PR2                        (abs)        0092
_PWM_DutyCycle              text5        00EC
_PWM_Init                   text4        0260
_RCIF                       (abs)        0065
_RCREG                      (abs)        001A
_RCSTAbits                  (abs)        0018
_RxHead                     bssBANK0     0062
_RxTail                     bssCOMMON    0076
_SPBRG                      (abs)        0099
_SSPBUF                     (abs)        0013
_SSPCONbits                 (abs)        0014
_SSPSTATbits                (abs)        0094
_T2CONbits                  (abs)        0012
_TMR0                       (abs)        0001
_TRISAbits                  (abs)        0085
_TRISB                      (abs)        0086
_TRISBbits                  (abs)        0086
_TRISCbits                  (abs)        0087
_TRISD                      (abs)        0088
_TXREG                      (abs)        0019
_TXSTAbits                  (abs)        0098
_UART_Init                  text3        021B
__CFG_BOR4V$BOR40V          (abs)        0000
__CFG_BOREN$OFF             (abs)        0000
__CFG_CP$OFF                (abs)        0000
__CFG_CPD$OFF               (abs)        0000
__CFG_FCMEN$OFF             (abs)        0000
__CFG_FOSC$HS               (abs)        0000
__CFG_IESO$OFF              (abs)        0000
__CFG_LVP$OFF               (abs)        0000
__CFG_MCLRE$ON              (abs)        0000
__CFG_PWRTE$OFF             (abs)        0000
__CFG_WDTE$OFF              (abs)        0000
__CFG_WRT$OFF               (abs)        0000
__Habs1                     abs1         0000
__Hbank0                    bank0        0000
__Hbank1                    bank1        0000
__Hbank2                    bank2        0000
__Hbank3                    bank3        0000
__HbssBANK0                 bssBANK0     0000
__HbssBANK1                 bssBANK1     0000
__HbssBANK3                 bssBANK3     0000
__HbssCOMMON                bssCOMMON    0000
__Hcinit                    cinit        0050
__Hclrtext                  clrtext      0000
__Hcode                     code         0000
__Hcommon                   common       0000
__Hconfig                   config       2009
__HcstackBANK0              cstackBANK0  0000
__HcstackBANK1              cstackBANK1  0000
__HcstackCOMMON             cstackCOMMON 0000
__HdataBANK0                dataBANK0    0000
__HdataBANK1                dataBANK1    0000
__Heeprom_data              eeprom_data  0000
__Hend_init                 end_init     0015
__Hfunctab                  functab      0000
__HidataBANK0               idataBANK0   0000
__HidataBANK1               idataBANK1   0000
__Hidloc                    idloc        0000
__Hinit                     init         0012
__Hinittext                 inittext     0000
__Hintentry                 intentry     0012
__Hmaintext                 maintext     0000
__Hpowerup                  powerup      0000
__Hram                      ram          0000
__Hreset_vec                reset_vec    0003
__Hsfr0                     sfr0         0000
__Hsfr1                     sfr1         0000
__Hsfr2                     sfr2         0000
__Hsfr3                     sfr3         0000
__Hspace_0                  (abs)        2009
__Hspace_1                  (abs)        01A4
__Hspace_2                  (abs)        0000
__Hspace_3                  (abs)        0000
__Hstack                    stack        0000
__Hstrings                  strings      0000
__Htext                     text         0000
__Labs1                     abs1         0000
__Lbank0                    bank0        0000
__Lbank1                    bank1        0000
__Lbank2                    bank2        0000
__Lbank3                    bank3        0000
__LbssBANK0                 bssBANK0     0000
__LbssBANK1                 bssBANK1     0000
__LbssBANK3                 bssBANK3     0000
__LbssCOMMON                bssCOMMON    0000
__Lcinit                    cinit        0015
__Lclrtext                  clrtext      0000
__Lcode                     code         0000
__Lcommon                   common       0000
__Lconfig                   config       2007
__LcstackBANK0              cstackBANK0  0000
__LcstackBANK1              cstackBANK1  0000
__LcstackCOMMON             cstackCOMMON 0000
__LdataBANK0                dataBANK0    0000
__LdataBANK1                dataBANK1    0000
__Leeprom_data              eeprom_data  0000
__Lend_init                 end_init     0012
__Lfunctab                  functab      0000
__LidataBANK0               idataBANK0   0000
__LidataBANK1               idataBANK1   0000
__Lidloc                    idloc        0000
__Linit                     init         0012
__Linittext                 inittext     0000
__Lintentry                 intentry     0004
__Lmaintext                 maintext     0000
__Lpowerup                  powerup      0000
__Lram                      ram          0000
__Lreset_vec                reset_vec    0000
__Lsfr0                     sfr0         0000
__Lsfr1                     sfr1         0000
__Lsfr2                     sfr2         0000
__Lsfr3                     sfr3         0000
__Lspace_0                  (abs)        0000
__Lspace_1                  (abs)        0000
__Lspace_2                  (abs)        0000
__Lspace_3                  (abs)        0000
__Lstack                    stack        0000
__Lstrings                  strings      0000
__Ltext                     text         0000
__S0                        (abs)        2009
__S1                        (abs)        01A4
__S2                        (abs)        0000
__S3                        (abs)        0000
___int_sp                   stack        0000
___latbits                  (abs)        0002
___lldiv                    text7        015B
___lldiv@counter            cstackBANK0  0038
___lldiv@dividend           cstackBANK0  0030
___lldiv@divisor            cstackBANK0  002C
___lldiv@quotient           cstackBANK0  0034
___lmul                     text6        02A5
___lmul@multiplicand        cstackBANK0  0024
___lmul@multiplier          cstackBANK0  0020
___lmul@product             cstackBANK0  0028
___sp                       stack        0000
__end_of_ISR                text13       0435
__end_of_Interrupt_Init     text12       0446
__end_of_Lcd_Cmd            text10       03E3
__end_of_Lcd_Init           text9        021B
__end_of_Lcd_Port           text11       03FD
__end_of_Oscillator_Init    text8        0443
__end_of_PWM_DutyCycle      text5        015B
__end_of_PWM_Init           text4        02A5
__end_of_UART_Init          text3        0260
__end_of___lldiv            text7        01BB
__end_of___lmul             text6        02E6
__end_of__initialization    cinit        004C
__end_of__npowers_          strings      00D6
__end_of__powers_           strings      00AF
__end_of__stringtab         strings      0060
__end_of_dpowers            strings      0088
__end_of_main               maintext     0363
__end_of_pinManager         text2        03C7
__end_of_system_Initialize  text1        0326
__initialization            cinit        0015
__npowers_                  strings      00AF
__pbssBANK0                 bssBANK0     005B
__pbssBANK1                 bssBANK1     00D6
__pbssBANK3                 bssBANK3     0190
__pbssCOMMON                bssCOMMON    0076
__pcstackBANK0              cstackBANK0  0020
__pcstackBANK1              cstackBANK1  00E0
__pcstackCOMMON             cstackCOMMON 0070
__pdataBANK0                dataBANK0    0043
__pdataBANK1                dataBANK1    00A0
__pidataBANK0               idataBANK0   03FD
__pidataBANK1               idataBANK1   0363
__pintentry                 intentry     0004
__pmaintext                 maintext     0326
__powers_                   strings      0088
__pstrings                  strings      0050
__ptext1                    text1        02E6
__ptext10                   text10       03C7
__ptext11                   text11       03E3
__ptext12                   text12       0443
__ptext13                   text13       0426
__ptext2                    text2        0399
__ptext3                    text3        021B
__ptext4                    text4        0260
__ptext5                    text5        00EC
__ptext6                    text6        02A5
__ptext7                    text7        015B
__ptext8                    text8        043D
__ptext9                    text9        01BB
__size_of_ISR               (abs)        0000
__size_of_Interrupt_Init    (abs)        0000
__size_of_Lcd_Cmd           (abs)        0000
__size_of_Lcd_Init          (abs)        0000
__size_of_Lcd_Port          (abs)        0000
__size_of_Oscillator_Init   (abs)        0000
__size_of_PWM_DutyCycle     (abs)        0000
__size_of_PWM_Init          (abs)        0000
__size_of_UART_Init         (abs)        0000
__size_of___lldiv           (abs)        0000
__size_of___lmul            (abs)        0000
__size_of_main              (abs)        0000
__size_of_pinManager        (abs)        0000
__size_of_system_Initialize (abs)        0000
__stringbase                strings      005F
__stringtab                 strings      0050
_adc                        bssBANK0     0064
_dataBuffer                 bssCOMMON    0079
_data_TransferComplete      bssCOMMON    0078
_dpowers                    strings      0060
_main                       maintext     0326
_pinManager                 text2        0399
_sTemperature               bssBANK0     006A
_system_Initialize          text1        02E6
_temperature                bssBANK0     005B
btemp                       (abs)        007E
clear_ram0                  clrtext      0435
end_of_initialization       cinit        004C
init_fetch0                 inittext     0415
init_ram0                   inittext     0419
interrupt_function          intentry     0004
intlevel0                   functab      0000
intlevel1                   functab      0000
intlevel2                   functab      0000
intlevel3                   functab      0000
intlevel4                   functab      0000
intlevel5                   functab      0000
main@dutyCicle              cstackBANK1  00E0
reset_vec                   reset_vec    0000
saved_w                     (abs)        007E
stackhi                     (abs)        0000
stacklo                     (abs)        0000
start                       init         0012
start_initialization        cinit        0015
wtemp0                      (abs)        007E


FUNCTION INFORMATION:

 *************** function _main *****************
 Defined at:
		line 15 in file "main.c"
 Parameters:    Size  Location     Type
		None
 Auto vars:     Size  Location     Type
  dutyCicle       2    0[BANK1 ] int 
 Return value:  Size  Location     Type
                  2  140[None  ] int 
 Registers used:
		wreg, status,2, status,0, btemp+1, pclath, cstack
 Tracked objects:
		On entry : 
		On exit  : 
		Unchanged: 
 Data sizes:     COMMON   BANK0   BANK1   BANK3   BANK2
      Params:         0       0       0       0       0
      Locals:         0       0       2       0       0
      Temps:          0       2       0       0       0
      Totals:         0       2       2       0       0
Total ram usage:        4 bytes
 Hardware stack levels required when called:    5
 This function calls:
		_PWM_DutyCycle
		_system_Initialize
 This function is called by:
		Startup code after reset
 This function uses a non-reentrant model


 *************** function _system_Initialize *****************
 Defined at:
		line 10 in file "SYST_Init.c"
 Parameters:    Size  Location     Type
		None
 Auto vars:     Size  Location     Type
		None
 Return value:  Size  Location     Type
                  1    wreg      void 
 Registers used:
		wreg, status,2, status,0, pclath, cstack
 Tracked objects:
		On entry : 
		On exit  : 
		Unchanged: 
 Data sizes:     COMMON   BANK0   BANK1   BANK3   BANK2
      Params:         0       0       0       0       0
      Locals:         0       0       0       0       0
      Temps:          0       0       0       0       0
      Totals:         0       0       0       0       0
Total ram usage:        0 bytes
 Hardware stack levels used:    1
 Hardware stack levels required when called:    4
 This function calls:
		_Interrupt_Init
		_Lcd_Init
		_Oscillator_Init
		_PWM_DutyCycle
		_PWM_Init
		_UART_Init
		_pinManager
 This function is called by:
		_main
 This function uses a non-reentrant model


 *************** function _pinManager *****************
 Defined at:
		line 19 in file "pin_Manager.c"
 Parameters:    Size  Location     Type
		None
 Auto vars:     Size  Location     Type
		None
 Return value:  Size  Location     Type
                  1    wreg      void 
 Registers used:
		status,2
 Tracked objects:
		On entry : 
		On exit  : 
		Unchanged: 
 Data sizes:     COMMON   BANK0   BANK1   BANK3   BANK2
      Params:         0       0       0       0       0
      Locals:         0       0       0       0       0
      Temps:          0       0       0       0       0
      Totals:         0       0       0       0       0
Total ram usage:        0 bytes
 Hardware stack levels used:    1
 Hardware stack levels required when called:    1
 This function calls:
		Nothing
 This function is called by:
		_system_Initialize
 This function uses a non-reentrant model


 *************** function _UART_Init *****************
 Defined at:
		line 10 in file "uart_Init.c"
 Parameters:    Size  Location     Type
  baudRate        4   25[BANK0 ] unsigned long 
 Auto vars:     Size  Location     Type
		None
 Return value:  Size  Location     Type
                  1    wreg      void 
 Registers used:
		wreg, status,2, status,0, pclath, cstack
 Tracked objects:
		On entry : 
		On exit  : 
		Unchanged: 
 Data sizes:     COMMON   BANK0   BANK1   BANK3   BANK2
      Params:         0       4       0       0       0
      Locals:         0       0       0       0       0
      Temps:          0       4       0       0       0
      Totals:         0       8       0       0       0
Total ram usage:        8 bytes
 Hardware stack levels used:    1
 Hardware stack levels required when called:    2
 This function calls:
		___lldiv
 This function is called by:
		_system_Initialize
 This function uses a non-reentrant model


 *************** function _PWM_Init *****************
 Defined at:
		line 14 in file "pwm_Init.c"
 Parameters:    Size  Location     Type
  iFrequency      4   25[BANK0 ] unsigned long 
 Auto vars:     Size  Location     Type
		None
 Return value:  Size  Location     Type
                  1    wreg      void 
 Registers used:
		wreg, status,2, status,0, pclath, cstack
 Tracked objects:
		On entry : 
		On exit  : 
		Unchanged: 
 Data sizes:     COMMON   BANK0   BANK1   BANK3   BANK2
      Params:         0       4       0       0       0
      Locals:         0       0       0       0       0
      Temps:          0       4       0       0       0
      Totals:         0       8       0       0       0
Total ram usage:        8 bytes
 Hardware stack levels used:    1
 Hardware stack levels required when called:    2
 This function calls:
		___lldiv
 This function is called by:
		_system_Initialize
 This function uses a non-reentrant model


 *************** function _PWM_DutyCycle *****************
 Defined at:
		line 30 in file "pwm_Init.c"
 Parameters:    Size  Location     Type
  iDutyCycle      4   25[BANK0 ] unsigned long 
 Auto vars:     Size  Location     Type
		None
 Return value:  Size  Location     Type
                  1    wreg      void 
 Registers used:
		wreg, status,2, status,0, pclath, cstack
 Tracked objects:
		On entry : 
		On exit  : 
		Unchanged: 
 Data sizes:     COMMON   BANK0   BANK1   BANK3   BANK2
      Params:         0       4       0       0       0
      Locals:         0       0       0       0       0
      Temps:          0       4       0       0       0
      Totals:         0       8       0       0       0
Total ram usage:        8 bytes
 Hardware stack levels used:    1
 Hardware stack levels required when called:    2
 This function calls:
		___lldiv
		___lmul
 This function is called by:
		_main
		_system_Initialize
 This function uses a non-reentrant model


 *************** function ___lmul *****************
 Defined at:
		line 15 in file "C:\Program Files (x86)\Microchip\xc8\v1.45\sources\common\Umul32.c"
 Parameters:    Size  Location     Type
  multiplier      4    0[BANK0 ] unsigned long 
  multiplicand    4    4[BANK0 ] unsigned long 
 Auto vars:     Size  Location     Type
  product         4    8[BANK0 ] unsigned long 
 Return value:  Size  Location     Type
                  4    0[BANK0 ] unsigned long 
 Registers used:
		wreg, status,2, status,0
 Tracked objects:
		On entry : 
		On exit  : 
		Unchanged: 
 Data sizes:     COMMON   BANK0   BANK1   BANK3   BANK2
      Params:         0       8       0       0       0
      Locals:         0       4       0       0       0
      Temps:          1       0       0       0       0
      Totals:         1      12       0       0       0
Total ram usage:       13 bytes
 Hardware stack levels used:    1
 Hardware stack levels required when called:    1
 This function calls:
		Nothing
 This function is called by:
		_PWM_DutyCycle
 This function uses a non-reentrant model


 *************** function ___lldiv *****************
 Defined at:
		line 6 in file "C:\Program Files (x86)\Microchip\xc8\v1.45\sources\common\lldiv.c"
 Parameters:    Size  Location     Type
  divisor         4   12[BANK0 ] unsigned long 
  dividend        4   16[BANK0 ] unsigned long 
 Auto vars:     Size  Location     Type
  quotient        4   20[BANK0 ] unsigned long 
  counter         1   24[BANK0 ] unsigned char 
 Return value:  Size  Location     Type
                  4   12[BANK0 ] unsigned long 
 Registers used:
		wreg, status,2, status,0
 Tracked objects:
		On entry : 
		On exit  : 
		Unchanged: 
 Data sizes:     COMMON   BANK0   BANK1   BANK3   BANK2
      Params:         0       8       0       0       0
      Locals:         0       5       0       0       0
      Temps:          1       0       0       0       0
      Totals:         1      13       0       0       0
Total ram usage:       14 bytes
 Hardware stack levels used:    1
 Hardware stack levels required when called:    1
 This function calls:
		Nothing
 This function is called by:
		_PWM_Init
		_PWM_DutyCycle
		_UART_Init
		_sprintf
 This function uses a non-reentrant model


 *************** function _Oscillator_Init *****************
 Defined at:
		line 23 in file "SYST_Init.c"
 Parameters:    Size  Location     Type
		None
 Auto vars:     Size  Location     Type
		None
 Return value:  Size  Location     Type
                  1    wreg      void 
 Registers used:
		wreg, status,2
 Tracked objects:
		On entry : 
		On exit  : 
		Unchanged: 
 Data sizes:     COMMON   BANK0   BANK1   BANK3   BANK2
      Params:         0       0       0       0       0
      Locals:         0       0       0       0       0
      Temps:          0       0       0       0       0
      Totals:         0       0       0       0       0
Total ram usage:        0 bytes
 Hardware stack levels used:    1
 Hardware stack levels required when called:    1
 This function calls:
		Nothing
 This function is called by:
		_system_Initialize
 This function uses a non-reentrant model


 *************** function _Lcd_Init *****************
 Defined at:
		line 62 in file "lcd_Config.c"
 Parameters:    Size  Location     Type
		None
 Auto vars:     Size  Location     Type
		None
 Return value:  Size  Location     Type
                  1    wreg      void 
 Registers used:
		wreg, status,2, status,0, pclath, cstack
 Tracked objects:
		On entry : 
		On exit  : 
		Unchanged: 
 Data sizes:     COMMON   BANK0   BANK1   BANK3   BANK2
      Params:         0       0       0       0       0
      Locals:         0       0       0       0       0
      Temps:          0       2       0       0       0
      Totals:         0       2       0       0       0
Total ram usage:        2 bytes
 Hardware stack levels used:    1
 Hardware stack levels required when called:    3
 This function calls:
		_Lcd_Cmd
		_Lcd_Port
 This function is called by:
		_system_Initialize
 This function uses a non-reentrant model


 *************** function _Lcd_Cmd *****************
 Defined at:
		line 32 in file "lcd_Config.c"
 Parameters:    Size  Location     Type
  a               1    wreg     unsigned char 
 Auto vars:     Size  Location     Type
  a               1    5[COMMON] unsigned char 
 Return value:  Size  Location     Type
                  1    wreg      void 
 Registers used:
		wreg, status,2, status,0, pclath, cstack
 Tracked objects:
		On entry : 
		On exit  : 
		Unchanged: 
 Data sizes:     COMMON   BANK0   BANK1   BANK3   BANK2
      Params:         0       0       0       0       0
      Locals:         1       0       0       0       0
      Temps:          0       2       0       0       0
      Totals:         1       2       0       0       0
Total ram usage:        3 bytes
 Hardware stack levels used:    1
 Hardware stack levels required when called:    2
 This function calls:
		_Lcd_Port
 This function is called by:
		_Lcd_Init
		_Lcd_Clear
		_Lcd_Set_Cursor
		_Lcd_Shift_Right
		_Lcd_Shift_Left
 This function uses a non-reentrant model


 *************** function _Lcd_Port *****************
 Defined at:
		line 10 in file "lcd_Config.c"
 Parameters:    Size  Location     Type
  a               1    wreg     unsigned char 
 Auto vars:     Size  Location     Type
  a               1    4[COMMON] unsigned char 
 Return value:  Size  Location     Type
                  1    wreg      void 
 Registers used:
		wreg
 Tracked objects:
		On entry : 
		On exit  : 
		Unchanged: 
 Data sizes:     COMMON   BANK0   BANK1   BANK3   BANK2
      Params:         0       0       0       0       0
      Locals:         1       0       0       0       0
      Temps:          0       0       0       0       0
      Totals:         1       0       0       0       0
Total ram usage:        1 bytes
 Hardware stack levels used:    1
 Hardware stack levels required when called:    1
 This function calls:
		Nothing
 This function is called by:
		_Lcd_Cmd
		_Lcd_Init
		_Lcd_Write_Char
 This function uses a non-reentrant model


 *************** function _Interrupt_Init *****************
 Defined at:
		line 10 in file "interrupt_Init.c"
 Parameters:    Size  Location     Type
		None
 Auto vars:     Size  Location     Type
		None
 Return value:  Size  Location     Type
                  1    wreg      void 
 Registers used:
		None
 Tracked objects:
		On entry : 
		On exit  : 
		Unchanged: 
 Data sizes:     COMMON   BANK0   BANK1   BANK3   BANK2
      Params:         0       0       0       0       0
      Locals:         0       0       0       0       0
      Temps:          0       0       0       0       0
      Totals:         0       0       0       0       0
Total ram usage:        0 bytes
 Hardware stack levels used:    1
 Hardware stack levels required when called:    1
 This function calls:
		Nothing
 This function is called by:
		_system_Initialize
 This function uses a non-reentrant model


 *************** function _ISR *****************
 Defined at:
		line 25 in file "interrupt_Init.c"
 Parameters:    Size  Location     Type
		None
 Auto vars:     Size  Location     Type
		None
 Return value:  Size  Location     Type
                  1    wreg      void 
 Registers used:
		None
 Tracked objects:
		On entry : 
		On exit  : 
		Unchanged: 
 Data sizes:     COMMON   BANK0   BANK1   BANK3   BANK2
      Params:         0       0       0       0       0
      Locals:         0       0       0       0       0
      Temps:          4       0       0       0       0
      Totals:         4       0       0       0       0
Total ram usage:        4 bytes
 Hardware stack levels used:    1
 This function calls:
		Nothing
 This function is called by:
		Interrupt level 1
 This function uses a non-reentrant model



MODULE INFORMATION

Module		Function		Class		Link	Load	Size
pin_Manager.c
		_pinManager    		CODE           	0399	0000	47

pin_Manager.c estimated size: 47

SYST_Init.c
		_system_Initialize		CODE           	02E6	0000	65
		_Oscillator_Init		CODE           	043D	0000	7

SYST_Init.c estimated size: 72

pwm_Init.c
		_PWM_DutyCycle 		CODE           	00EC	0000	112
		_PWM_Init      		CODE           	0260	0000	70

pwm_Init.c estimated size: 182

uart_Init.c
		_UART_Init     		CODE           	021B	0000	70

uart_Init.c estimated size: 70

C:\Program Files (x86)\Microchip\xc8\v1.45\sources\common\Umul32.c
		___lmul        		CODE           	02A5	0000	66

C:\Program Files (x86)\Microchip\xc8\v1.45\sources\common\Umul32.c estimated size: 66

lcd_Config.c
		_Lcd_Init      		CODE           	01BB	0000	97
		_Lcd_Cmd       		CODE           	03C7	0000	29
		_Lcd_Port      		CODE           	03E3	0000	27

lcd_Config.c estimated size: 153

shared
		__stringtab    		STRING         	0050	0000	17
		__powers_      		STRING         	0088	0000	40
		_dpowers       		STRING         	0060	0000	41
		__npowers_     		STRING         	00AF	0000	40
		__initialization		CODE           	0015	0000	56

shared estimated size: 194

C:\Program Files (x86)\Microchip\xc8\v1.45\sources\common\lldiv.c
		___lldiv       		CODE           	015B	0000	97

C:\Program Files (x86)\Microchip\xc8\v1.45\sources\common\lldiv.c estimated size: 97

main.c
		_main          		CODE           	0326	0000	62

main.c estimated size: 62

interrupt_Init.c
		_ISR           		CODE           	0426	0000	16
		_Interrupt_Init		CODE           	0443	0000	4

interrupt_Init.c estimated size: 20

